Blender 4.5.9 LTS (hash 8bf95cbd38d1 built 2026-04-21 01:30:46)
Read blend: "/Users/chikumatsuboi/Code/animal-racers-western/assets/source/western/licensed-wolf-review/source/dog2.blend"
Warning: region type 4 missing in space type "Info" (id: 7) - removing region
Fra:2 Mem:10.09M (Peak 25.60M) | Time:00:00.00 | Mem:0.00M, Peak:0.00M | Scene, RenderLayer | Synchronizing object | dog2
Fra:2 Mem:10.09M (Peak 25.60M) | Time:00:00.00 | Mem:0.00M, Peak:0.00M | Scene, RenderLayer | Synchronizing object | Research area light.002
Fra:2 Mem:10.09M (Peak 25.60M) | Time:00:00.00 | Mem:0.00M, Peak:0.00M | Scene, RenderLayer | Synchronizing object | Research area light.001
Fra:2 Mem:10.10M (Peak 25.60M) | Time:00:00.00 | Mem:0.00M, Peak:0.00M | Scene, RenderLayer | Synchronizing object | Research area light
Fra:2 Mem:12.84M (Peak 25.60M) | Time:00:00.00 | Mem:0.00M, Peak:0.00M | Scene, RenderLayer | Initializing
Fra:2 Mem:12.04M (Peak 25.60M) | Time:00:00.00 | Mem:0.00M, Peak:0.00M | Scene, RenderLayer | Waiting for render to start
Fra:2 Mem:12.04M (Peak 25.60M) | Time:00:00.00 | Mem:0.00M, Peak:0.00M | Scene, RenderLayer | Updating Scene
Fra:2 Mem:12.04M (Peak 25.60M) | Time:00:00.00 | Mem:0.00M, Peak:0.00M | Scene, RenderLayer | Updating Shaders
Fra:2 Mem:12.04M (Peak 25.60M) | Time:00:00.00 | Mem:0.00M, Peak:0.00M | Scene, RenderLayer | Loading render kernels (may take a few minutes the first time)
Fra:2 Mem:12.13M (Peak 25.60M) | Time:00:00.00 | Mem:0.00M, Peak:0.00M | Scene, RenderLayer | Updating Procedurals
Fra:2 Mem:12.13M (Peak 25.60M) | Time:00:00.00 | Mem:0.00M, Peak:0.00M | Scene, RenderLayer | Updating Background
Fra:2 Mem:12.13M (Peak 25.60M) | Time:00:00.00 | Mem:0.00M, Peak:0.00M | Scene, RenderLayer | Updating Camera
Fra:2 Mem:12.13M (Peak 25.60M) | Time:00:00.00 | Mem:0.00M, Peak:0.00M | Scene, RenderLayer | Updating Meshes Flags
Fra:2 Mem:12.13M (Peak 25.60M) | Time:00:00.00 | Mem:0.00M, Peak:0.00M | Scene, RenderLayer | Updating Objects
Fra:2 Mem:12.13M (Peak 25.60M) | Time:00:00.00 | Mem:0.00M, Peak:0.00M | Scene, RenderLayer | Updating Objects | Copying Transformations to device
Fra:2 Mem:12.13M (Peak 25.60M) | Time:00:00.00 | Mem:0.00M, Peak:0.00M | Scene, RenderLayer | Updating Particle Systems
Fra:2 Mem:12.13M (Peak 25.60M) | Time:00:00.00 | Mem:0.00M, Peak:0.00M | Scene, RenderLayer | Updating Particle Systems | Copying Particles to device
Fra:2 Mem:12.13M (Peak 25.60M) | Time:00:00.00 | Mem:0.00M, Peak:0.00M | Scene, RenderLayer | Updating Meshes
Fra:2 Mem:12.43M (Peak 25.60M) | Time:00:00.01 | Mem:0.00M, Peak:0.00M | Scene, RenderLayer | Updating Objects | Applying Static Transformations
Fra:2 Mem:12.43M (Peak 25.60M) | Time:00:00.01 | Mem:0.00M, Peak:0.00M | Scene, RenderLayer | Updating Mesh | Computing attributes
Fra:2 Mem:12.84M (Peak 25.60M) | Time:00:00.01 | Mem:0.00M, Peak:0.00M | Scene, RenderLayer | Updating Mesh | Copying Attributes to device
Fra:2 Mem:12.84M (Peak 25.60M) | Time:00:00.01 | Mem:0.40M, Peak:0.40M | Scene, RenderLayer | Updating Scene BVH | Building
Fra:2 Mem:12.84M (Peak 25.60M) | Time:00:00.01 | Mem:0.40M, Peak:0.40M | Scene, RenderLayer | Updating Scene BVH | Building BVH
Fra:2 Mem:12.84M (Peak 25.60M) | Time:00:00.01 | Mem:0.57M, Peak:0.57M | Scene, RenderLayer | Updating Scene BVH | Building BVH 0%
Fra:2 Mem:12.84M (Peak 25.60M) | Time:00:00.01 | Mem:0.75M, Peak:0.91M | Scene, RenderLayer | Updating Scene BVH | Copying BVH to device
Fra:2 Mem:12.84M (Peak 25.60M) | Time:00:00.01 | Mem:0.75M, Peak:0.91M | Scene, RenderLayer | Updating Mesh | Computing normals
Fra:2 Mem:12.98M (Peak 25.60M) | Time:00:00.01 | Mem:0.75M, Peak:0.91M | Scene, RenderLayer | Updating Mesh | Copying Mesh to device
Fra:2 Mem:12.98M (Peak 25.60M) | Time:00:00.01 | Mem:0.90M, Peak:0.91M | Scene, RenderLayer | Updating Objects Flags
Fra:2 Mem:12.98M (Peak 25.60M) | Time:00:00.01 | Mem:0.90M, Peak:0.91M | Scene, RenderLayer | Updating Primitive Offsets
Fra:2 Mem:12.98M (Peak 25.60M) | Time:00:00.01 | Mem:0.90M, Peak:0.91M | Scene, RenderLayer | Updating Images
Fra:2 Mem:12.98M (Peak 25.60M) | Time:00:00.01 | Mem:0.90M, Peak:0.91M | Scene, RenderLayer | Updating Images | Loading dog2specular.png
Fra:2 Mem:13.98M (Peak 25.60M) | Time:00:00.01 | Mem:0.90M, Peak:0.91M | Scene, RenderLayer | Updating Images | Loading dog2Color.png
Fra:2 Mem:18.00M (Peak 25.60M) | Time:00:00.01 | Mem:1.90M, Peak:1.90M | Scene, RenderLayer | Updating Images | Loading dog2Normal.png
Fra:2 Mem:22.00M (Peak 25.60M) | Time:00:00.02 | Mem:5.90M, Peak:5.90M | Scene, RenderLayer | Updating Images | Loading dog2Roughness.png
Fra:2 Mem:23.00M (Peak 25.60M) | Time:00:00.03 | Mem:10.90M, Peak:10.90M | Scene, RenderLayer | Updating Camera Volume
Fra:2 Mem:23.00M (Peak 25.60M) | Time:00:00.03 | Mem:10.90M, Peak:10.90M | Scene, RenderLayer | Updating Lookup Tables
Fra:2 Mem:23.00M (Peak 25.60M) | Time:00:00.03 | Mem:10.98M, Peak:10.98M | Scene, RenderLayer | Updating Lights
Fra:2 Mem:23.00M (Peak 25.60M) | Time:00:00.03 | Mem:10.98M, Peak:10.98M | Scene, RenderLayer | Updating Lights | Computing distribution
Fra:2 Mem:23.00M (Peak 25.60M) | Time:00:00.03 | Mem:10.98M, Peak:10.98M | Scene, RenderLayer | Updating Integrator
Fra:2 Mem:24.00M (Peak 25.60M) | Time:00:00.03 | Mem:11.98M, Peak:11.98M | Scene, RenderLayer | Updating Film
Fra:2 Mem:24.00M (Peak 25.60M) | Time:00:00.03 | Mem:11.90M, Peak:11.98M | Scene, RenderLayer | Updating Lookup Tables
Fra:2 Mem:24.00M (Peak 25.60M) | Time:00:00.03 | Mem:11.98M, Peak:11.98M | Scene, RenderLayer | Updating Baking
Fra:2 Mem:24.00M (Peak 25.60M) | Time:00:00.03 | Mem:11.98M, Peak:11.98M | Scene, RenderLayer | Updating Device | Writing constant memory
Fra:2 Mem:24.00M (Peak 25.60M) | Time:00:00.03 | Mem:11.98M, Peak:11.98M | Scene, RenderLayer | Loading denoising kernels (may take a few minutes the first time)
Fra:2 Mem:24.00M (Peak 25.60M) | Time:00:00.03 | Mem:11.98M, Peak:11.98M | Scene, RenderLayer | Sample 0/8
Fra:2 Mem:39.03M (Peak 39.03M) | Time:00:00.06 | Remaining:00:00.23 | Mem:26.99M, Peak:26.99M | Scene, RenderLayer | Sample 1/8
Fra:2 Mem:48.03M (Peak 61.03M) | Time:00:01.18 | Mem:26.99M, Peak:26.99M | Scene, RenderLayer | Sample 8/8
Fra:2 Mem:48.03M (Peak 61.03M) | Time:00:01.18 | Mem:26.99M, Peak:26.99M | Scene, RenderLayer | Finished
Saved: '/Users/chikumatsuboi/Code/animal-racers-western/assets/source/western/licensed-wolf-review/qa/rest-side.png'
Time: 00:01.24 (Saving: 00:00.05)

WOLF_STILL_COMPLETE side
Fra:2 Mem:12.19M (Peak 12.19M) | Time:00:00.00 | Mem:0.00M, Peak:0.00M | Scene, RenderLayer | Synchronizing object | dog2
Fra:2 Mem:12.19M (Peak 12.19M) | Time:00:00.00 | Mem:0.00M, Peak:0.00M | Scene, RenderLayer | Synchronizing object | Research area light.002
Fra:2 Mem:12.20M (Peak 12.20M) | Time:00:00.00 | Mem:0.00M, Peak:0.00M | Scene, RenderLayer | Synchronizing object | Research area light.001
Fra:2 Mem:12.20M (Peak 12.20M) | Time:00:00.00 | Mem:0.00M, Peak:0.00M | Scene, RenderLayer | Synchronizing object | Research area light
Fra:2 Mem:12.84M (Peak 12.84M) | Time:00:00.00 | Mem:0.00M, Peak:0.00M | Scene, RenderLayer | Initializing
Fra:2 Mem:12.04M (Peak 12.84M) | Time:00:00.00 | Mem:0.00M, Peak:0.00M | Scene, RenderLayer | Waiting for render to start
Fra:2 Mem:12.04M (Peak 12.84M) | Time:00:00.00 | Mem:0.00M, Peak:0.00M | Scene, RenderLayer | Updating Scene
Fra:2 Mem:12.04M (Peak 12.84M) | Time:00:00.00 | Mem:0.00M, Peak:0.00M | Scene, RenderLayer | Updating Shaders
Fra:2 Mem:12.04M (Peak 12.84M) | Time:00:00.00 | Mem:0.00M, Peak:0.00M | Scene, RenderLayer | Loading render kernels (may take a few minutes the first time)
Fra:2 Mem:12.13M (Peak 12.84M) | Time:00:00.00 | Mem:0.00M, Peak:0.00M | Scene, RenderLayer | Updating Procedurals
Fra:2 Mem:12.13M (Peak 12.84M) | Time:00:00.00 | Mem:0.00M, Peak:0.00M | Scene, RenderLayer | Updating Background
Fra:2 Mem:12.13M (Peak 12.84M) | Time:00:00.00 | Mem:0.00M, Peak:0.00M | Scene, RenderLayer | Updating Camera
Fra:2 Mem:12.13M (Peak 12.84M) | Time:00:00.00 | Mem:0.00M, Peak:0.00M | Scene, RenderLayer | Updating Meshes Flags
Fra:2 Mem:12.13M (Peak 12.84M) | Time:00:00.00 | Mem:0.00M, Peak:0.00M | Scene, RenderLayer | Updating Objects
Fra:2 Mem:12.13M (Peak 12.84M) | Time:00:00.00 | Mem:0.00M, Peak:0.00M | Scene, RenderLayer | Updating Objects | Copying Transformations to device
Fra:2 Mem:12.13M (Peak 12.84M) | Time:00:00.00 | Mem:0.00M, Peak:0.00M | Scene, RenderLayer | Updating Particle Systems
Fra:2 Mem:12.13M (Peak 12.84M) | Time:00:00.00 | Mem:0.00M, Peak:0.00M | Scene, RenderLayer | Updating Particle Systems | Copying Particles to device
Fra:2 Mem:12.13M (Peak 12.84M) | Time:00:00.00 | Mem:0.00M, Peak:0.00M | Scene, RenderLayer | Updating Meshes
Fra:2 Mem:12.43M (Peak 12.84M) | Time:00:00.00 | Mem:0.00M, Peak:0.00M | Scene, RenderLayer | Updating Objects | Applying Static Transformations
Fra:2 Mem:12.43M (Peak 12.84M) | Time:00:00.00 | Mem:0.00M, Peak:0.00M | Scene, RenderLayer | Updating Mesh | Computing attributes
Fra:2 Mem:12.84M (Peak 12.84M) | Time:00:00.00 | Mem:0.00M, Peak:0.00M | Scene, RenderLayer | Updating Mesh | Copying Attributes to device
Fra:2 Mem:12.84M (Peak 12.84M) | Time:00:00.00 | Mem:0.40M, Peak:0.40M | Scene, RenderLayer | Updating Scene BVH | Building
Fra:2 Mem:12.84M (Peak 12.84M) | Time:00:00.00 | Mem:0.40M, Peak:0.40M | Scene, RenderLayer | Updating Scene BVH | Building BVH
Fra:2 Mem:12.84M (Peak 12.84M) | Time:00:00.00 | Mem:0.57M, Peak:0.57M | Scene, RenderLayer | Updating Scene BVH | Building BVH 0%
Fra:2 Mem:12.84M (Peak 12.84M) | Time:00:00.00 | Mem:0.75M, Peak:0.91M | Scene, RenderLayer | Updating Scene BVH | Copying BVH to device
Fra:2 Mem:12.84M (Peak 12.84M) | Time:00:00.00 | Mem:0.75M, Peak:0.91M | Scene, RenderLayer | Updating Mesh | Computing normals
Fra:2 Mem:12.98M (Peak 12.98M) | Time:00:00.00 | Mem:0.75M, Peak:0.91M | Scene, RenderLayer | Updating Mesh | Copying Mesh to device
Fra:2 Mem:12.98M (Peak 12.98M) | Time:00:00.00 | Mem:0.90M, Peak:0.91M | Scene, RenderLayer | Updating Objects Flags
Fra:2 Mem:12.98M (Peak 12.98M) | Time:00:00.00 | Mem:0.90M, Peak:0.91M | Scene, RenderLayer | Updating Primitive Offsets
Fra:2 Mem:12.98M (Peak 12.98M) | Time:00:00.00 | Mem:0.90M, Peak:0.91M | Scene, RenderLayer | Updating Images
Fra:2 Mem:12.98M (Peak 12.98M) | Time:00:00.00 | Mem:0.90M, Peak:0.91M | Scene, RenderLayer | Updating Images | Loading dog2specular.png
Fra:2 Mem:13.98M (Peak 13.98M) | Time:00:00.00 | Mem:0.90M, Peak:0.91M | Scene, RenderLayer | Updating Images | Loading dog2Color.png
Fra:2 Mem:18.00M (Peak 18.00M) | Time:00:00.00 | Mem:1.90M, Peak:1.90M | Scene, RenderLayer | Updating Images | Loading dog2Normal.png
Fra:2 Mem:22.00M (Peak 22.00M) | Time:00:00.01 | Mem:5.90M, Peak:5.90M | Scene, RenderLayer | Updating Images | Loading dog2Roughness.png
Fra:2 Mem:23.00M (Peak 23.00M) | Time:00:00.02 | Mem:10.90M, Peak:10.90M | Scene, RenderLayer | Updating Camera Volume
Fra:2 Mem:23.00M (Peak 23.00M) | Time:00:00.02 | Mem:10.90M, Peak:10.90M | Scene, RenderLayer | Updating Lookup Tables
Fra:2 Mem:23.00M (Peak 23.00M) | Time:00:00.02 | Mem:10.98M, Peak:10.98M | Scene, RenderLayer | Updating Lights
Fra:2 Mem:23.00M (Peak 23.00M) | Time:00:00.02 | Mem:10.98M, Peak:10.98M | Scene, RenderLayer | Updating Lights | Computing distribution
Fra:2 Mem:23.00M (Peak 23.00M) | Time:00:00.02 | Mem:10.98M, Peak:10.98M | Scene, RenderLayer | Updating Integrator
Fra:2 Mem:24.00M (Peak 24.00M) | Time:00:00.02 | Mem:11.98M, Peak:11.98M | Scene, RenderLayer | Updating Film
Fra:2 Mem:24.00M (Peak 24.00M) | Time:00:00.02 | Mem:11.90M, Peak:11.98M | Scene, RenderLayer | Updating Lookup Tables
Fra:2 Mem:24.00M (Peak 24.00M) | Time:00:00.02 | Mem:11.98M, Peak:11.98M | Scene, RenderLayer | Updating Baking
Fra:2 Mem:24.00M (Peak 24.00M) | Time:00:00.02 | Mem:11.98M, Peak:11.98M | Scene, RenderLayer | Updating Device | Writing constant memory
Fra:2 Mem:24.00M (Peak 24.00M) | Time:00:00.02 | Mem:11.98M, Peak:11.98M | Scene, RenderLayer | Loading denoising kernels (may take a few minutes the first time)
Fra:2 Mem:24.00M (Peak 24.00M) | Time:00:00.02 | Mem:11.98M, Peak:11.98M | Scene, RenderLayer | Sample 0/8
Fra:2 Mem:39.03M (Peak 39.03M) | Time:00:00.04 | Remaining:00:00.18 | Mem:26.99M, Peak:26.99M | Scene, RenderLayer | Sample 1/8
Fra:2 Mem:48.03M (Peak 61.03M) | Time:00:01.14 | Mem:26.99M, Peak:26.99M | Scene, RenderLayer | Sample 8/8
Fra:2 Mem:48.03M (Peak 61.03M) | Time:00:01.14 | Mem:26.99M, Peak:26.99M | Scene, RenderLayer | Finished
Saved: '/Users/chikumatsuboi/Code/animal-racers-western/assets/source/western/licensed-wolf-review/qa/rest-three-quarter.png'
Time: 00:01.16 (Saving: 00:00.01)

WOLF_STILL_COMPLETE three-quarter
Saved: '/Users/chikumatsuboi/Code/animal-racers-western/assets/source/western/licensed-wolf-review/qa/probe-frames/0000.png'
Time: 00:00.47 (Saving: 00:00.00)

Saved: '/Users/chikumatsuboi/Code/animal-racers-western/assets/source/western/licensed-wolf-review/qa/probe-frames/0001.png'
Time: 00:00.01 (Saving: 00:00.00)

Saved: '/Users/chikumatsuboi/Code/animal-racers-western/assets/source/western/licensed-wolf-review/qa/probe-frames/0002.png'
Time: 00:00.01 (Saving: 00:00.00)

Saved: '/Users/chikumatsuboi/Code/animal-racers-western/assets/source/western/licensed-wolf-review/qa/probe-frames/0003.png'
Time: 00:00.01 (Saving: 00:00.00)

Saved: '/Users/chikumatsuboi/Code/animal-racers-western/assets/source/western/licensed-wolf-review/qa/probe-frames/0004.png'
Time: 00:00.01 (Saving: 00:00.00)

Saved: '/Users/chikumatsuboi/Code/animal-racers-western/assets/source/western/licensed-wolf-review/qa/probe-frames/0005.png'
Time: 00:00.01 (Saving: 00:00.00)

Saved: '/Users/chikumatsuboi/Code/animal-racers-western/assets/source/western/licensed-wolf-review/qa/probe-frames/0006.png'
Time: 00:00.01 (Saving: 00:00.00)

Saved: '/Users/chikumatsuboi/Code/animal-racers-western/assets/source/western/licensed-wolf-review/qa/probe-frames/0007.png'
Time: 00:00.01 (Saving: 00:00.00)

Saved: '/Users/chikumatsuboi/Code/animal-racers-western/assets/source/western/licensed-wolf-review/qa/probe-frames/0008.png'
Time: 00:00.01 (Saving: 00:00.00)

Saved: '/Users/chikumatsuboi/Code/animal-racers-western/assets/source/western/licensed-wolf-review/qa/probe-frames/0009.png'
Time: 00:00.01 (Saving: 00:00.00)

Saved: '/Users/chikumatsuboi/Code/animal-racers-western/assets/source/western/licensed-wolf-review/qa/probe-frames/0010.png'
Time: 00:00.01 (Saving: 00:00.00)

Saved: '/Users/chikumatsuboi/Code/animal-racers-western/assets/source/western/licensed-wolf-review/qa/probe-frames/0011.png'
Time: 00:00.01 (Saving: 00:00.00)

Saved: '/Users/chikumatsuboi/Code/animal-racers-western/assets/source/western/licensed-wolf-review/qa/probe-frames/0012.png'
Time: 00:00.01 (Saving: 00:00.00)

Saved: '/Users/chikumatsuboi/Code/animal-racers-western/assets/source/western/licensed-wolf-review/qa/probe-frames/0013.png'
Time: 00:00.01 (Saving: 00:00.00)

Saved: '/Users/chikumatsuboi/Code/animal-racers-western/assets/source/western/licensed-wolf-review/qa/probe-frames/0014.png'
Time: 00:00.01 (Saving: 00:00.00)

Saved: '/Users/chikumatsuboi/Code/animal-racers-western/assets/source/western/licensed-wolf-review/qa/probe-frames/0015.png'
Time: 00:00.01 (Saving: 00:00.00)

Saved: '/Users/chikumatsuboi/Code/animal-racers-western/assets/source/western/licensed-wolf-review/qa/probe-frames/0016.png'
Time: 00:00.01 (Saving: 00:00.00)

Saved: '/Users/chikumatsuboi/Code/animal-racers-western/assets/source/western/licensed-wolf-review/qa/probe-frames/0017.png'
Time: 00:00.01 (Saving: 00:00.00)

Saved: '/Users/chikumatsuboi/Code/animal-racers-western/assets/source/western/licensed-wolf-review/qa/probe-frames/0018.png'
Time: 00:00.01 (Saving: 00:00.00)

Saved: '/Users/chikumatsuboi/Code/animal-racers-western/assets/source/western/licensed-wolf-review/qa/probe-frames/0019.png'
Time: 00:00.01 (Saving: 00:00.00)

Saved: '/Users/chikumatsuboi/Code/animal-racers-western/assets/source/western/licensed-wolf-review/qa/probe-frames/0020.png'
Time: 00:00.01 (Saving: 00:00.00)

Saved: '/Users/chikumatsuboi/Code/animal-racers-western/assets/source/western/licensed-wolf-review/qa/probe-frames/0021.png'
Time: 00:00.01 (Saving: 00:00.00)

Saved: '/Users/chikumatsuboi/Code/animal-racers-western/assets/source/western/licensed-wolf-review/qa/probe-frames/0022.png'
Time: 00:00.01 (Saving: 00:00.00)

Saved: '/Users/chikumatsuboi/Code/animal-racers-western/assets/source/western/licensed-wolf-review/qa/probe-frames/0023.png'
Time: 00:00.01 (Saving: 00:00.00)

Saved: '/Users/chikumatsuboi/Code/animal-racers-western/assets/source/western/licensed-wolf-review/qa/probe-frames/0024.png'
Time: 00:00.01 (Saving: 00:00.00)

Saved: '/Users/chikumatsuboi/Code/animal-racers-western/assets/source/western/licensed-wolf-review/qa/probe-frames/0025.png'
Time: 00:00.02 (Saving: 00:00.00)

Saved: '/Users/chikumatsuboi/Code/animal-racers-western/assets/source/western/licensed-wolf-review/qa/probe-frames/0026.png'
Time: 00:00.01 (Saving: 00:00.00)

Saved: '/Users/chikumatsuboi/Code/animal-racers-western/assets/source/western/licensed-wolf-review/qa/probe-frames/0027.png'
Time: 00:00.01 (Saving: 00:00.00)

Saved: '/Users/chikumatsuboi/Code/animal-racers-western/assets/source/western/licensed-wolf-review/qa/probe-frames/0028.png'
Time: 00:00.02 (Saving: 00:00.00)

Saved: '/Users/chikumatsuboi/Code/animal-racers-western/assets/source/western/licensed-wolf-review/qa/probe-frames/0029.png'
Time: 00:00.01 (Saving: 00:00.00)

Saved: '/Users/chikumatsuboi/Code/animal-racers-western/assets/source/western/licensed-wolf-review/qa/probe-frames/0030.png'
Time: 00:00.02 (Saving: 00:00.01)

Saved: '/Users/chikumatsuboi/Code/animal-racers-western/assets/source/western/licensed-wolf-review/qa/probe-frames/0031.png'
Time: 00:00.01 (Saving: 00:00.00)

Saved: '/Users/chikumatsuboi/Code/animal-racers-western/assets/source/western/licensed-wolf-review/qa/probe-frames/0032.png'
Time: 00:00.01 (Saving: 00:00.00)

Saved: '/Users/chikumatsuboi/Code/animal-racers-western/assets/source/western/licensed-wolf-review/qa/probe-frames/0033.png'
Time: 00:00.01 (Saving: 00:00.00)

Saved: '/Users/chikumatsuboi/Code/animal-racers-western/assets/source/western/licensed-wolf-review/qa/probe-frames/0034.png'
Time: 00:00.01 (Saving: 00:00.00)

Saved: '/Users/chikumatsuboi/Code/animal-racers-western/assets/source/western/licensed-wolf-review/qa/probe-frames/0035.png'
Time: 00:00.01 (Saving: 00:00.00)

Saved: '/Users/chikumatsuboi/Code/animal-racers-western/assets/source/western/licensed-wolf-review/qa/probe-frames/0036.png'
Time: 00:00.01 (Saving: 00:00.00)

LICENSED_WOLF_BOUNDED_RENDER_DONE

Blender quit
