Info: Saved as "lion-upright.blend"
INFO Draco mesh compression is available, use library at /Users/chikumatsuboi/Applications/Blender-4.5.9.app/Contents/Resources/4.5/scripts/addons_core/io_scene_gltf2/libextern_draco.dylib
20:26:18 | INFO: Starting glTF 2.0 export
20:26:18 | INFO: Extracting primitive: Designed upright joint-loop topology
20:26:18 | WARNING: The active Vertex Color will not be exported, as it is not used in the node tree of the material
20:26:18 | INFO: Primitives created: 12
20:26:19 | INFO: Finished glTF 2.0 export in 0.46794915199279785 s

UPRIGHT_EXPORTED lion 1859936
Info: Saved as "wolf-upright.blend"
20:26:22 | INFO: Starting glTF 2.0 export
20:26:22 | INFO: Extracting primitive: Designed upright joint-loop topology
20:26:22 | WARNING: The active Vertex Color will not be exported, as it is not used in the node tree of the material
20:26:22 | INFO: Primitives created: 12
20:26:22 | INFO: Finished glTF 2.0 export in 0.4771900177001953 s

UPRIGHT_EXPORTED wolf 1453892
Info: Saved as "unicorn-upright.blend"
20:26:25 | INFO: Starting glTF 2.0 export
20:26:25 | INFO: Extracting primitive: Designed upright joint-loop topology
20:26:25 | WARNING: The active Vertex Color will not be exported, as it is not used in the node tree of the material
20:26:25 | INFO: Primitives created: 19
20:26:25 | INFO: Finished glTF 2.0 export in 0.44479823112487793 s

UPRIGHT_EXPORTED unicorn 1372948
Blender 4.5.9 LTS (hash 8bf95cbd38d1 built 2026-04-21 01:30:46)
Read blend: "/Users/chikumatsuboi/Code/animal-racers-western/assets/source/western/contact-v2/control/lion-upright.blend"
Read blend: "/Users/chikumatsuboi/Code/animal-racers-western/assets/source/western/contact-v2/v2b/inputs/lion.blend"
Read blend: "/Users/chikumatsuboi/Code/animal-racers-western/assets/source/western/contact-v2/control/wolf-upright.blend"
Read blend: "/Users/chikumatsuboi/Code/animal-racers-western/assets/source/western/contact-v2/v2b/inputs/wolf.blend"
Read blend: "/Users/chikumatsuboi/Code/animal-racers-western/assets/source/western/contact-v2/control/unicorn-upright.blend"
Read blend: "/Users/chikumatsuboi/Code/animal-racers-western/assets/source/western/contact-v2/v2b/inputs/unicorn.blend"

Blender quit
