Blender 4.5.9 LTS (hash 8bf95cbd38d1 built 2026-04-21 01:30:46)
Read blend: "/Users/chikumatsuboi/Code/animal-racers-western/assets/source/western/wolf.blend"
Saved: '/Users/chikumatsuboi/Code/animal-racers-western/assets/source/western/qa/form-cycle-3/after/wolf-run/0001.png'
Time: 00:00.29 (Saving: 00:00.14)

Saved: '/Users/chikumatsuboi/Code/animal-racers-western/assets/source/western/qa/form-cycle-3/after/wolf-run/0003.png'
Time: 00:00.05 (Saving: 00:00.01)

Saved: '/Users/chikumatsuboi/Code/animal-racers-western/assets/source/western/qa/form-cycle-3/after/wolf-run/0005.png'
Time: 00:00.05 (Saving: 00:00.02)

Saved: '/Users/chikumatsuboi/Code/animal-racers-western/assets/source/western/qa/form-cycle-3/after/wolf-run/0007.png'
Time: 00:00.05 (Saving: 00:00.02)

Saved: '/Users/chikumatsuboi/Code/animal-racers-western/assets/source/western/qa/form-cycle-3/after/wolf-run/0009.png'
Time: 00:00.05 (Saving: 00:00.02)

Saved: '/Users/chikumatsuboi/Code/animal-racers-western/assets/source/western/qa/form-cycle-3/after/wolf-run/0011.png'
Time: 00:00.05 (Saving: 00:00.02)

Saved: '/Users/chikumatsuboi/Code/animal-racers-western/assets/source/western/qa/form-cycle-3/after/wolf-run/0013.png'
Time: 00:00.06 (Saving: 00:00.02)

Saved: '/Users/chikumatsuboi/Code/animal-racers-western/assets/source/western/qa/form-cycle-3/after/wolf-run/0015.png'
Time: 00:00.06 (Saving: 00:00.02)

Saved: '/Users/chikumatsuboi/Code/animal-racers-western/assets/source/western/qa/form-cycle-3/after/wolf-run/0016.png'
Time: 00:00.10 (Saving: 00:00.05)

Saved: '/Users/chikumatsuboi/Code/animal-racers-western/assets/source/western/qa/form-cycle-3/after/wolf-transform/0001.png'
Time: 00:00.06 (Saving: 00:00.03)

Saved: '/Users/chikumatsuboi/Code/animal-racers-western/assets/source/western/qa/form-cycle-3/after/wolf-transform/0003.png'
Time: 00:00.08 (Saving: 00:00.03)

Saved: '/Users/chikumatsuboi/Code/animal-racers-western/assets/source/western/qa/form-cycle-3/after/wolf-transform/0005.png'
Time: 00:00.06 (Saving: 00:00.02)

Saved: '/Users/chikumatsuboi/Code/animal-racers-western/assets/source/western/qa/form-cycle-3/after/wolf-transform/0007.png'
Time: 00:00.08 (Saving: 00:00.04)

Saved: '/Users/chikumatsuboi/Code/animal-racers-western/assets/source/western/qa/form-cycle-3/after/wolf-transform/0009.png'
Time: 00:00.05 (Saving: 00:00.02)

Saved: '/Users/chikumatsuboi/Code/animal-racers-western/assets/source/western/qa/form-cycle-3/after/wolf-transform/0011.png'
Time: 00:00.06 (Saving: 00:00.02)

Saved: '/Users/chikumatsuboi/Code/animal-racers-western/assets/source/western/qa/form-cycle-3/after/wolf-transform/0013.png'
Time: 00:00.06 (Saving: 00:00.02)

Saved: '/Users/chikumatsuboi/Code/animal-racers-western/assets/source/western/qa/form-cycle-3/after/wolf-transform/0015.png'
Time: 00:00.06 (Saving: 00:00.03)

Saved: '/Users/chikumatsuboi/Code/animal-racers-western/assets/source/western/qa/form-cycle-3/after/wolf-transform/0017.png'
Time: 00:00.06 (Saving: 00:00.02)

Saved: '/Users/chikumatsuboi/Code/animal-racers-western/assets/source/western/qa/form-cycle-3/after/wolf-transform/0019.png'
Time: 00:00.06 (Saving: 00:00.03)

Saved: '/Users/chikumatsuboi/Code/animal-racers-western/assets/source/western/qa/form-cycle-3/after/wolf-transform/0021.png'
Time: 00:00.12 (Saving: 00:00.04)

Saved: '/Users/chikumatsuboi/Code/animal-racers-western/assets/source/western/qa/form-cycle-3/after/wolf-transform/0023.png'
Time: 00:00.07 (Saving: 00:00.02)

Saved: '/Users/chikumatsuboi/Code/animal-racers-western/assets/source/western/qa/form-cycle-3/after/wolf-transform/0025.png'
Time: 00:00.06 (Saving: 00:00.02)

Saved: '/Users/chikumatsuboi/Code/animal-racers-western/assets/source/western/qa/form-cycle-3/after/wolf-transform/0027.png'
Time: 00:00.06 (Saving: 00:00.03)

Saved: '/Users/chikumatsuboi/Code/animal-racers-western/assets/source/western/qa/form-cycle-3/after/wolf-transform/0029.png'
Time: 00:00.10 (Saving: 00:00.05)

Saved: '/Users/chikumatsuboi/Code/animal-racers-western/assets/source/western/qa/form-cycle-3/after/wolf-transform/0031.png'
Time: 00:00.14 (Saving: 00:00.04)

Saved: '/Users/chikumatsuboi/Code/animal-racers-western/assets/source/western/qa/form-cycle-3/after/wolf-transform/0033.png'
Time: 00:00.10 (Saving: 00:00.04)

Saved: '/Users/chikumatsuboi/Code/animal-racers-western/assets/source/western/qa/form-cycle-3/after/wolf-transform/0035.png'
Time: 00:00.08 (Saving: 00:00.03)

Saved: '/Users/chikumatsuboi/Code/animal-racers-western/assets/source/western/qa/form-cycle-3/after/wolf-transform/0037.png'
Time: 00:00.08 (Saving: 00:00.03)

Saved: '/Users/chikumatsuboi/Code/animal-racers-western/assets/source/western/qa/form-cycle-3/after/wolf-fight_move/0001.png'
Time: 00:00.08 (Saving: 00:00.03)

Saved: '/Users/chikumatsuboi/Code/animal-racers-western/assets/source/western/qa/form-cycle-3/after/wolf-fight_move/0003.png'
Time: 00:00.09 (Saving: 00:00.03)

Saved: '/Users/chikumatsuboi/Code/animal-racers-western/assets/source/western/qa/form-cycle-3/after/wolf-fight_move/0005.png'
Time: 00:00.08 (Saving: 00:00.03)

Saved: '/Users/chikumatsuboi/Code/animal-racers-western/assets/source/western/qa/form-cycle-3/after/wolf-fight_move/0007.png'
Time: 00:00.11 (Saving: 00:00.06)

Saved: '/Users/chikumatsuboi/Code/animal-racers-western/assets/source/western/qa/form-cycle-3/after/wolf-fight_move/0009.png'
Time: 00:00.16 (Saving: 00:00.05)

Saved: '/Users/chikumatsuboi/Code/animal-racers-western/assets/source/western/qa/form-cycle-3/after/wolf-fight_move/0011.png'
Time: 00:00.09 (Saving: 00:00.03)

Saved: '/Users/chikumatsuboi/Code/animal-racers-western/assets/source/western/qa/form-cycle-3/after/wolf-fight_move/0013.png'
Time: 00:00.09 (Saving: 00:00.03)

Saved: '/Users/chikumatsuboi/Code/animal-racers-western/assets/source/western/qa/form-cycle-3/after/wolf-attack/0001.png'
Time: 00:00.07 (Saving: 00:00.03)

Saved: '/Users/chikumatsuboi/Code/animal-racers-western/assets/source/western/qa/form-cycle-3/after/wolf-attack/0003.png'
Time: 00:00.09 (Saving: 00:00.04)

Saved: '/Users/chikumatsuboi/Code/animal-racers-western/assets/source/western/qa/form-cycle-3/after/wolf-attack/0005.png'
Time: 00:00.09 (Saving: 00:00.04)

Saved: '/Users/chikumatsuboi/Code/animal-racers-western/assets/source/western/qa/form-cycle-3/after/wolf-attack/0007.png'
Time: 00:00.19 (Saving: 00:00.13)

Saved: '/Users/chikumatsuboi/Code/animal-racers-western/assets/source/western/qa/form-cycle-3/after/wolf-attack/0009.png'
Time: 00:00.08 (Saving: 00:00.03)

Saved: '/Users/chikumatsuboi/Code/animal-racers-western/assets/source/western/qa/form-cycle-3/after/wolf-attack/0011.png'
Time: 00:00.08 (Saving: 00:00.03)

Saved: '/Users/chikumatsuboi/Code/animal-racers-western/assets/source/western/qa/form-cycle-3/after/wolf-attack/0013.png'
Time: 00:00.07 (Saving: 00:00.03)

Saved: '/Users/chikumatsuboi/Code/animal-racers-western/assets/source/western/qa/form-cycle-3/after/wolf-attack/0015.png'
Time: 00:00.29 (Saving: 00:00.24)

Saved: '/Users/chikumatsuboi/Code/animal-racers-western/assets/source/western/qa/form-cycle-3/after/wolf-attack/0017.png'
Time: 00:00.08 (Saving: 00:00.03)

Saved: '/Users/chikumatsuboi/Code/animal-racers-western/assets/source/western/qa/form-cycle-3/after/wolf-attack/0018.png'
Time: 00:00.07 (Saving: 00:00.03)

Saved: '/Users/chikumatsuboi/Code/animal-racers-western/assets/source/western/qa/form-cycle-3/after/wolf-special/0001.png'
Time: 00:00.09 (Saving: 00:00.05)

Saved: '/Users/chikumatsuboi/Code/animal-racers-western/assets/source/western/qa/form-cycle-3/after/wolf-special/0003.png'
Time: 00:00.24 (Saving: 00:00.10)

Saved: '/Users/chikumatsuboi/Code/animal-racers-western/assets/source/western/qa/form-cycle-3/after/wolf-special/0005.png'
Time: 00:00.08 (Saving: 00:00.03)

Saved: '/Users/chikumatsuboi/Code/animal-racers-western/assets/source/western/qa/form-cycle-3/after/wolf-special/0007.png'
Time: 00:00.08 (Saving: 00:00.04)

Saved: '/Users/chikumatsuboi/Code/animal-racers-western/assets/source/western/qa/form-cycle-3/after/wolf-special/0009.png'
Time: 00:00.07 (Saving: 00:00.02)

Saved: '/Users/chikumatsuboi/Code/animal-racers-western/assets/source/western/qa/form-cycle-3/after/wolf-special/0011.png'
Time: 00:00.07 (Saving: 00:00.03)

Saved: '/Users/chikumatsuboi/Code/animal-racers-western/assets/source/western/qa/form-cycle-3/after/wolf-special/0013.png'
Time: 00:00.13 (Saving: 00:00.05)

Saved: '/Users/chikumatsuboi/Code/animal-racers-western/assets/source/western/qa/form-cycle-3/after/wolf-special/0015.png'
Time: 00:00.07 (Saving: 00:00.02)

Saved: '/Users/chikumatsuboi/Code/animal-racers-western/assets/source/western/qa/form-cycle-3/after/wolf-special/0017.png'
Time: 00:00.06 (Saving: 00:00.03)

Saved: '/Users/chikumatsuboi/Code/animal-racers-western/assets/source/western/qa/form-cycle-3/after/wolf-special/0019.png'
Time: 00:00.06 (Saving: 00:00.02)

Saved: '/Users/chikumatsuboi/Code/animal-racers-western/assets/source/western/qa/form-cycle-3/after/wolf-special/0021.png'
Time: 00:00.10 (Saving: 00:00.04)

Saved: '/Users/chikumatsuboi/Code/animal-racers-western/assets/source/western/qa/form-cycle-3/after/wolf-special/0023.png'
Time: 00:00.08 (Saving: 00:00.02)

Saved: '/Users/chikumatsuboi/Code/animal-racers-western/assets/source/western/qa/form-cycle-3/after/wolf-special/0025.png'
Time: 00:00.06 (Saving: 00:00.03)

Saved: '/Users/chikumatsuboi/Code/animal-racers-western/assets/source/western/qa/form-cycle-3/after/wolf-special/0027.png'
Time: 00:00.06 (Saving: 00:00.02)

Saved: '/Users/chikumatsuboi/Code/animal-racers-western/assets/source/western/qa/form-cycle-3/after/wolf-special/0029.png'
Time: 00:00.08 (Saving: 00:00.03)

Saved: '/Users/chikumatsuboi/Code/animal-racers-western/assets/source/western/qa/form-cycle-3/after/wolf-special/0031.png'
Time: 00:00.10 (Saving: 00:00.04)

Saved: '/Users/chikumatsuboi/Code/animal-racers-western/assets/source/western/qa/form-cycle-3/after/wolf-special/0033.png'
Time: 00:00.08 (Saving: 00:00.03)

Saved: '/Users/chikumatsuboi/Code/animal-racers-western/assets/source/western/qa/form-cycle-3/after/wolf-special/0035.png'
Time: 00:00.06 (Saving: 00:00.03)

Saved: '/Users/chikumatsuboi/Code/animal-racers-western/assets/source/western/qa/form-cycle-3/after/wolf-celebrate/0001.png'
Time: 00:00.07 (Saving: 00:00.03)

Saved: '/Users/chikumatsuboi/Code/animal-racers-western/assets/source/western/qa/form-cycle-3/after/wolf-celebrate/0003.png'
Time: 00:00.07 (Saving: 00:00.03)

Saved: '/Users/chikumatsuboi/Code/animal-racers-western/assets/source/western/qa/form-cycle-3/after/wolf-celebrate/0005.png'
Time: 00:00.07 (Saving: 00:00.04)

Saved: '/Users/chikumatsuboi/Code/animal-racers-western/assets/source/western/qa/form-cycle-3/after/wolf-celebrate/0007.png'
Time: 00:00.06 (Saving: 00:00.02)

Saved: '/Users/chikumatsuboi/Code/animal-racers-western/assets/source/western/qa/form-cycle-3/after/wolf-celebrate/0009.png'
Time: 00:00.06 (Saving: 00:00.02)

Saved: '/Users/chikumatsuboi/Code/animal-racers-western/assets/source/western/qa/form-cycle-3/after/wolf-celebrate/0011.png'
Time: 00:00.05 (Saving: 00:00.02)

Saved: '/Users/chikumatsuboi/Code/animal-racers-western/assets/source/western/qa/form-cycle-3/after/wolf-celebrate/0013.png'
Time: 00:00.06 (Saving: 00:00.02)

Saved: '/Users/chikumatsuboi/Code/animal-racers-western/assets/source/western/qa/form-cycle-3/after/wolf-celebrate/0015.png'
Time: 00:00.06 (Saving: 00:00.03)

Saved: '/Users/chikumatsuboi/Code/animal-racers-western/assets/source/western/qa/form-cycle-3/after/wolf-celebrate/0017.png'
Time: 00:00.13 (Saving: 00:00.05)

Saved: '/Users/chikumatsuboi/Code/animal-racers-western/assets/source/western/qa/form-cycle-3/after/wolf-celebrate/0019.png'
Time: 00:00.08 (Saving: 00:00.03)

Saved: '/Users/chikumatsuboi/Code/animal-racers-western/assets/source/western/qa/form-cycle-3/after/wolf-celebrate/0021.png'
Time: 00:00.09 (Saving: 00:00.03)

Saved: '/Users/chikumatsuboi/Code/animal-racers-western/assets/source/western/qa/form-cycle-3/after/wolf-celebrate/0023.png'
Time: 00:00.08 (Saving: 00:00.03)

Saved: '/Users/chikumatsuboi/Code/animal-racers-western/assets/source/western/qa/form-cycle-3/after/wolf-celebrate/0025.png'
Time: 00:00.08 (Saving: 00:00.04)

Saved: '/Users/chikumatsuboi/Code/animal-racers-western/assets/source/western/qa/form-cycle-3/after/wolf-celebrate/0027.png'
Time: 00:00.09 (Saving: 00:00.05)

Saved: '/Users/chikumatsuboi/Code/animal-racers-western/assets/source/western/qa/form-cycle-3/after/wolf-celebrate/0029.png'
Time: 00:00.11 (Saving: 00:00.04)

Saved: '/Users/chikumatsuboi/Code/animal-racers-western/assets/source/western/qa/form-cycle-3/after/wolf-celebrate/0031.png'
Time: 00:00.08 (Saving: 00:00.04)

Saved: '/Users/chikumatsuboi/Code/animal-racers-western/assets/source/western/qa/form-cycle-3/after/wolf-celebrate/0033.png'
Time: 00:00.07 (Saving: 00:00.03)

Saved: '/Users/chikumatsuboi/Code/animal-racers-western/assets/source/western/qa/form-cycle-3/after/wolf-celebrate/0035.png'
Time: 00:00.08 (Saving: 00:00.03)

Saved: '/Users/chikumatsuboi/Code/animal-racers-western/assets/source/western/qa/form-cycle-3/after/wolf-celebrate/0037.png'
Time: 00:00.09 (Saving: 00:00.04)

Saved: '/Users/chikumatsuboi/Code/animal-racers-western/assets/source/western/qa/form-cycle-3/after/wolf-celebrate/0039.png'
Time: 00:00.17 (Saving: 00:00.10)

Saved: '/Users/chikumatsuboi/Code/animal-racers-western/assets/source/western/qa/form-cycle-3/after/wolf-celebrate/0041.png'
Time: 00:00.09 (Saving: 00:00.03)

Saved: '/Users/chikumatsuboi/Code/animal-racers-western/assets/source/western/qa/form-cycle-3/after/wolf-celebrate/0043.png'
Time: 00:00.07 (Saving: 00:00.03)

Saved: '/Users/chikumatsuboi/Code/animal-racers-western/assets/source/western/qa/form-cycle-3/after/wolf-celebrate/0045.png'
Time: 00:00.07 (Saving: 00:00.03)

Saved: '/Users/chikumatsuboi/Code/animal-racers-western/assets/source/western/qa/form-cycle-3/after/wolf-celebrate/0047.png'
Time: 00:00.13 (Saving: 00:00.06)

Saved: '/Users/chikumatsuboi/Code/animal-racers-western/assets/source/western/qa/form-cycle-3/after/wolf-celebrate/0049.png'
Time: 00:00.08 (Saving: 00:00.03)

Saved: '/Users/chikumatsuboi/Code/animal-racers-western/assets/source/western/qa/form-cycle-3/after/wolf-celebrate/0051.png'
Time: 00:00.07 (Saving: 00:00.03)

Saved: '/Users/chikumatsuboi/Code/animal-racers-western/assets/source/western/qa/form-cycle-3/after/wolf-celebrate/0053.png'
Time: 00:00.09 (Saving: 00:00.05)

Saved: '/Users/chikumatsuboi/Code/animal-racers-western/assets/source/western/qa/form-cycle-3/after/wolf-celebrate/0055.png'
Time: 00:00.14 (Saving: 00:00.03)

Saved: '/Users/chikumatsuboi/Code/animal-racers-western/assets/source/western/qa/form-cycle-3/after/wolf-celebrate/0057.png'
Time: 00:00.08 (Saving: 00:00.03)

Saved: '/Users/chikumatsuboi/Code/animal-racers-western/assets/source/western/qa/form-cycle-3/after/wolf-celebrate/0059.png'
Time: 00:00.07 (Saving: 00:00.03)

Saved: '/Users/chikumatsuboi/Code/animal-racers-western/assets/source/western/qa/form-cycle-3/after/wolf-celebrate/0061.png'
Time: 00:00.13 (Saving: 00:00.08)

RENDERED wolf

Blender quit
