Blender 4.5.9 LTS (hash 8bf95cbd38d1 built 2026-04-21 01:30:46)
Read blend: "/Users/chikumatsuboi/Code/animal-racers-western/assets/source/western/wolf.blend"
Fra:14 Mem:27.82M (Peak 27.82M) | Time:00:00.00 | Mem:0.02M, Peak:0.02M | Scene, ViewLayer | Synchronizing object | Body • continuous sculpted skin
Fra:14 Mem:27.83M (Peak 27.83M) | Time:00:00.00 | Mem:0.02M, Peak:0.02M | Scene, ViewLayer | Synchronizing object | Ivory claw.002
Fra:14 Mem:28.13M (Peak 28.13M) | Time:00:00.00 | Mem:0.02M, Peak:0.02M | Scene, ViewLayer | Synchronizing object | Paw toe.003
Fra:14 Mem:28.16M (Peak 28.16M) | Time:00:00.00 | Mem:0.02M, Peak:0.02M | Scene, ViewLayer | Synchronizing object | Paw toe.004
Fra:14 Mem:28.18M (Peak 28.18M) | Time:00:00.00 | Mem:0.02M, Peak:0.02M | Scene, ViewLayer | Synchronizing object | Ivory claw.004
Fra:14 Mem:28.19M (Peak 28.19M) | Time:00:00.00 | Mem:0.02M, Peak:0.02M | Scene, ViewLayer | Synchronizing object | Paw toe.005
Fra:14 Mem:28.19M (Peak 28.19M) | Time:00:00.00 | Mem:0.02M, Peak:0.02M | Scene, ViewLayer | Synchronizing object | Ivory claw.005
Fra:14 Mem:28.26M (Peak 28.26M) | Time:00:00.00 | Mem:0.02M, Peak:0.02M | Scene, ViewLayer | Synchronizing object | Paw toe.006
Fra:14 Mem:28.28M (Peak 28.28M) | Time:00:00.00 | Mem:0.02M, Peak:0.02M | Scene, ViewLayer | Synchronizing object | Ivory claw.006
Fra:14 Mem:28.42M (Peak 28.42M) | Time:00:00.00 | Mem:0.02M, Peak:0.02M | Scene, ViewLayer | Synchronizing object | Ivory claw.007
Fra:14 Mem:28.44M (Peak 28.44M) | Time:00:00.00 | Mem:0.02M, Peak:0.02M | Scene, ViewLayer | Synchronizing object | Ivory claw.008
Fra:14 Mem:28.46M (Peak 28.46M) | Time:00:00.00 | Mem:0.02M, Peak:0.02M | Scene, ViewLayer | Synchronizing object | Paw toe.009
Fra:14 Mem:28.47M (Peak 28.47M) | Time:00:00.00 | Mem:0.02M, Peak:0.02M | Scene, ViewLayer | Synchronizing object | Paw toe.010
Fra:14 Mem:28.47M (Peak 28.47M) | Time:00:00.00 | Mem:0.02M, Peak:0.02M | Scene, ViewLayer | Synchronizing object | Ivory claw.010
Fra:14 Mem:28.49M (Peak 28.49M) | Time:00:00.00 | Mem:0.02M, Peak:0.02M | Scene, ViewLayer | Synchronizing object | Ivory claw.011
Fra:14 Mem:28.49M (Peak 28.49M) | Time:00:00.00 | Mem:0.02M, Peak:0.02M | Scene, ViewLayer | Synchronizing object | Head • species sculpt
Fra:14 Mem:28.49M (Peak 28.49M) | Time:00:00.00 | Mem:0.02M, Peak:0.02M | Scene, ViewLayer | Synchronizing object | Frost muzzle
Fra:14 Mem:28.66M (Peak 28.66M) | Time:00:00.00 | Mem:0.02M, Peak:0.02M | Scene, ViewLayer | Synchronizing object | Heart shaped nose
Fra:14 Mem:28.66M (Peak 28.66M) | Time:00:00.00 | Mem:0.02M, Peak:0.02M | Scene, ViewLayer | Synchronizing object | Eye socket
Fra:14 Mem:28.68M (Peak 28.68M) | Time:00:00.00 | Mem:0.02M, Peak:0.02M | Scene, ViewLayer | Synchronizing object | Ivory eye
Fra:14 Mem:28.78M (Peak 28.78M) | Time:00:00.00 | Mem:0.02M, Peak:0.02M | Scene, ViewLayer | Synchronizing object | Expressive brow
Fra:14 Mem:28.82M (Peak 28.82M) | Time:00:00.00 | Mem:0.02M, Peak:0.02M | Scene, ViewLayer | Synchronizing object | Smiling mouth
Fra:14 Mem:28.89M (Peak 28.89M) | Time:00:00.00 | Mem:0.02M, Peak:0.02M | Scene, ViewLayer | Synchronizing object | Whisker pore
Fra:14 Mem:28.90M (Peak 28.90M) | Time:00:00.00 | Mem:0.02M, Peak:0.02M | Scene, ViewLayer | Synchronizing object | Warm rim
Fra:14 Mem:28.94M (Peak 28.94M) | Time:00:00.00 | Mem:0.02M, Peak:0.02M | Scene, ViewLayer | Synchronizing object | Whisker pore.002
Fra:14 Mem:28.97M (Peak 28.97M) | Time:00:00.00 | Mem:0.02M, Peak:0.02M | Scene, ViewLayer | Synchronizing object | Sky fill
Fra:14 Mem:28.97M (Peak 28.97M) | Time:00:00.00 | Mem:0.02M, Peak:0.02M | Scene, ViewLayer | Synchronizing object | Ivory eye.001
Fra:14 Mem:29.00M (Peak 29.00M) | Time:00:00.00 | Mem:0.02M, Peak:0.02M | Scene, ViewLayer | Synchronizing object | Eye glint.001
Fra:14 Mem:29.08M (Peak 29.08M) | Time:00:00.00 | Mem:0.02M, Peak:0.02M | Scene, ViewLayer | Synchronizing object | Sunset key
Fra:14 Mem:29.13M (Peak 29.13M) | Time:00:00.00 | Mem:0.02M, Peak:0.02M | Scene, ViewLayer | Synchronizing object | Expressive brow.001
Fra:14 Mem:29.17M (Peak 29.17M) | Time:00:00.00 | Mem:0.02M, Peak:0.02M | Scene, ViewLayer | Synchronizing object | Whisker pore.003
Fra:14 Mem:29.25M (Peak 29.25M) | Time:00:00.00 | Mem:0.02M, Peak:0.02M | Scene, ViewLayer | Synchronizing object | Whisker pore.004
Fra:14 Mem:29.26M (Peak 29.26M) | Time:00:00.00 | Mem:0.02M, Peak:0.02M | Scene, ViewLayer | Synchronizing object | Whisker pore.005
Fra:14 Mem:29.27M (Peak 29.27M) | Time:00:00.00 | Mem:0.02M, Peak:0.02M | Scene, ViewLayer | Synchronizing object | Connected inner mouth sleeve
Fra:14 Mem:29.28M (Peak 29.28M) | Time:00:00.00 | Mem:0.02M, Peak:0.02M | Scene, ViewLayer | Synchronizing object | Mandible floor
Fra:14 Mem:29.28M (Peak 29.28M) | Time:00:00.00 | Mem:0.02M, Peak:0.02M | Scene, ViewLayer | Synchronizing object | Connected outer cheek
Fra:14 Mem:29.28M (Peak 29.28M) | Time:00:00.00 | Mem:0.02M, Peak:0.02M | Scene, ViewLayer | Synchronizing object | Connected outer cheek.001
Fra:14 Mem:29.31M (Peak 29.31M) | Time:00:00.00 | Mem:0.02M, Peak:0.02M | Scene, ViewLayer | Synchronizing object | Howl tongue
Fra:14 Mem:29.33M (Peak 29.33M) | Time:00:00.00 | Mem:0.02M, Peak:0.02M | Scene, ViewLayer | Synchronizing object | Lower canine
Fra:14 Mem:29.35M (Peak 29.35M) | Time:00:00.00 | Mem:0.02M, Peak:0.02M | Scene, ViewLayer | Synchronizing object | Pointed species ear
Fra:14 Mem:29.34M (Peak 29.35M) | Time:00:00.00 | Mem:0.02M, Peak:0.02M | Scene, ViewLayer | Synchronizing object | Pointed species ear.001
Fra:14 Mem:29.35M (Peak 29.35M) | Time:00:00.00 | Mem:0.02M, Peak:0.02M | Scene, ViewLayer | Synchronizing object | Inner ear.001
Fra:14 Mem:29.35M (Peak 29.35M) | Time:00:00.00 | Mem:0.02M, Peak:0.02M | Scene, ViewLayer | Synchronizing object | Swept cheek ruff
Fra:14 Mem:29.35M (Peak 29.35M) | Time:00:00.00 | Mem:0.02M, Peak:0.02M | Scene, ViewLayer | Synchronizing object | Swept cheek ruff.002
Fra:14 Mem:29.38M (Peak 29.38M) | Time:00:00.00 | Mem:0.02M, Peak:0.02M | Scene, ViewLayer | Synchronizing object | Swept cheek ruff.003
Fra:14 Mem:29.38M (Peak 29.38M) | Time:00:00.00 | Mem:0.02M, Peak:0.02M | Scene, ViewLayer | Synchronizing object | Swept cheek ruff.004
Fra:14 Mem:29.40M (Peak 29.40M) | Time:00:00.00 | Mem:0.02M, Peak:0.02M | Scene, ViewLayer | Synchronizing object | Swept cheek ruff.006
Fra:14 Mem:29.39M (Peak 29.40M) | Time:00:00.00 | Mem:0.02M, Peak:0.02M | Scene, ViewLayer | Synchronizing object | Swept cheek ruff.007
Fra:14 Mem:29.39M (Peak 29.40M) | Time:00:00.00 | Mem:0.02M, Peak:0.02M | Scene, ViewLayer | Synchronizing object | Ice swept crest
Fra:14 Mem:29.41M (Peak 29.41M) | Time:00:00.00 | Mem:0.02M, Peak:0.02M | Scene, ViewLayer | Synchronizing object | Ice swept crest.001
Fra:14 Mem:29.40M (Peak 29.41M) | Time:00:00.00 | Mem:0.02M, Peak:0.02M | Scene, ViewLayer | Synchronizing object | Ice swept crest.002
Fra:14 Mem:29.41M (Peak 29.41M) | Time:00:00.00 | Mem:0.02M, Peak:0.02M | Scene, ViewLayer | Synchronizing object | Ice swept crest.004
Fra:14 Mem:29.41M (Peak 29.41M) | Time:00:00.00 | Mem:0.02M, Peak:0.02M | Scene, ViewLayer | Synchronizing object | Ice swept crest.005
Fra:14 Mem:29.42M (Peak 29.42M) | Time:00:00.00 | Mem:0.02M, Peak:0.02M | Scene, ViewLayer | Synchronizing object | Layered shoulder fur
Fra:14 Mem:29.42M (Peak 29.42M) | Time:00:00.00 | Mem:0.02M, Peak:0.02M | Scene, ViewLayer | Synchronizing object | Layered shoulder fur.001
Fra:14 Mem:29.42M (Peak 29.42M) | Time:00:00.00 | Mem:0.02M, Peak:0.02M | Scene, ViewLayer | Synchronizing object | Layered shoulder fur.002
Fra:14 Mem:29.43M (Peak 29.43M) | Time:00:00.00 | Mem:0.02M, Peak:0.02M | Scene, ViewLayer | Synchronizing object | Wrist fur
Fra:14 Mem:29.44M (Peak 29.44M) | Time:00:00.00 | Mem:0.02M, Peak:0.02M | Scene, ViewLayer | Synchronizing object | Wrist fur.001
Fra:14 Mem:29.44M (Peak 29.44M) | Time:00:00.00 | Mem:0.02M, Peak:0.02M | Scene, ViewLayer | Synchronizing object | Layered shoulder fur.003
Fra:14 Mem:29.45M (Peak 29.45M) | Time:00:00.00 | Mem:0.02M, Peak:0.02M | Scene, ViewLayer | Synchronizing object | Layered shoulder fur.004
Fra:14 Mem:29.45M (Peak 29.45M) | Time:00:00.00 | Mem:0.02M, Peak:0.02M | Scene, ViewLayer | Synchronizing object | Layered shoulder fur.005
Fra:14 Mem:29.45M (Peak 29.45M) | Time:00:00.00 | Mem:0.02M, Peak:0.02M | Scene, ViewLayer | Synchronizing object | Wrist fur.004
Fra:14 Mem:29.46M (Peak 29.46M) | Time:00:00.00 | Mem:0.02M, Peak:0.02M | Scene, ViewLayer | Synchronizing object | Brass crest clasp
Fra:14 Mem:29.47M (Peak 29.47M) | Time:00:00.00 | Mem:0.02M, Peak:0.02M | Scene, ViewLayer | Synchronizing object | Wrist fur.005
Fra:14 Mem:29.49M (Peak 29.49M) | Time:00:00.00 | Mem:0.02M, Peak:0.02M | Scene, ViewLayer | Synchronizing object | Layered shoulder fur.006
Fra:14 Mem:29.49M (Peak 29.49M) | Time:00:00.00 | Mem:0.02M, Peak:0.02M | Scene, ViewLayer | Synchronizing object | Neckerchief folded point
Fra:14 Mem:29.50M (Peak 29.50M) | Time:00:00.00 | Mem:0.02M, Peak:0.02M | Scene, ViewLayer | Synchronizing object | Layered shoulder fur.007
Fra:14 Mem:29.50M (Peak 29.50M) | Time:00:00.00 | Mem:0.02M, Peak:0.02M | Scene, ViewLayer | Synchronizing object | Leather neckerchief roll
Fra:14 Mem:29.51M (Peak 29.51M) | Time:00:00.00 | Mem:0.02M, Peak:0.02M | Scene, ViewLayer | Synchronizing object | Wrist fur.006
Fra:14 Mem:29.53M (Peak 29.53M) | Time:00:00.00 | Mem:0.02M, Peak:0.02M | Scene, ViewLayer | Synchronizing object | Articulated tail
Fra:14 Mem:29.52M (Peak 29.53M) | Time:00:00.00 | Mem:0.02M, Peak:0.02M | Scene, ViewLayer | Synchronizing object | Wrist fur.007
Fra:14 Mem:29.52M (Peak 29.53M) | Time:00:00.00 | Mem:0.02M, Peak:0.02M | Scene, ViewLayer | Synchronizing object | Wrist fur.008
Fra:14 Mem:29.53M (Peak 29.53M) | Time:00:00.00 | Mem:0.02M, Peak:0.02M | Scene, ViewLayer | Synchronizing object | Layered shoulder fur.009
Fra:14 Mem:29.54M (Peak 29.54M) | Time:00:00.00 | Mem:0.02M, Peak:0.02M | Scene, ViewLayer | Synchronizing object | Layered shoulder fur.010
Fra:14 Mem:29.54M (Peak 29.54M) | Time:00:00.00 | Mem:0.02M, Peak:0.02M | Scene, ViewLayer | Synchronizing object | Layered shoulder fur.011
Fra:14 Mem:29.54M (Peak 29.54M) | Time:00:00.00 | Mem:0.02M, Peak:0.02M | Scene, ViewLayer | Synchronizing object | Wrist fur.010
Fra:14 Mem:29.57M (Peak 29.57M) | Time:00:00.00 | Mem:0.02M, Peak:0.02M | Scene, ViewLayer | Synchronizing object | Wrist fur.011
Fra:14 Mem:29.60M (Peak 29.60M) | Time:00:00.00 | Mem:0.02M, Peak:0.02M | Scene, ViewLayer | Initializing
Fra:14 Mem:27.94M (Peak 29.60M) | Time:00:00.00 | Mem:0.02M, Peak:0.02M | Scene, ViewLayer | Updating Images | Loading Authored short-fur normal
Fra:14 Mem:24.20M (Peak 29.60M) | Time:00:00.02 | Mem:0.27M, Peak:0.27M | Scene, ViewLayer | Waiting for render to start
Fra:14 Mem:24.20M (Peak 29.60M) | Time:00:00.02 | Mem:0.27M, Peak:0.27M | Scene, ViewLayer | Updating Scene
Fra:14 Mem:24.20M (Peak 29.60M) | Time:00:00.02 | Mem:0.27M, Peak:0.27M | Scene, ViewLayer | Updating Shaders
Fra:14 Mem:24.20M (Peak 29.60M) | Time:00:00.02 | Mem:0.27M, Peak:0.27M | Scene, ViewLayer | Loading render kernels (may take a few minutes the first time)
Fra:14 Mem:24.28M (Peak 29.60M) | Time:00:00.08 | Mem:0.28M, Peak:0.28M | Scene, ViewLayer | Updating Procedurals
Fra:14 Mem:24.28M (Peak 29.60M) | Time:00:00.08 | Mem:0.28M, Peak:0.28M | Scene, ViewLayer | Updating Background
Fra:14 Mem:24.28M (Peak 29.60M) | Time:00:00.08 | Mem:0.28M, Peak:0.28M | Scene, ViewLayer | Updating Camera
Fra:14 Mem:24.28M (Peak 29.60M) | Time:00:00.08 | Mem:0.28M, Peak:0.28M | Scene, ViewLayer | Updating Meshes Flags
Fra:14 Mem:24.28M (Peak 29.60M) | Time:00:00.08 | Mem:0.28M, Peak:0.28M | Scene, ViewLayer | Updating Objects
Fra:14 Mem:24.28M (Peak 29.60M) | Time:00:00.08 | Mem:0.28M, Peak:0.28M | Scene, ViewLayer | Updating Objects | Copying Transformations to device
Fra:14 Mem:24.28M (Peak 29.60M) | Time:00:00.08 | Mem:0.31M, Peak:0.31M | Scene, ViewLayer | Updating Particle Systems
Fra:14 Mem:24.28M (Peak 29.60M) | Time:00:00.08 | Mem:0.31M, Peak:0.31M | Scene, ViewLayer | Updating Particle Systems | Copying Particles to device
Fra:14 Mem:24.28M (Peak 29.60M) | Time:00:00.08 | Mem:0.31M, Peak:0.31M | Scene, ViewLayer | Updating Meshes
Fra:14 Mem:25.05M (Peak 29.60M) | Time:00:00.08 | Mem:0.31M, Peak:0.31M | Scene, ViewLayer | Updating Objects | Applying Static Transformations
Fra:14 Mem:25.05M (Peak 29.60M) | Time:00:00.08 | Mem:0.31M, Peak:0.31M | Scene, ViewLayer | Updating Mesh | Computing attributes
Fra:14 Mem:26.13M (Peak 29.60M) | Time:00:00.08 | Mem:0.33M, Peak:0.33M | Scene, ViewLayer | Updating Mesh | Copying Attributes to device
Fra:14 Mem:25.05M (Peak 29.60M) | Time:00:00.16 | Mem:1.42M, Peak:1.42M | Scene, ViewLayer | Updating Geometry BVH light 110/109 | Building BVH
Fra:14 Mem:25.05M (Peak 29.60M) | Time:00:00.16 | Mem:1.42M, Peak:1.42M | Scene, ViewLayer | Updating Geometry BVH Paw toe.002 7/109 | Building BVH
Fra:14 Mem:25.05M (Peak 29.60M) | Time:00:00.16 | Mem:1.42M, Peak:1.42M | Scene, ViewLayer | Updating Geometry BVH Warm rim 109/109 | Building BVH
Fra:14 Mem:25.05M (Peak 29.60M) | Time:00:00.16 | Mem:1.42M, Peak:1.42M | Scene, ViewLayer | Updating Geometry BVH Warm rim 109/109 | Building mesh BLAS |     192 tris | Paw toe.002
Fra:14 Mem:25.05M (Peak 29.60M) | Time:00:00.16 | Mem:1.42M, Peak:1.42M | Scene, ViewLayer | Updating Geometry BVH Warm rim 109/109 | Building mesh BLAS |      32 tris | Ivory claw
Fra:14 Mem:25.05M (Peak 29.60M) | Time:00:00.16 | Mem:1.42M, Peak:1.42M | Scene, ViewLayer | Updating Geometry BVH Warm rim 109/109 | Building mesh BLAS |     192 tris | Paw toe
Fra:14 Mem:25.05M (Peak 29.60M) | Time:00:00.16 | Mem:1.42M, Peak:1.42M | Scene, ViewLayer | Updating Geometry BVH Sky fill 108/109 | Building BVH
Fra:14 Mem:25.05M (Peak 29.60M) | Time:00:00.16 | Mem:1.42M, Peak:1.42M | Scene, ViewLayer | Updating Geometry BVH Sky fill 108/109 | Building mesh BLAS |      32 tris | Ivory claw.002
Fra:14 Mem:25.05M (Peak 29.60M) | Time:00:00.16 | Mem:1.42M, Peak:1.42M | Scene, ViewLayer | Updating Geometry BVH Sky fill 108/109 | Building mesh BLAS |    4170 tris | ribcage
Fra:14 Mem:25.05M (Peak 29.60M) | Time:00:00.16 | Mem:1.42M, Peak:1.42M | Scene, ViewLayer | Updating Geometry BVH Sunset key 107/109 | Building BVH
Fra:14 Mem:25.05M (Peak 29.60M) | Time:00:00.16 | Mem:1.42M, Peak:1.42M | Scene, ViewLayer | Updating Geometry BVH Plane 106/109 | Building BVH
Fra:14 Mem:25.05M (Peak 29.60M) | Time:00:00.16 | Mem:1.42M, Peak:1.42M | Scene, ViewLayer | Updating Geometry BVH Plane 106/109 | Building mesh BLAS |       2 tris | Plane
Fra:14 Mem:25.05M (Peak 29.60M) | Time:00:00.16 | Mem:1.42M, Peak:1.42M | Scene, ViewLayer | Updating Geometry BVH Paw toe.003 9/109 | Building BVH
Fra:14 Mem:25.05M (Peak 29.60M) | Time:00:00.16 | Mem:1.42M, Peak:1.42M | Scene, ViewLayer | Updating Geometry BVH Paw toe.003 9/109 | Building mesh BLAS |     192 tris | Paw toe.003
Fra:14 Mem:25.05M (Peak 29.60M) | Time:00:00.16 | Mem:1.42M, Peak:1.42M | Scene, ViewLayer | Updating Geometry BVH Ivory claw.003 10/109 | Building BVH
Fra:14 Mem:25.05M (Peak 29.60M) | Time:00:00.16 | Mem:1.42M, Peak:1.42M | Scene, ViewLayer | Updating Geometry BVH Paw toe.004 11/109 | Building BVH
Fra:14 Mem:25.05M (Peak 29.60M) | Time:00:00.16 | Mem:1.42M, Peak:1.42M | Scene, ViewLayer | Updating Geometry BVH Paw toe.004 11/109 | Building mesh BLAS |     192 tris | Paw toe.004
Fra:14 Mem:25.05M (Peak 29.60M) | Time:00:00.16 | Mem:1.42M, Peak:1.42M | Scene, ViewLayer | Updating Geometry BVH Paw toe.004 11/109 | Building mesh BLAS |      32 tris | Ivory claw.003
Fra:14 Mem:25.05M (Peak 29.60M) | Time:00:00.16 | Mem:1.42M, Peak:1.42M | Scene, ViewLayer | Updating Geometry BVH Ivory claw.004 12/109 | Building BVH
Fra:14 Mem:25.05M (Peak 29.60M) | Time:00:00.16 | Mem:1.42M, Peak:1.42M | Scene, ViewLayer | Updating Geometry BVH Ivory claw.004 12/109 | Building mesh BLAS |      32 tris | Ivory claw.004
Fra:14 Mem:25.05M (Peak 29.60M) | Time:00:00.16 | Mem:1.42M, Peak:1.42M | Scene, ViewLayer | Updating Geometry BVH Paw toe.005 13/109 | Building BVH
Fra:14 Mem:25.05M (Peak 29.60M) | Time:00:00.16 | Mem:1.42M, Peak:1.42M | Scene, ViewLayer | Updating Geometry BVH Paw toe.005 13/109 | Building mesh BLAS |     192 tris | Paw toe.005
Fra:14 Mem:25.05M (Peak 29.60M) | Time:00:00.16 | Mem:1.42M, Peak:1.42M | Scene, ViewLayer | Updating Geometry BVH Ivory claw.005 14/109 | Building BVH
Fra:14 Mem:25.05M (Peak 29.60M) | Time:00:00.16 | Mem:1.42M, Peak:1.42M | Scene, ViewLayer | Updating Geometry BVH Ivory claw.005 14/109 | Building mesh BLAS |      32 tris | Ivory claw.005
Fra:14 Mem:25.05M (Peak 29.60M) | Time:00:00.16 | Mem:1.42M, Peak:1.42M | Scene, ViewLayer | Updating Geometry BVH Paw toe.006 15/109 | Building BVH
Fra:14 Mem:25.05M (Peak 29.60M) | Time:00:00.16 | Mem:1.42M, Peak:1.42M | Scene, ViewLayer | Updating Geometry BVH Paw toe.006 15/109 | Building mesh BLAS |     192 tris | Paw toe.006
Fra:14 Mem:25.05M (Peak 29.60M) | Time:00:00.16 | Mem:1.42M, Peak:1.42M | Scene, ViewLayer | Updating Geometry BVH Ivory claw.006 16/109 | Building BVH
Fra:14 Mem:25.05M (Peak 29.60M) | Time:00:00.16 | Mem:1.42M, Peak:1.42M | Scene, ViewLayer | Updating Geometry BVH Ivory claw.007 18/109 | Building BVH
Fra:14 Mem:25.05M (Peak 29.60M) | Time:00:00.16 | Mem:1.42M, Peak:1.42M | Scene, ViewLayer | Updating Geometry BVH Ivory claw.007 18/109 | Building mesh BLAS |      26 tris | Raised elemental crest
Fra:14 Mem:25.05M (Peak 29.60M) | Time:00:00.16 | Mem:1.42M, Peak:1.42M | Scene, ViewLayer | Updating Geometry BVH Paw toe.008 19/109 | Building mesh BLAS |      32 tris | Ivory claw.006
Fra:14 Mem:25.05M (Peak 29.60M) | Time:00:00.16 | Mem:1.42M, Peak:1.42M | Scene, ViewLayer | Updating Geometry BVH Ivory claw.008 20/109 | Building mesh BLAS |      32 tris | Ivory claw.007
Fra:14 Mem:25.05M (Peak 29.60M) | Time:00:00.16 | Mem:1.42M, Peak:1.42M | Scene, ViewLayer | Updating Geometry BVH Paw toe.009 21/109 | Building BVH
Fra:14 Mem:25.05M (Peak 29.60M) | Time:00:00.16 | Mem:1.42M, Peak:1.42M | Scene, ViewLayer | Updating Geometry BVH Paw toe.009 21/109 | Building mesh BLAS |     192 tris | Paw toe.009
Fra:14 Mem:25.05M (Peak 29.60M) | Time:00:00.16 | Mem:1.42M, Peak:1.42M | Scene, ViewLayer | Updating Geometry BVH Brass crest clasp 104/109 | Building BVH
Fra:14 Mem:25.05M (Peak 29.60M) | Time:00:00.16 | Mem:1.42M, Peak:1.42M | Scene, ViewLayer | Updating Geometry BVH Brass crest clasp 104/109 | Building mesh BLAS |     320 tris | Brass crest clasp
Fra:14 Mem:25.05M (Peak 29.60M) | Time:00:00.16 | Mem:1.42M, Peak:1.42M | Scene, ViewLayer | Updating Geometry BVH Ivory claw.009 22/109 | Building BVH
Fra:14 Mem:25.05M (Peak 29.60M) | Time:00:00.16 | Mem:1.42M, Peak:1.42M | Scene, ViewLayer | Updating Geometry BVH Ivory claw.009 22/109 | Building mesh BLAS |      32 tris | Ivory claw.009
Fra:14 Mem:25.05M (Peak 29.60M) | Time:00:00.16 | Mem:1.42M, Peak:1.42M | Scene, ViewLayer | Updating Geometry BVH Ivory claw.009 22/109 | Building mesh BLAS |     192 tris | Paw toe.008
Fra:14 Mem:25.05M (Peak 29.60M) | Time:00:00.16 | Mem:1.42M, Peak:1.42M | Scene, ViewLayer | Updating Geometry BVH Neckerchief folded point 103/109 | Building BVH
Fra:14 Mem:25.05M (Peak 29.60M) | Time:00:00.16 | Mem:1.42M, Peak:1.42M | Scene, ViewLayer | Updating Geometry BVH Neckerchief folded point 103/109 | Building mesh BLAS |       4 tris | Neckerchief folded point
Fra:14 Mem:25.05M (Peak 29.60M) | Time:00:00.16 | Mem:1.42M, Peak:1.42M | Scene, ViewLayer | Updating Geometry BVH Paw toe.010 23/109 | Building BVH
Fra:14 Mem:25.05M (Peak 29.60M) | Time:00:00.16 | Mem:1.42M, Peak:1.42M | Scene, ViewLayer | Updating Geometry BVH Paw toe.010 23/109 | Building mesh BLAS |      32 tris | Ivory claw.008
Fra:14 Mem:25.05M (Peak 29.60M) | Time:00:00.16 | Mem:1.42M, Peak:1.42M | Scene, ViewLayer | Updating Geometry BVH Paw toe.010 23/109 | Building mesh BLAS |     192 tris | Paw toe.007
Fra:14 Mem:25.05M (Peak 29.60M) | Time:00:00.16 | Mem:1.42M, Peak:1.42M | Scene, ViewLayer | Updating Geometry BVH Ivory claw.010 24/109 | Building BVH
Fra:14 Mem:25.05M (Peak 29.60M) | Time:00:00.16 | Mem:1.42M, Peak:1.42M | Scene, ViewLayer | Updating Geometry BVH Ivory claw.010 24/109 | Building mesh BLAS |      32 tris | Ivory claw.010
Fra:14 Mem:25.05M (Peak 29.60M) | Time:00:00.16 | Mem:1.42M, Peak:1.42M | Scene, ViewLayer | Updating Geometry BVH Paw toe.011 25/109 | Building BVH
Fra:14 Mem:25.05M (Peak 29.60M) | Time:00:00.16 | Mem:1.42M, Peak:1.42M | Scene, ViewLayer | Updating Geometry BVH Frost muzzle 28/109 | Building BVH
Fra:14 Mem:25.05M (Peak 29.60M) | Time:00:00.16 | Mem:1.42M, Peak:1.42M | Scene, ViewLayer | Updating Geometry BVH Frost muzzle 28/109 | Building mesh BLAS |     192 tris | Paw toe.011
Fra:14 Mem:25.05M (Peak 29.60M) | Time:00:00.16 | Mem:1.42M, Peak:1.42M | Scene, ViewLayer | Updating Geometry BVH Heart shaped nose 29/109 | Building mesh BLAS |      32 tris | Ivory claw.011
Fra:14 Mem:25.05M (Peak 29.60M) | Time:00:00.16 | Mem:1.42M, Peak:1.42M | Scene, ViewLayer | Updating Geometry BVH Leather neckerchief roll 102/109 | Building mesh BLAS |     480 tris | Frost muzzle
Fra:14 Mem:25.05M (Peak 29.60M) | Time:00:00.16 | Mem:1.42M, Peak:1.42M | Scene, ViewLayer | Updating Geometry BVH Leather neckerchief roll 102/109 | Building mesh BLAS |    2722 tris | Skull
Fra:14 Mem:25.05M (Peak 29.60M) | Time:00:00.16 | Mem:1.42M, Peak:1.42M | Scene, ViewLayer | Updating Geometry BVH Eye socket 30/109 | Building mesh BLAS |       6 tris | Heart shaped nose
Fra:14 Mem:25.05M (Peak 29.60M) | Time:00:00.16 | Mem:1.42M, Peak:1.42M | Scene, ViewLayer | Updating Geometry BVH Eye socket 30/109 | Building mesh BLAS |      76 tris | Leather neckerchief roll
Fra:14 Mem:25.05M (Peak 29.60M) | Time:00:00.16 | Mem:1.42M, Peak:1.42M | Scene, ViewLayer | Updating Geometry BVH Eye socket 30/109 | Building mesh BLAS |     480 tris | Eye socket
Fra:14 Mem:25.05M (Peak 29.60M) | Time:00:00.16 | Mem:1.42M, Peak:1.42M | Scene, ViewLayer | Updating Geometry BVH Ivory eye 31/109 | Building BVH
Fra:14 Mem:25.05M (Peak 29.60M) | Time:00:00.16 | Mem:1.42M, Peak:1.42M | Scene, ViewLayer | Updating Geometry BVH Articulated tail 101/109 | Building BVH
Fra:14 Mem:25.05M (Peak 29.60M) | Time:00:00.16 | Mem:1.42M, Peak:1.42M | Scene, ViewLayer | Updating Geometry BVH Articulated tail 101/109 | Building mesh BLAS |     480 tris | Ivory eye
Fra:14 Mem:25.05M (Peak 29.60M) | Time:00:00.16 | Mem:1.42M, Peak:1.42M | Scene, ViewLayer | Updating Geometry BVH Iris 32/109 | Building BVH
Fra:14 Mem:25.05M (Peak 29.60M) | Time:00:00.16 | Mem:1.42M, Peak:1.42M | Scene, ViewLayer | Updating Geometry BVH Iris 32/109 | Building mesh BLAS |     268 tris | Articulated tail
Fra:14 Mem:25.05M (Peak 29.60M) | Time:00:00.16 | Mem:1.42M, Peak:1.42M | Scene, ViewLayer | Updating Geometry BVH Pupil 33/109 | Building BVH
Fra:14 Mem:25.05M (Peak 29.60M) | Time:00:00.16 | Mem:1.42M, Peak:1.42M | Scene, ViewLayer | Updating Geometry BVH Pupil 33/109 | Building mesh BLAS |     320 tris | Pupil
Fra:14 Mem:25.05M (Peak 29.60M) | Time:00:00.16 | Mem:1.42M, Peak:1.42M | Scene, ViewLayer | Updating Geometry BVH Eye glint 34/109 | Building BVH
Fra:14 Mem:25.05M (Peak 29.60M) | Time:00:00.16 | Mem:1.42M, Peak:1.42M | Scene, ViewLayer | Updating Geometry BVH Eye glint 34/109 | Building mesh BLAS |     192 tris | Eye glint
Fra:14 Mem:25.05M (Peak 29.60M) | Time:00:00.16 | Mem:1.42M, Peak:1.42M | Scene, ViewLayer | Updating Geometry BVH Expressive brow 35/109 | Building BVH
Fra:14 Mem:25.05M (Peak 29.60M) | Time:00:00.16 | Mem:1.42M, Peak:1.42M | Scene, ViewLayer | Updating Geometry BVH Expressive brow 35/109 | Building mesh BLAS |      44 tris | Expressive brow
Fra:14 Mem:25.05M (Peak 29.60M) | Time:00:00.16 | Mem:1.42M, Peak:1.42M | Scene, ViewLayer | Updating Geometry BVH Smiling mouth 36/109 | Building BVH
Fra:14 Mem:25.05M (Peak 29.60M) | Time:00:00.16 | Mem:1.42M, Peak:1.42M | Scene, ViewLayer | Updating Geometry BVH Smiling mouth 36/109 | Building mesh BLAS |      32 tris | Smiling mouth
Fra:14 Mem:25.05M (Peak 29.60M) | Time:00:00.16 | Mem:1.42M, Peak:1.42M | Scene, ViewLayer | Updating Geometry BVH Whisker pore 37/109 | Building BVH
Fra:14 Mem:25.05M (Peak 29.60M) | Time:00:00.16 | Mem:1.42M, Peak:1.42M | Scene, ViewLayer | Updating Geometry BVH Whisker pore.002 39/109 | Building BVH
Fra:14 Mem:25.05M (Peak 29.60M) | Time:00:00.16 | Mem:1.42M, Peak:1.42M | Scene, ViewLayer | Updating Geometry BVH Whisker pore.002 39/109 | Building mesh BLAS |      64 tris | Whisker pore.002
Fra:14 Mem:25.05M (Peak 29.60M) | Time:00:00.16 | Mem:1.42M, Peak:1.42M | Scene, ViewLayer | Updating Geometry BVH Whisker pore.002 39/109 | Building mesh BLAS |      64 tris | Whisker pore
Fra:14 Mem:25.05M (Peak 29.60M) | Time:00:00.16 | Mem:1.42M, Peak:1.42M | Scene, ViewLayer | Updating Geometry BVH Wrist fur.011 100/109 | Building BVH
Fra:14 Mem:25.05M (Peak 29.60M) | Time:00:00.16 | Mem:1.42M, Peak:1.42M | Scene, ViewLayer | Updating Geometry BVH Wrist fur.011 100/109 | Building mesh BLAS |      44 tris | Wrist fur.011
Fra:14 Mem:25.05M (Peak 29.60M) | Time:00:00.16 | Mem:1.42M, Peak:1.42M | Scene, ViewLayer | Updating Geometry BVH Ivory eye.001 41/109 | Building BVH
Fra:14 Mem:25.05M (Peak 29.60M) | Time:00:00.16 | Mem:1.42M, Peak:1.42M | Scene, ViewLayer | Updating Geometry BVH Pupil.001 43/109 | Building BVH
Fra:14 Mem:25.05M (Peak 29.60M) | Time:00:00.16 | Mem:1.42M, Peak:1.42M | Scene, ViewLayer | Updating Geometry BVH Pupil.001 43/109 | Building mesh BLAS |     480 tris | Eye socket.001
Fra:14 Mem:25.05M (Peak 29.60M) | Time:00:00.16 | Mem:1.42M, Peak:1.42M | Scene, ViewLayer | Updating Geometry BVH Wrist fur.010 99/109 | Building BVH
Fra:14 Mem:25.05M (Peak 29.60M) | Time:00:00.16 | Mem:1.42M, Peak:1.42M | Scene, ViewLayer | Updating Geometry BVH Wrist fur.010 99/109 | Building mesh BLAS |     480 tris | Ivory eye.001
Fra:14 Mem:25.05M (Peak 29.60M) | Time:00:00.16 | Mem:1.42M, Peak:1.42M | Scene, ViewLayer | Updating Geometry BVH Wrist fur.010 99/109 | Building mesh BLAS |     320 tris | Pupil.001
Fra:14 Mem:25.05M (Peak 29.60M) | Time:00:00.16 | Mem:1.42M, Peak:1.42M | Scene, ViewLayer | Updating Geometry BVH Wrist fur.010 99/109 | Building mesh BLAS |     192 tris | Eye glint.001
Fra:14 Mem:25.05M (Peak 29.60M) | Time:00:00.16 | Mem:1.42M, Peak:1.42M | Scene, ViewLayer | Updating Geometry BVH Expressive brow.001 45/109 | Building BVH
Fra:14 Mem:25.05M (Peak 29.60M) | Time:00:00.16 | Mem:1.42M, Peak:1.42M | Scene, ViewLayer | Updating Geometry BVH Smiling mouth.001 46/109 | Building BVH
Fra:14 Mem:25.05M (Peak 29.60M) | Time:00:00.16 | Mem:1.42M, Peak:1.42M | Scene, ViewLayer | Updating Geometry BVH Smiling mouth.001 46/109 | Building mesh BLAS |      44 tris | Expressive brow.001
Fra:14 Mem:25.05M (Peak 29.60M) | Time:00:00.16 | Mem:1.42M, Peak:1.42M | Scene, ViewLayer | Updating Geometry BVH Whisker pore.003 47/109 | Building BVH
Fra:14 Mem:25.05M (Peak 29.60M) | Time:00:00.16 | Mem:1.42M, Peak:1.42M | Scene, ViewLayer | Updating Geometry BVH Whisker pore.003 47/109 | Building mesh BLAS |      64 tris | Whisker pore.003
Fra:14 Mem:25.05M (Peak 29.60M) | Time:00:00.16 | Mem:1.42M, Peak:1.42M | Scene, ViewLayer | Updating Geometry BVH Whisker pore.003 47/109 | Building mesh BLAS |      32 tris | Smiling mouth.001
Fra:14 Mem:25.05M (Peak 29.60M) | Time:00:00.16 | Mem:1.42M, Peak:1.42M | Scene, ViewLayer | Updating Geometry BVH Whisker pore.005 49/109 | Building BVH
Fra:14 Mem:25.05M (Peak 29.60M) | Time:00:00.16 | Mem:1.42M, Peak:1.42M | Scene, ViewLayer | Updating Geometry BVH Lower jaw 50/109 | Building BVH
Fra:14 Mem:25.05M (Peak 29.60M) | Time:00:00.17 | Mem:1.42M, Peak:1.42M | Scene, ViewLayer | Updating Geometry BVH Lower jaw 50/109 | Building mesh BLAS |      64 tris | Whisker pore.004
Fra:14 Mem:25.05M (Peak 29.60M) | Time:00:00.17 | Mem:1.42M, Peak:1.42M | Scene, ViewLayer | Updating Geometry BVH Lower jaw 50/109 | Building mesh BLAS |     400 tris | Lower jaw
Fra:14 Mem:25.05M (Peak 29.60M) | Time:00:00.17 | Mem:1.42M, Peak:1.42M | Scene, ViewLayer | Updating Geometry BVH Connected inner mouth sleeve 51/109 | Building BVH
Fra:14 Mem:25.05M (Peak 29.60M) | Time:00:00.17 | Mem:1.42M, Peak:1.42M | Scene, ViewLayer | Updating Geometry BVH Connected inner mouth sleeve 51/109 | Building mesh BLAS |      90 tris | Connected inner mouth sleeve
Fra:14 Mem:25.05M (Peak 29.60M) | Time:00:00.17 | Mem:1.42M, Peak:1.42M | Scene, ViewLayer | Updating Geometry BVH Upper palate 52/109 | Building BVH
Fra:14 Mem:25.05M (Peak 29.60M) | Time:00:00.17 | Mem:1.42M, Peak:1.42M | Scene, ViewLayer | Updating Geometry BVH Upper palate 52/109 | Building mesh BLAS |      22 tris | Upper palate
Fra:14 Mem:25.05M (Peak 29.60M) | Time:00:00.17 | Mem:1.42M, Peak:1.42M | Scene, ViewLayer | Updating Geometry BVH Wrist fur.009 98/109 | Building BVH
Fra:14 Mem:25.05M (Peak 29.60M) | Time:00:00.17 | Mem:1.42M, Peak:1.42M | Scene, ViewLayer | Updating Geometry BVH Wrist fur.009 98/109 | Building mesh BLAS |      44 tris | Wrist fur.009
Fra:14 Mem:25.05M (Peak 29.60M) | Time:00:00.17 | Mem:1.42M, Peak:1.42M | Scene, ViewLayer | Updating Geometry BVH Connected outer cheek 54/109 | Building BVH
Fra:14 Mem:25.05M (Peak 29.60M) | Time:00:00.17 | Mem:1.42M, Peak:1.42M | Scene, ViewLayer | Updating Geometry BVH Connected outer cheek 54/109 | Building mesh BLAS |      24 tris | Connected outer cheek
Fra:14 Mem:25.05M (Peak 29.60M) | Time:00:00.17 | Mem:1.42M, Peak:1.42M | Scene, ViewLayer | Updating Geometry BVH Connected outer cheek 54/109 | Building mesh BLAS |      22 tris | Mandible floor
Fra:14 Mem:25.05M (Peak 29.60M) | Time:00:00.17 | Mem:1.42M, Peak:1.42M | Scene, ViewLayer | Updating Geometry BVH Connected outer cheek.001 55/109 | Building BVH
Fra:14 Mem:25.05M (Peak 29.60M) | Time:00:00.17 | Mem:1.42M, Peak:1.42M | Scene, ViewLayer | Updating Geometry BVH Connected outer cheek.001 55/109 | Building mesh BLAS |      24 tris | Connected outer cheek.001
Fra:14 Mem:25.05M (Peak 29.60M) | Time:00:00.17 | Mem:1.42M, Peak:1.42M | Scene, ViewLayer | Updating Geometry BVH Howl tongue 56/109 | Building BVH
Fra:14 Mem:25.05M (Peak 29.60M) | Time:00:00.17 | Mem:1.42M, Peak:1.42M | Scene, ViewLayer | Updating Geometry BVH Pointed species ear 59/109 | Building BVH
Fra:14 Mem:25.05M (Peak 29.60M) | Time:00:00.17 | Mem:1.42M, Peak:1.42M | Scene, ViewLayer | Updating Geometry BVH Inner ear 60/109 | Building BVH
Fra:14 Mem:25.05M (Peak 29.60M) | Time:00:00.17 | Mem:1.42M, Peak:1.42M | Scene, ViewLayer | Updating Geometry BVH Inner ear 60/109 | Building mesh BLAS |      38 tris | Lower canine.001
Fra:14 Mem:25.05M (Peak 29.60M) | Time:00:00.17 | Mem:1.42M, Peak:1.42M | Scene, ViewLayer | Updating Geometry BVH Inner ear 60/109 | Building mesh BLAS |      38 tris | Lower canine
Fra:14 Mem:25.05M (Peak 29.60M) | Time:00:00.17 | Mem:1.42M, Peak:1.42M | Scene, ViewLayer | Updating Geometry BVH Pointed species ear.001 61/109 | Building mesh BLAS |       3 tris | Inner ear
Fra:14 Mem:25.05M (Peak 29.60M) | Time:00:00.17 | Mem:1.42M, Peak:1.42M | Scene, ViewLayer | Updating Geometry BVH Inner ear.001 62/109 | Building BVH
Fra:14 Mem:25.05M (Peak 29.60M) | Time:00:00.17 | Mem:1.42M, Peak:1.42M | Scene, ViewLayer | Updating Geometry BVH Inner ear.001 62/109 | Building mesh BLAS |       6 tris | Pointed species ear
Fra:14 Mem:25.05M (Peak 29.60M) | Time:00:00.17 | Mem:1.42M, Peak:1.42M | Scene, ViewLayer | Updating Geometry BVH Inner ear.001 62/109 | Building mesh BLAS |       6 tris | Pointed species ear.001
Fra:14 Mem:25.05M (Peak 29.60M) | Time:00:00.17 | Mem:1.42M, Peak:1.42M | Scene, ViewLayer | Updating Geometry BVH Swept cheek ruff 63/109 | Building BVH
Fra:14 Mem:25.05M (Peak 29.60M) | Time:00:00.17 | Mem:1.42M, Peak:1.42M | Scene, ViewLayer | Updating Geometry BVH Swept cheek ruff 63/109 | Building mesh BLAS |      44 tris | Swept cheek ruff
Fra:14 Mem:25.05M (Peak 29.60M) | Time:00:00.17 | Mem:1.42M, Peak:1.42M | Scene, ViewLayer | Updating Geometry BVH Swept cheek ruff.001 64/109 | Building BVH
Fra:14 Mem:25.05M (Peak 29.60M) | Time:00:00.17 | Mem:1.42M, Peak:1.42M | Scene, ViewLayer | Updating Geometry BVH Swept cheek ruff.001 64/109 | Building mesh BLAS |      44 tris | Swept cheek ruff.001
Fra:14 Mem:25.05M (Peak 29.60M) | Time:00:00.17 | Mem:1.42M, Peak:1.42M | Scene, ViewLayer | Updating Geometry BVH Swept cheek ruff.002 65/109 | Building mesh BLAS |       3 tris | Inner ear.001
Fra:14 Mem:25.05M (Peak 29.60M) | Time:00:00.17 | Mem:1.42M, Peak:1.42M | Scene, ViewLayer | Updating Geometry BVH Swept cheek ruff.002 65/109 | Building mesh BLAS |      44 tris | Swept cheek ruff.002
Fra:14 Mem:25.05M (Peak 29.60M) | Time:00:00.17 | Mem:1.42M, Peak:1.42M | Scene, ViewLayer | Updating Geometry BVH Swept cheek ruff.003 66/109 | Building BVH
Fra:14 Mem:25.05M (Peak 29.60M) | Time:00:00.17 | Mem:1.42M, Peak:1.42M | Scene, ViewLayer | Updating Geometry BVH Swept cheek ruff.003 66/109 | Building mesh BLAS |      44 tris | Swept cheek ruff.003
Fra:14 Mem:25.05M (Peak 29.60M) | Time:00:00.17 | Mem:1.42M, Peak:1.42M | Scene, ViewLayer | Updating Geometry BVH Swept cheek ruff.004 67/109 | Building BVH
Fra:14 Mem:25.05M (Peak 29.60M) | Time:00:00.17 | Mem:1.42M, Peak:1.42M | Scene, ViewLayer | Updating Geometry BVH Swept cheek ruff.005 68/109 | Building BVH
Fra:14 Mem:25.05M (Peak 29.60M) | Time:00:00.17 | Mem:1.42M, Peak:1.42M | Scene, ViewLayer | Updating Geometry BVH Swept cheek ruff.005 68/109 | Building mesh BLAS |      44 tris | Swept cheek ruff.004
Fra:14 Mem:25.05M (Peak 29.60M) | Time:00:00.17 | Mem:1.42M, Peak:1.42M | Scene, ViewLayer | Updating Geometry BVH Swept cheek ruff.005 68/109 | Building mesh BLAS |      44 tris | Swept cheek ruff.005
Fra:14 Mem:25.05M (Peak 29.60M) | Time:00:00.17 | Mem:1.42M, Peak:1.42M | Scene, ViewLayer | Updating Geometry BVH Layered shoulder fur.010 96/109 | Building BVH
Fra:14 Mem:25.05M (Peak 29.60M) | Time:00:00.17 | Mem:1.42M, Peak:1.42M | Scene, ViewLayer | Updating Geometry BVH Layered shoulder fur.010 96/109 | Building mesh BLAS |      44 tris | Layered shoulder fur.010
Fra:14 Mem:25.05M (Peak 29.60M) | Time:00:00.17 | Mem:1.42M, Peak:1.42M | Scene, ViewLayer | Updating Geometry BVH Swept cheek ruff.006 69/109 | Building BVH
Fra:14 Mem:25.05M (Peak 29.60M) | Time:00:00.17 | Mem:1.42M, Peak:1.42M | Scene, ViewLayer | Updating Geometry BVH Swept cheek ruff.006 69/109 | Building mesh BLAS |      44 tris | Swept cheek ruff.006
Fra:14 Mem:25.05M (Peak 29.60M) | Time:00:00.17 | Mem:1.42M, Peak:1.42M | Scene, ViewLayer | Updating Geometry BVH Swept cheek ruff.007 70/109 | Building BVH
Fra:14 Mem:25.05M (Peak 29.60M) | Time:00:00.17 | Mem:1.42M, Peak:1.42M | Scene, ViewLayer | Updating Geometry BVH Swept cheek ruff.007 70/109 | Building mesh BLAS |      44 tris | Swept cheek ruff.007
Fra:14 Mem:25.05M (Peak 29.60M) | Time:00:00.17 | Mem:1.42M, Peak:1.42M | Scene, ViewLayer | Updating Geometry BVH Ice swept crest 71/109 | Building BVH
Fra:14 Mem:25.05M (Peak 29.60M) | Time:00:00.17 | Mem:1.42M, Peak:1.42M | Scene, ViewLayer | Updating Geometry BVH Ice swept crest 71/109 | Building mesh BLAS |      44 tris | Ice swept crest
Fra:14 Mem:25.05M (Peak 29.60M) | Time:00:00.17 | Mem:1.42M, Peak:1.42M | Scene, ViewLayer | Updating Geometry BVH Ice swept crest.001 72/109 | Building BVH
Fra:14 Mem:25.05M (Peak 29.60M) | Time:00:00.17 | Mem:1.42M, Peak:1.42M | Scene, ViewLayer | Updating Geometry BVH Ice swept crest.001 72/109 | Building mesh BLAS |      44 tris | Ice swept crest.001
Fra:14 Mem:25.05M (Peak 29.60M) | Time:00:00.17 | Mem:1.42M, Peak:1.42M | Scene, ViewLayer | Updating Geometry BVH Ice swept crest.002 73/109 | Building BVH
Fra:14 Mem:25.05M (Peak 29.60M) | Time:00:00.17 | Mem:1.42M, Peak:1.42M | Scene, ViewLayer | Updating Geometry BVH Ice swept crest.002 73/109 | Building mesh BLAS |      44 tris | Ice swept crest.002
Fra:14 Mem:25.05M (Peak 29.60M) | Time:00:00.17 | Mem:1.42M, Peak:1.42M | Scene, ViewLayer | Updating Geometry BVH Ice swept crest.003 74/109 | Building BVH
Fra:14 Mem:25.05M (Peak 29.60M) | Time:00:00.17 | Mem:1.42M, Peak:1.42M | Scene, ViewLayer | Updating Geometry BVH Ice swept crest.003 74/109 | Building mesh BLAS |      44 tris | Ice swept crest.003
Fra:14 Mem:25.05M (Peak 29.60M) | Time:00:00.17 | Mem:1.42M, Peak:1.42M | Scene, ViewLayer | Updating Geometry BVH Ice swept crest.004 75/109 | Building BVH
Fra:14 Mem:25.05M (Peak 29.60M) | Time:00:00.17 | Mem:1.42M, Peak:1.42M | Scene, ViewLayer | Updating Geometry BVH Ice swept crest.004 75/109 | Building mesh BLAS |      44 tris | Ice swept crest.004
Fra:14 Mem:25.05M (Peak 29.60M) | Time:00:00.17 | Mem:1.43M, Peak:1.43M | Scene, ViewLayer | Updating Geometry BVH Layered shoulder fur.009 95/109 | Building BVH
Fra:14 Mem:25.05M (Peak 29.60M) | Time:00:00.17 | Mem:1.43M, Peak:1.43M | Scene, ViewLayer | Updating Geometry BVH Layered shoulder fur.009 95/109 | Building mesh BLAS |      44 tris | Layered shoulder fur.009
Fra:14 Mem:25.05M (Peak 29.60M) | Time:00:00.17 | Mem:1.43M, Peak:1.43M | Scene, ViewLayer | Updating Geometry BVH Ice swept crest.005 76/109 | Building BVH
Fra:14 Mem:25.05M (Peak 29.60M) | Time:00:00.17 | Mem:1.43M, Peak:1.43M | Scene, ViewLayer | Updating Geometry BVH Ice swept crest.005 76/109 | Building mesh BLAS |      44 tris | Ice swept crest.005
Fra:14 Mem:25.05M (Peak 29.60M) | Time:00:00.17 | Mem:1.43M, Peak:1.43M | Scene, ViewLayer | Updating Geometry BVH Layered shoulder fur 77/109 | Building BVH
Fra:14 Mem:25.05M (Peak 29.60M) | Time:00:00.17 | Mem:1.43M, Peak:1.43M | Scene, ViewLayer | Updating Geometry BVH Layered shoulder fur 77/109 | Building mesh BLAS |      44 tris | Layered shoulder fur
Fra:14 Mem:25.05M (Peak 29.60M) | Time:00:00.17 | Mem:1.43M, Peak:1.43M | Scene, ViewLayer | Updating Geometry BVH Layered shoulder fur.001 78/109 | Building BVH
Fra:14 Mem:25.05M (Peak 29.60M) | Time:00:00.17 | Mem:1.43M, Peak:1.43M | Scene, ViewLayer | Updating Geometry BVH Layered shoulder fur.001 78/109 | Building mesh BLAS |      44 tris | Layered shoulder fur.001
Fra:14 Mem:25.05M (Peak 29.60M) | Time:00:00.17 | Mem:1.43M, Peak:1.43M | Scene, ViewLayer | Updating Geometry BVH Layered shoulder fur.002 79/109 | Building BVH
Fra:14 Mem:25.05M (Peak 29.60M) | Time:00:00.17 | Mem:1.43M, Peak:1.43M | Scene, ViewLayer | Updating Geometry BVH Layered shoulder fur.002 79/109 | Building mesh BLAS |      44 tris | Layered shoulder fur.002
Fra:14 Mem:25.05M (Peak 29.60M) | Time:00:00.17 | Mem:1.43M, Peak:1.43M | Scene, ViewLayer | Updating Geometry BVH Wrist fur 80/109 | Building BVH
Fra:14 Mem:25.05M (Peak 29.60M) | Time:00:00.17 | Mem:1.43M, Peak:1.43M | Scene, ViewLayer | Updating Geometry BVH Wrist fur 80/109 | Building mesh BLAS |      44 tris | Wrist fur
Fra:14 Mem:25.05M (Peak 29.60M) | Time:00:00.18 | Mem:1.43M, Peak:1.43M | Scene, ViewLayer | Updating Geometry BVH Wrist fur.001 81/109 | Building BVH
Fra:14 Mem:25.05M (Peak 29.60M) | Time:00:00.18 | Mem:1.43M, Peak:1.43M | Scene, ViewLayer | Updating Geometry BVH Wrist fur.001 81/109 | Building mesh BLAS |      44 tris | Wrist fur.001
Fra:14 Mem:25.05M (Peak 29.60M) | Time:00:00.18 | Mem:1.43M, Peak:1.43M | Scene, ViewLayer | Updating Geometry BVH Wrist fur.002 82/109 | Building BVH
Fra:14 Mem:25.05M (Peak 29.60M) | Time:00:00.18 | Mem:1.43M, Peak:1.43M | Scene, ViewLayer | Updating Geometry BVH Wrist fur.002 82/109 | Building mesh BLAS |      44 tris | Wrist fur.002
Fra:14 Mem:25.05M (Peak 29.60M) | Time:00:00.18 | Mem:1.43M, Peak:1.43M | Scene, ViewLayer | Updating Geometry BVH Wrist fur.008 94/109 | Building BVH
Fra:14 Mem:25.05M (Peak 29.60M) | Time:00:00.18 | Mem:1.43M, Peak:1.43M | Scene, ViewLayer | Updating Geometry BVH Wrist fur.008 94/109 | Building mesh BLAS |      44 tris | Wrist fur.008
Fra:14 Mem:25.05M (Peak 29.60M) | Time:00:00.18 | Mem:1.43M, Peak:1.43M | Scene, ViewLayer | Updating Geometry BVH Layered shoulder fur.003 83/109 | Building BVH
Fra:14 Mem:25.05M (Peak 29.60M) | Time:00:00.18 | Mem:1.43M, Peak:1.43M | Scene, ViewLayer | Updating Geometry BVH Layered shoulder fur.003 83/109 | Building mesh BLAS |      44 tris | Layered shoulder fur.003
Fra:14 Mem:25.05M (Peak 29.60M) | Time:00:00.18 | Mem:1.43M, Peak:1.43M | Scene, ViewLayer | Updating Geometry BVH Layered shoulder fur.004 84/109 | Building BVH
Fra:14 Mem:25.05M (Peak 29.60M) | Time:00:00.18 | Mem:1.43M, Peak:1.43M | Scene, ViewLayer | Updating Geometry BVH Layered shoulder fur.004 84/109 | Building mesh BLAS |      44 tris | Layered shoulder fur.004
Fra:14 Mem:25.05M (Peak 29.60M) | Time:00:00.18 | Mem:1.43M, Peak:1.43M | Scene, ViewLayer | Updating Geometry BVH Layered shoulder fur.005 85/109 | Building BVH
Fra:14 Mem:25.05M (Peak 29.60M) | Time:00:00.18 | Mem:1.43M, Peak:1.43M | Scene, ViewLayer | Updating Geometry BVH Layered shoulder fur.005 85/109 | Building mesh BLAS |      44 tris | Layered shoulder fur.005
Fra:14 Mem:25.05M (Peak 29.60M) | Time:00:00.18 | Mem:1.43M, Peak:1.43M | Scene, ViewLayer | Updating Geometry BVH Wrist fur.003 86/109 | Building BVH
Fra:14 Mem:25.05M (Peak 29.60M) | Time:00:00.18 | Mem:1.43M, Peak:1.43M | Scene, ViewLayer | Updating Geometry BVH Wrist fur.003 86/109 | Building mesh BLAS |      44 tris | Wrist fur.003
Fra:14 Mem:25.05M (Peak 29.60M) | Time:00:00.18 | Mem:1.63M, Peak:1.63M | Scene, ViewLayer | Updating Geometry BVH Wrist fur.004 87/109 | Building BVH
Fra:14 Mem:25.05M (Peak 29.60M) | Time:00:00.18 | Mem:1.63M, Peak:1.63M | Scene, ViewLayer | Updating Geometry BVH Wrist fur.004 87/109 | Building mesh BLAS |      44 tris | Wrist fur.004
Fra:14 Mem:25.05M (Peak 29.60M) | Time:00:00.18 | Mem:1.63M, Peak:1.63M | Scene, ViewLayer | Updating Geometry BVH Wrist fur.005 88/109 | Building BVH
Fra:14 Mem:25.05M (Peak 29.60M) | Time:00:00.18 | Mem:1.63M, Peak:1.63M | Scene, ViewLayer | Updating Geometry BVH Wrist fur.005 88/109 | Building mesh BLAS |      44 tris | Wrist fur.005
Fra:14 Mem:25.05M (Peak 29.60M) | Time:00:00.18 | Mem:1.64M, Peak:1.64M | Scene, ViewLayer | Updating Geometry BVH Layered shoulder fur.006 89/109 | Building BVH
Fra:14 Mem:25.05M (Peak 29.60M) | Time:00:00.18 | Mem:1.64M, Peak:1.64M | Scene, ViewLayer | Updating Geometry BVH Layered shoulder fur.006 89/109 | Building mesh BLAS |      44 tris | Layered shoulder fur.006
Fra:14 Mem:25.05M (Peak 29.60M) | Time:00:00.18 | Mem:1.64M, Peak:1.64M | Scene, ViewLayer | Updating Geometry BVH Wrist fur.007 93/109 | Building BVH
Fra:14 Mem:25.05M (Peak 29.60M) | Time:00:00.18 | Mem:1.64M, Peak:1.64M | Scene, ViewLayer | Updating Geometry BVH Wrist fur.007 93/109 | Building mesh BLAS |      44 tris | Wrist fur.007
Fra:14 Mem:25.05M (Peak 29.60M) | Time:00:00.18 | Mem:1.64M, Peak:1.64M | Scene, ViewLayer | Updating Geometry BVH Layered shoulder fur.007 90/109 | Building BVH
Fra:14 Mem:25.05M (Peak 29.60M) | Time:00:00.18 | Mem:1.64M, Peak:1.64M | Scene, ViewLayer | Updating Geometry BVH Layered shoulder fur.007 90/109 | Building mesh BLAS |      44 tris | Layered shoulder fur.007
Fra:14 Mem:25.05M (Peak 29.60M) | Time:00:00.18 | Mem:1.67M, Peak:1.67M | Scene, ViewLayer | Updating Geometry BVH Layered shoulder fur.008 91/109 | Building BVH
Fra:14 Mem:25.05M (Peak 29.60M) | Time:00:00.18 | Mem:1.67M, Peak:1.67M | Scene, ViewLayer | Updating Geometry BVH Wrist fur.006 92/109 | Building BVH
Fra:14 Mem:25.05M (Peak 29.60M) | Time:00:00.18 | Mem:1.67M, Peak:1.67M | Scene, ViewLayer | Updating Geometry BVH Wrist fur.006 92/109 | Building mesh BLAS |      44 tris | Layered shoulder fur.008
Fra:14 Mem:25.05M (Peak 29.60M) | Time:00:00.18 | Mem:1.67M, Peak:1.67M | Scene, ViewLayer | Updating Geometry BVH Wrist fur.006 92/109 | Building mesh BLAS |      44 tris | Wrist fur.006
Fra:14 Mem:25.05M (Peak 29.60M) | Time:00:00.18 | Mem:1.95M, Peak:1.95M | Scene, ViewLayer | Updating Scene BVH | Building
Fra:14 Mem:25.05M (Peak 29.60M) | Time:00:00.19 | Mem:2.28M, Peak:2.28M | Scene, ViewLayer | Updating Scene BVH | Building TLAS      |     109 instances
Fra:14 Mem:25.06M (Peak 29.60M) | Time:00:00.19 | Mem:2.31M, Peak:2.31M | Scene, ViewLayer | Updating Scene BVH | Copying BVH to device
Fra:14 Mem:25.06M (Peak 29.60M) | Time:00:00.19 | Mem:2.31M, Peak:2.31M | Scene, ViewLayer | Updating Mesh | Computing normals
Fra:14 Mem:25.55M (Peak 29.60M) | Time:00:00.20 | Mem:2.31M, Peak:2.31M | Scene, ViewLayer | Updating Mesh | Copying Mesh to device
Fra:14 Mem:25.06M (Peak 29.60M) | Time:00:00.20 | Mem:2.82M, Peak:2.82M | Scene, ViewLayer | Updating Objects Flags
Fra:14 Mem:25.05M (Peak 29.60M) | Time:00:00.20 | Mem:2.82M, Peak:2.82M | Scene, ViewLayer | Updating Primitive Offsets
Fra:14 Mem:25.05M (Peak 29.60M) | Time:00:00.20 | Mem:2.82M, Peak:2.82M | Scene, ViewLayer | Updating Images
Fra:14 Mem:25.05M (Peak 29.60M) | Time:00:00.20 | Mem:2.82M, Peak:2.82M | Scene, ViewLayer | Updating Camera Volume
Fra:14 Mem:25.05M (Peak 29.60M) | Time:00:00.20 | Mem:2.82M, Peak:2.82M | Scene, ViewLayer | Updating Lookup Tables
Fra:14 Mem:24.97M (Peak 29.60M) | Time:00:00.20 | Mem:2.92M, Peak:2.92M | Scene, ViewLayer | Updating Lights
Fra:14 Mem:24.97M (Peak 29.60M) | Time:00:00.20 | Mem:2.92M, Peak:2.92M | Scene, ViewLayer | Updating Lights | Computing tree
Fra:14 Mem:24.97M (Peak 29.60M) | Time:00:00.20 | Mem:2.92M, Peak:2.92M | Scene, ViewLayer | Updating Integrator
Fra:14 Mem:24.97M (Peak 29.60M) | Time:00:00.20 | Mem:2.92M, Peak:2.92M | Scene, ViewLayer | Updating Film
Fra:14 Mem:25.06M (Peak 29.60M) | Time:00:00.20 | Mem:2.83M, Peak:2.92M | Scene, ViewLayer | Updating Lookup Tables
Fra:14 Mem:24.97M (Peak 29.60M) | Time:00:00.20 | Mem:2.92M, Peak:2.92M | Scene, ViewLayer | Updating Baking
Fra:14 Mem:24.97M (Peak 29.60M) | Time:00:00.20 | Mem:2.92M, Peak:2.92M | Scene, ViewLayer | Updating Device | Writing constant memory
Fra:14 Mem:24.98M (Peak 29.60M) | Time:00:00.21 | Mem:2.92M, Peak:2.92M | Scene, ViewLayer | Loading denoising kernels (may take a few minutes the first time)
Fra:14 Mem:24.98M (Peak 56.98M) | Time:00:00.22 | Mem:2818.93M, Peak:2818.93M | Scene, ViewLayer | Sample 0/12 (Using optimized kernels)
Fra:14 Mem:24.97M (Peak 60.48M) | Time:00:01.02 | Remaining:00:08.79 | Mem:2854.47M, Peak:2854.47M | Scene, ViewLayer | Sample 1/12 (Using optimized kernels)
Fra:14 Mem:39.93M (Peak 62.36M) | Time:00:02.99 | Mem:2854.48M, Peak:2854.48M | Scene, ViewLayer | Sample 12/12 (Using optimized kernels)
Fra:14 Mem:39.93M (Peak 62.36M) | Time:00:02.99 | Mem:2854.48M, Peak:2854.48M | Scene, ViewLayer | Finished
Saved: '/Users/chikumatsuboi/Code/animal-racers-western/assets/source/western/qa/repair-cycle-2/after/wolf-special-14.png'
Time: 00:03.23 (Saving: 00:00.15)

RENDERED wolf

Blender quit
