Blender 4.5.9 LTS (hash 8bf95cbd38d1 built 2026-04-21 01:30:46)
Read blend: "/Users/chikumatsuboi/Code/animal-racers-western/assets/source/western/wolf.blend"
Saved: '/Users/chikumatsuboi/Code/animal-racers-western/assets/source/western/qa/wolf-run/0001.png'
Time: 00:00.28 (Saving: 00:00.13)

Saved: '/Users/chikumatsuboi/Code/animal-racers-western/assets/source/western/qa/wolf-run/0003.png'
Time: 00:00.04 (Saving: 00:00.01)

Saved: '/Users/chikumatsuboi/Code/animal-racers-western/assets/source/western/qa/wolf-run/0005.png'
Time: 00:00.04 (Saving: 00:00.01)

Saved: '/Users/chikumatsuboi/Code/animal-racers-western/assets/source/western/qa/wolf-run/0007.png'
Time: 00:00.04 (Saving: 00:00.02)

Saved: '/Users/chikumatsuboi/Code/animal-racers-western/assets/source/western/qa/wolf-run/0009.png'
Time: 00:00.04 (Saving: 00:00.01)

Saved: '/Users/chikumatsuboi/Code/animal-racers-western/assets/source/western/qa/wolf-run/0011.png'
Time: 00:00.05 (Saving: 00:00.02)

Saved: '/Users/chikumatsuboi/Code/animal-racers-western/assets/source/western/qa/wolf-run/0013.png'
Time: 00:00.05 (Saving: 00:00.02)

Saved: '/Users/chikumatsuboi/Code/animal-racers-western/assets/source/western/qa/wolf-run/0015.png'
Time: 00:00.06 (Saving: 00:00.03)

Saved: '/Users/chikumatsuboi/Code/animal-racers-western/assets/source/western/qa/wolf-run/0016.png'
Time: 00:00.05 (Saving: 00:00.02)

Saved: '/Users/chikumatsuboi/Code/animal-racers-western/assets/source/western/qa/wolf-transform/0001.png'
Time: 00:00.04 (Saving: 00:00.02)

Saved: '/Users/chikumatsuboi/Code/animal-racers-western/assets/source/western/qa/wolf-transform/0003.png'
Time: 00:00.05 (Saving: 00:00.02)

Saved: '/Users/chikumatsuboi/Code/animal-racers-western/assets/source/western/qa/wolf-transform/0005.png'
Time: 00:00.05 (Saving: 00:00.02)

Saved: '/Users/chikumatsuboi/Code/animal-racers-western/assets/source/western/qa/wolf-transform/0007.png'
Time: 00:00.05 (Saving: 00:00.02)

Saved: '/Users/chikumatsuboi/Code/animal-racers-western/assets/source/western/qa/wolf-transform/0009.png'
Time: 00:00.04 (Saving: 00:00.02)

Saved: '/Users/chikumatsuboi/Code/animal-racers-western/assets/source/western/qa/wolf-transform/0011.png'
Time: 00:00.05 (Saving: 00:00.02)

Saved: '/Users/chikumatsuboi/Code/animal-racers-western/assets/source/western/qa/wolf-transform/0013.png'
Time: 00:00.06 (Saving: 00:00.03)

Saved: '/Users/chikumatsuboi/Code/animal-racers-western/assets/source/western/qa/wolf-transform/0015.png'
Time: 00:00.05 (Saving: 00:00.02)

Saved: '/Users/chikumatsuboi/Code/animal-racers-western/assets/source/western/qa/wolf-transform/0017.png'
Time: 00:00.05 (Saving: 00:00.02)

Saved: '/Users/chikumatsuboi/Code/animal-racers-western/assets/source/western/qa/wolf-transform/0019.png'
Time: 00:00.06 (Saving: 00:00.03)

Saved: '/Users/chikumatsuboi/Code/animal-racers-western/assets/source/western/qa/wolf-transform/0021.png'
Time: 00:00.05 (Saving: 00:00.02)

Saved: '/Users/chikumatsuboi/Code/animal-racers-western/assets/source/western/qa/wolf-transform/0023.png'
Time: 00:00.06 (Saving: 00:00.03)

Saved: '/Users/chikumatsuboi/Code/animal-racers-western/assets/source/western/qa/wolf-transform/0025.png'
Time: 00:00.07 (Saving: 00:00.02)

Saved: '/Users/chikumatsuboi/Code/animal-racers-western/assets/source/western/qa/wolf-transform/0027.png'
Time: 00:00.06 (Saving: 00:00.03)

Saved: '/Users/chikumatsuboi/Code/animal-racers-western/assets/source/western/qa/wolf-transform/0029.png'
Time: 00:00.07 (Saving: 00:00.03)

Saved: '/Users/chikumatsuboi/Code/animal-racers-western/assets/source/western/qa/wolf-transform/0031.png'
Time: 00:00.07 (Saving: 00:00.03)

Saved: '/Users/chikumatsuboi/Code/animal-racers-western/assets/source/western/qa/wolf-transform/0033.png'
Time: 00:00.09 (Saving: 00:00.04)

Saved: '/Users/chikumatsuboi/Code/animal-racers-western/assets/source/western/qa/wolf-transform/0035.png'
Time: 00:00.07 (Saving: 00:00.03)

Saved: '/Users/chikumatsuboi/Code/animal-racers-western/assets/source/western/qa/wolf-transform/0037.png'
Time: 00:00.10 (Saving: 00:00.05)

Saved: '/Users/chikumatsuboi/Code/animal-racers-western/assets/source/western/qa/wolf-fight_move/0001.png'
Time: 00:00.12 (Saving: 00:00.06)

Saved: '/Users/chikumatsuboi/Code/animal-racers-western/assets/source/western/qa/wolf-fight_move/0003.png'
Time: 00:00.16 (Saving: 00:00.04)

Saved: '/Users/chikumatsuboi/Code/animal-racers-western/assets/source/western/qa/wolf-fight_move/0005.png'
Time: 00:00.10 (Saving: 00:00.05)

Saved: '/Users/chikumatsuboi/Code/animal-racers-western/assets/source/western/qa/wolf-fight_move/0007.png'
Time: 00:00.11 (Saving: 00:00.06)

Saved: '/Users/chikumatsuboi/Code/animal-racers-western/assets/source/western/qa/wolf-fight_move/0009.png'
Time: 00:00.12 (Saving: 00:00.04)

Saved: '/Users/chikumatsuboi/Code/animal-racers-western/assets/source/western/qa/wolf-fight_move/0011.png'
Time: 00:00.13 (Saving: 00:00.06)

Saved: '/Users/chikumatsuboi/Code/animal-racers-western/assets/source/western/qa/wolf-fight_move/0013.png'
Time: 00:00.13 (Saving: 00:00.05)

Saved: '/Users/chikumatsuboi/Code/animal-racers-western/assets/source/western/qa/wolf-attack/0001.png'
Time: 00:00.08 (Saving: 00:00.04)

Saved: '/Users/chikumatsuboi/Code/animal-racers-western/assets/source/western/qa/wolf-attack/0003.png'
Time: 00:00.14 (Saving: 00:00.09)

Saved: '/Users/chikumatsuboi/Code/animal-racers-western/assets/source/western/qa/wolf-attack/0005.png'
Time: 00:00.10 (Saving: 00:00.04)

Saved: '/Users/chikumatsuboi/Code/animal-racers-western/assets/source/western/qa/wolf-attack/0007.png'
Time: 00:00.09 (Saving: 00:00.03)

Saved: '/Users/chikumatsuboi/Code/animal-racers-western/assets/source/western/qa/wolf-attack/0009.png'
Time: 00:00.15 (Saving: 00:00.09)

Saved: '/Users/chikumatsuboi/Code/animal-racers-western/assets/source/western/qa/wolf-attack/0011.png'
Time: 00:00.43 (Saving: 00:00.21)

Saved: '/Users/chikumatsuboi/Code/animal-racers-western/assets/source/western/qa/wolf-attack/0013.png'
Time: 00:00.16 (Saving: 00:00.08)

Saved: '/Users/chikumatsuboi/Code/animal-racers-western/assets/source/western/qa/wolf-attack/0015.png'
Time: 00:00.36 (Saving: 00:00.26)

Saved: '/Users/chikumatsuboi/Code/animal-racers-western/assets/source/western/qa/wolf-attack/0017.png'
Time: 00:00.32 (Saving: 00:00.24)

Saved: '/Users/chikumatsuboi/Code/animal-racers-western/assets/source/western/qa/wolf-attack/0018.png'
Time: 00:00.32 (Saving: 00:00.26)

Saved: '/Users/chikumatsuboi/Code/animal-racers-western/assets/source/western/qa/wolf-special/0001.png'
Time: 00:00.11 (Saving: 00:00.05)

Saved: '/Users/chikumatsuboi/Code/animal-racers-western/assets/source/western/qa/wolf-special/0003.png'
Time: 00:00.15 (Saving: 00:00.06)

Saved: '/Users/chikumatsuboi/Code/animal-racers-western/assets/source/western/qa/wolf-special/0005.png'
Time: 00:00.52 (Saving: 00:00.46)

Saved: '/Users/chikumatsuboi/Code/animal-racers-western/assets/source/western/qa/wolf-special/0007.png'
Time: 00:00.12 (Saving: 00:00.07)

Saved: '/Users/chikumatsuboi/Code/animal-racers-western/assets/source/western/qa/wolf-special/0009.png'
Time: 00:00.26 (Saving: 00:00.13)

Saved: '/Users/chikumatsuboi/Code/animal-racers-western/assets/source/western/qa/wolf-special/0011.png'
Time: 00:00.12 (Saving: 00:00.06)

Saved: '/Users/chikumatsuboi/Code/animal-racers-western/assets/source/western/qa/wolf-special/0013.png'
Time: 00:00.17 (Saving: 00:00.11)

Saved: '/Users/chikumatsuboi/Code/animal-racers-western/assets/source/western/qa/wolf-special/0015.png'
Time: 00:00.23 (Saving: 00:00.10)

Saved: '/Users/chikumatsuboi/Code/animal-racers-western/assets/source/western/qa/wolf-special/0017.png'
Time: 00:00.13 (Saving: 00:00.07)

Saved: '/Users/chikumatsuboi/Code/animal-racers-western/assets/source/western/qa/wolf-special/0019.png'
Time: 00:00.20 (Saving: 00:00.11)

Saved: '/Users/chikumatsuboi/Code/animal-racers-western/assets/source/western/qa/wolf-special/0021.png'
Time: 00:00.21 (Saving: 00:00.15)

Saved: '/Users/chikumatsuboi/Code/animal-racers-western/assets/source/western/qa/wolf-special/0023.png'
Time: 00:00.12 (Saving: 00:00.06)

Saved: '/Users/chikumatsuboi/Code/animal-racers-western/assets/source/western/qa/wolf-special/0025.png'
Time: 00:00.20 (Saving: 00:00.10)

Saved: '/Users/chikumatsuboi/Code/animal-racers-western/assets/source/western/qa/wolf-special/0027.png'
Time: 00:00.32 (Saving: 00:00.25)

Saved: '/Users/chikumatsuboi/Code/animal-racers-western/assets/source/western/qa/wolf-special/0029.png'
Time: 00:00.19 (Saving: 00:00.12)

Saved: '/Users/chikumatsuboi/Code/animal-racers-western/assets/source/western/qa/wolf-special/0031.png'
Time: 00:00.19 (Saving: 00:00.12)

Saved: '/Users/chikumatsuboi/Code/animal-racers-western/assets/source/western/qa/wolf-special/0033.png'
Time: 00:00.12 (Saving: 00:00.05)

Saved: '/Users/chikumatsuboi/Code/animal-racers-western/assets/source/western/qa/wolf-special/0035.png'
Time: 00:00.16 (Saving: 00:00.09)

Saved: '/Users/chikumatsuboi/Code/animal-racers-western/assets/source/western/qa/wolf-guard/0001.png'
Time: 00:00.36 (Saving: 00:00.28)

Saved: '/Users/chikumatsuboi/Code/animal-racers-western/assets/source/western/qa/wolf-guard/0003.png'
Time: 00:00.16 (Saving: 00:00.06)

Saved: '/Users/chikumatsuboi/Code/animal-racers-western/assets/source/western/qa/wolf-guard/0005.png'
Time: 00:00.12 (Saving: 00:00.05)

Saved: '/Users/chikumatsuboi/Code/animal-racers-western/assets/source/western/qa/wolf-guard/0007.png'
Time: 00:00.17 (Saving: 00:00.08)

Saved: '/Users/chikumatsuboi/Code/animal-racers-western/assets/source/western/qa/wolf-guard/0009.png'
Time: 00:00.19 (Saving: 00:00.10)

Saved: '/Users/chikumatsuboi/Code/animal-racers-western/assets/source/western/qa/wolf-guard/0011.png'
Time: 00:00.14 (Saving: 00:00.09)

Saved: '/Users/chikumatsuboi/Code/animal-racers-western/assets/source/western/qa/wolf-guard/0013.png'
Time: 00:00.15 (Saving: 00:00.09)

Saved: '/Users/chikumatsuboi/Code/animal-racers-western/assets/source/western/qa/wolf-guard/0015.png'
Time: 00:00.14 (Saving: 00:00.05)

Saved: '/Users/chikumatsuboi/Code/animal-racers-western/assets/source/western/qa/wolf-guard/0017.png'
Time: 00:00.19 (Saving: 00:00.14)

Saved: '/Users/chikumatsuboi/Code/animal-racers-western/assets/source/western/qa/wolf-guard/0019.png'
Time: 00:00.15 (Saving: 00:00.06)

Saved: '/Users/chikumatsuboi/Code/animal-racers-western/assets/source/western/qa/wolf-hit/0001.png'
Time: 00:00.13 (Saving: 00:00.06)

Saved: '/Users/chikumatsuboi/Code/animal-racers-western/assets/source/western/qa/wolf-hit/0003.png'
Time: 00:00.14 (Saving: 00:00.07)

Saved: '/Users/chikumatsuboi/Code/animal-racers-western/assets/source/western/qa/wolf-hit/0005.png'
Time: 00:00.23 (Saving: 00:00.12)

Saved: '/Users/chikumatsuboi/Code/animal-racers-western/assets/source/western/qa/wolf-hit/0007.png'
Time: 00:00.13 (Saving: 00:00.06)

Saved: '/Users/chikumatsuboi/Code/animal-racers-western/assets/source/western/qa/wolf-hit/0009.png'
Time: 00:00.13 (Saving: 00:00.07)

Saved: '/Users/chikumatsuboi/Code/animal-racers-western/assets/source/western/qa/wolf-hit/0011.png'
Time: 00:00.23 (Saving: 00:00.15)

Saved: '/Users/chikumatsuboi/Code/animal-racers-western/assets/source/western/qa/wolf-hit/0013.png'
Time: 00:00.16 (Saving: 00:00.09)

Saved: '/Users/chikumatsuboi/Code/animal-racers-western/assets/source/western/qa/wolf-jump/0001.png'
Time: 00:00.12 (Saving: 00:00.06)

Saved: '/Users/chikumatsuboi/Code/animal-racers-western/assets/source/western/qa/wolf-jump/0003.png'
Time: 00:00.33 (Saving: 00:00.26)

Saved: '/Users/chikumatsuboi/Code/animal-racers-western/assets/source/western/qa/wolf-jump/0005.png'
Time: 00:00.11 (Saving: 00:00.06)

Saved: '/Users/chikumatsuboi/Code/animal-racers-western/assets/source/western/qa/wolf-jump/0007.png'
Time: 00:00.10 (Saving: 00:00.04)

Saved: '/Users/chikumatsuboi/Code/animal-racers-western/assets/source/western/qa/wolf-jump/0009.png'
Time: 00:00.10 (Saving: 00:00.04)

Saved: '/Users/chikumatsuboi/Code/animal-racers-western/assets/source/western/qa/wolf-jump/0011.png'
Time: 00:00.22 (Saving: 00:00.13)

Saved: '/Users/chikumatsuboi/Code/animal-racers-western/assets/source/western/qa/wolf-jump/0013.png'
Time: 00:00.13 (Saving: 00:00.07)

Saved: '/Users/chikumatsuboi/Code/animal-racers-western/assets/source/western/qa/wolf-jump/0015.png'
Time: 00:00.14 (Saving: 00:00.04)

Saved: '/Users/chikumatsuboi/Code/animal-racers-western/assets/source/western/qa/wolf-jump/0017.png'
Time: 00:00.09 (Saving: 00:00.04)

Saved: '/Users/chikumatsuboi/Code/animal-racers-western/assets/source/western/qa/wolf-jump/0019.png'
Time: 00:00.11 (Saving: 00:00.06)

Saved: '/Users/chikumatsuboi/Code/animal-racers-western/assets/source/western/qa/wolf-jump/0021.png'
Time: 00:00.20 (Saving: 00:00.12)

Saved: '/Users/chikumatsuboi/Code/animal-racers-western/assets/source/western/qa/wolf-jump/0023.png'
Time: 00:00.10 (Saving: 00:00.05)

Saved: '/Users/chikumatsuboi/Code/animal-racers-western/assets/source/western/qa/wolf-jump/0025.png'
Time: 00:00.10 (Saving: 00:00.05)

Saved: '/Users/chikumatsuboi/Code/animal-racers-western/assets/source/western/qa/wolf-land/0001.png'
Time: 00:00.09 (Saving: 00:00.04)

Saved: '/Users/chikumatsuboi/Code/animal-racers-western/assets/source/western/qa/wolf-land/0003.png'
Time: 00:00.11 (Saving: 00:00.06)

Saved: '/Users/chikumatsuboi/Code/animal-racers-western/assets/source/western/qa/wolf-land/0005.png'
Time: 00:00.26 (Saving: 00:00.18)

Saved: '/Users/chikumatsuboi/Code/animal-racers-western/assets/source/western/qa/wolf-land/0007.png'
Time: 00:00.15 (Saving: 00:00.07)

Saved: '/Users/chikumatsuboi/Code/animal-racers-western/assets/source/western/qa/wolf-land/0009.png'
Time: 00:00.32 (Saving: 00:00.21)

Saved: '/Users/chikumatsuboi/Code/animal-racers-western/assets/source/western/qa/wolf-land/0010.png'
Time: 00:00.16 (Saving: 00:00.09)

Saved: '/Users/chikumatsuboi/Code/animal-racers-western/assets/source/western/qa/wolf-stumble/0001.png'
Time: 00:00.13 (Saving: 00:00.06)

Saved: '/Users/chikumatsuboi/Code/animal-racers-western/assets/source/western/qa/wolf-stumble/0003.png'
Time: 00:00.16 (Saving: 00:00.08)

Saved: '/Users/chikumatsuboi/Code/animal-racers-western/assets/source/western/qa/wolf-stumble/0005.png'
Time: 00:00.12 (Saving: 00:00.05)

Saved: '/Users/chikumatsuboi/Code/animal-racers-western/assets/source/western/qa/wolf-stumble/0007.png'
Time: 00:00.09 (Saving: 00:00.04)

Saved: '/Users/chikumatsuboi/Code/animal-racers-western/assets/source/western/qa/wolf-stumble/0009.png'
Time: 00:00.23 (Saving: 00:00.16)

Saved: '/Users/chikumatsuboi/Code/animal-racers-western/assets/source/western/qa/wolf-stumble/0011.png'
Time: 00:00.14 (Saving: 00:00.08)

Saved: '/Users/chikumatsuboi/Code/animal-racers-western/assets/source/western/qa/wolf-stumble/0013.png'
Time: 00:00.44 (Saving: 00:00.35)

Saved: '/Users/chikumatsuboi/Code/animal-racers-western/assets/source/western/qa/wolf-stumble/0015.png'
Time: 00:00.44 (Saving: 00:00.31)

Saved: '/Users/chikumatsuboi/Code/animal-racers-western/assets/source/western/qa/wolf-stumble/0017.png'
Time: 00:00.14 (Saving: 00:00.07)

Saved: '/Users/chikumatsuboi/Code/animal-racers-western/assets/source/western/qa/wolf-stumble/0019.png'
Time: 00:00.14 (Saving: 00:00.09)

Saved: '/Users/chikumatsuboi/Code/animal-racers-western/assets/source/western/qa/wolf-stumble/0021.png'
Time: 00:00.19 (Saving: 00:00.08)

Saved: '/Users/chikumatsuboi/Code/animal-racers-western/assets/source/western/qa/wolf-defeat/0001.png'
Time: 00:00.18 (Saving: 00:00.12)

Saved: '/Users/chikumatsuboi/Code/animal-racers-western/assets/source/western/qa/wolf-defeat/0003.png'
Time: 00:00.10 (Saving: 00:00.05)

Saved: '/Users/chikumatsuboi/Code/animal-racers-western/assets/source/western/qa/wolf-defeat/0005.png'
Time: 00:00.14 (Saving: 00:00.07)

Saved: '/Users/chikumatsuboi/Code/animal-racers-western/assets/source/western/qa/wolf-defeat/0007.png'
Time: 00:00.17 (Saving: 00:00.11)

Saved: '/Users/chikumatsuboi/Code/animal-racers-western/assets/source/western/qa/wolf-defeat/0009.png'
Time: 00:00.22 (Saving: 00:00.14)

Saved: '/Users/chikumatsuboi/Code/animal-racers-western/assets/source/western/qa/wolf-defeat/0011.png'
Time: 00:00.13 (Saving: 00:00.08)

Saved: '/Users/chikumatsuboi/Code/animal-racers-western/assets/source/western/qa/wolf-defeat/0013.png'
Time: 00:00.13 (Saving: 00:00.07)

Saved: '/Users/chikumatsuboi/Code/animal-racers-western/assets/source/western/qa/wolf-defeat/0015.png'
Time: 00:00.16 (Saving: 00:00.06)

Saved: '/Users/chikumatsuboi/Code/animal-racers-western/assets/source/western/qa/wolf-defeat/0017.png'
Time: 00:00.17 (Saving: 00:00.10)

Saved: '/Users/chikumatsuboi/Code/animal-racers-western/assets/source/western/qa/wolf-defeat/0019.png'
Time: 00:00.11 (Saving: 00:00.05)

Saved: '/Users/chikumatsuboi/Code/animal-racers-western/assets/source/western/qa/wolf-defeat/0021.png'
Time: 00:00.25 (Saving: 00:00.20)

Saved: '/Users/chikumatsuboi/Code/animal-racers-western/assets/source/western/qa/wolf-defeat/0023.png'
Time: 00:00.19 (Saving: 00:00.13)

Saved: '/Users/chikumatsuboi/Code/animal-racers-western/assets/source/western/qa/wolf-defeat/0025.png'
Time: 00:00.15 (Saving: 00:00.05)

Saved: '/Users/chikumatsuboi/Code/animal-racers-western/assets/source/western/qa/wolf-defeat/0027.png'
Time: 00:00.30 (Saving: 00:00.22)

Saved: '/Users/chikumatsuboi/Code/animal-racers-western/assets/source/western/qa/wolf-defeat/0029.png'
Time: 00:00.09 (Saving: 00:00.04)

Saved: '/Users/chikumatsuboi/Code/animal-racers-western/assets/source/western/qa/wolf-defeat/0031.png'
Time: 00:00.15 (Saving: 00:00.06)

Saved: '/Users/chikumatsuboi/Code/animal-racers-western/assets/source/western/qa/wolf-defeat/0033.png'
Time: 00:00.21 (Saving: 00:00.14)

Saved: '/Users/chikumatsuboi/Code/animal-racers-western/assets/source/western/qa/wolf-defeat/0035.png'
Time: 00:00.06 (Saving: 00:00.02)

Saved: '/Users/chikumatsuboi/Code/animal-racers-western/assets/source/western/qa/wolf-defeat/0037.png'
Time: 00:00.08 (Saving: 00:00.03)

Saved: '/Users/chikumatsuboi/Code/animal-racers-western/assets/source/western/qa/wolf-defeat/0039.png'
Time: 00:00.14 (Saving: 00:00.11)

Saved: '/Users/chikumatsuboi/Code/animal-racers-western/assets/source/western/qa/wolf-defeat/0040.png'
Time: 00:00.13 (Saving: 00:00.06)

Saved: '/Users/chikumatsuboi/Code/animal-racers-western/assets/source/western/qa/wolf-celebrate/0001.png'
Time: 00:00.23 (Saving: 00:00.12)

Saved: '/Users/chikumatsuboi/Code/animal-racers-western/assets/source/western/qa/wolf-celebrate/0003.png'
Time: 00:00.10 (Saving: 00:00.05)

Saved: '/Users/chikumatsuboi/Code/animal-racers-western/assets/source/western/qa/wolf-celebrate/0005.png'
Time: 00:00.15 (Saving: 00:00.10)

Saved: '/Users/chikumatsuboi/Code/animal-racers-western/assets/source/western/qa/wolf-celebrate/0007.png'
Time: 00:00.32 (Saving: 00:00.25)

Saved: '/Users/chikumatsuboi/Code/animal-racers-western/assets/source/western/qa/wolf-celebrate/0009.png'
Time: 00:00.13 (Saving: 00:00.07)

Saved: '/Users/chikumatsuboi/Code/animal-racers-western/assets/source/western/qa/wolf-celebrate/0011.png'
Time: 00:00.13 (Saving: 00:00.07)

Saved: '/Users/chikumatsuboi/Code/animal-racers-western/assets/source/western/qa/wolf-celebrate/0013.png'
Time: 00:00.17 (Saving: 00:00.07)

Saved: '/Users/chikumatsuboi/Code/animal-racers-western/assets/source/western/qa/wolf-celebrate/0015.png'
Time: 00:00.31 (Saving: 00:00.25)

Saved: '/Users/chikumatsuboi/Code/animal-racers-western/assets/source/western/qa/wolf-celebrate/0017.png'
Time: 00:00.34 (Saving: 00:00.26)

Saved: '/Users/chikumatsuboi/Code/animal-racers-western/assets/source/western/qa/wolf-celebrate/0019.png'
Time: 00:00.31 (Saving: 00:00.07)

Saved: '/Users/chikumatsuboi/Code/animal-racers-western/assets/source/western/qa/wolf-celebrate/0021.png'
Time: 00:00.14 (Saving: 00:00.07)

Saved: '/Users/chikumatsuboi/Code/animal-racers-western/assets/source/western/qa/wolf-celebrate/0023.png'
Time: 00:00.10 (Saving: 00:00.04)

Saved: '/Users/chikumatsuboi/Code/animal-racers-western/assets/source/western/qa/wolf-celebrate/0025.png'
Time: 00:00.16 (Saving: 00:00.10)

Saved: '/Users/chikumatsuboi/Code/animal-racers-western/assets/source/western/qa/wolf-celebrate/0027.png'
Time: 00:00.16 (Saving: 00:00.09)

Saved: '/Users/chikumatsuboi/Code/animal-racers-western/assets/source/western/qa/wolf-celebrate/0029.png'
Time: 00:00.25 (Saving: 00:00.19)

Saved: '/Users/chikumatsuboi/Code/animal-racers-western/assets/source/western/qa/wolf-celebrate/0031.png'
Time: 00:00.18 (Saving: 00:00.10)

Saved: '/Users/chikumatsuboi/Code/animal-racers-western/assets/source/western/qa/wolf-celebrate/0033.png'
Time: 00:00.18 (Saving: 00:00.10)

Saved: '/Users/chikumatsuboi/Code/animal-racers-western/assets/source/western/qa/wolf-celebrate/0035.png'
Time: 00:00.14 (Saving: 00:00.07)

Saved: '/Users/chikumatsuboi/Code/animal-racers-western/assets/source/western/qa/wolf-celebrate/0037.png'
Time: 00:00.16 (Saving: 00:00.08)

Saved: '/Users/chikumatsuboi/Code/animal-racers-western/assets/source/western/qa/wolf-celebrate/0039.png'
Time: 00:00.13 (Saving: 00:00.06)

Saved: '/Users/chikumatsuboi/Code/animal-racers-western/assets/source/western/qa/wolf-celebrate/0041.png'
Time: 00:00.19 (Saving: 00:00.10)

Saved: '/Users/chikumatsuboi/Code/animal-racers-western/assets/source/western/qa/wolf-celebrate/0043.png'
Time: 00:00.21 (Saving: 00:00.15)

Saved: '/Users/chikumatsuboi/Code/animal-racers-western/assets/source/western/qa/wolf-celebrate/0045.png'
Time: 00:00.10 (Saving: 00:00.06)

Saved: '/Users/chikumatsuboi/Code/animal-racers-western/assets/source/western/qa/wolf-celebrate/0047.png'
Time: 00:00.18 (Saving: 00:00.11)

Saved: '/Users/chikumatsuboi/Code/animal-racers-western/assets/source/western/qa/wolf-celebrate/0049.png'
Time: 00:00.13 (Saving: 00:00.07)

Saved: '/Users/chikumatsuboi/Code/animal-racers-western/assets/source/western/qa/wolf-celebrate/0051.png'
Time: 00:00.32 (Saving: 00:00.21)

Saved: '/Users/chikumatsuboi/Code/animal-racers-western/assets/source/western/qa/wolf-celebrate/0053.png'
Time: 00:00.10 (Saving: 00:00.05)

Saved: '/Users/chikumatsuboi/Code/animal-racers-western/assets/source/western/qa/wolf-celebrate/0055.png'
Time: 00:00.13 (Saving: 00:00.07)

Saved: '/Users/chikumatsuboi/Code/animal-racers-western/assets/source/western/qa/wolf-celebrate/0057.png'
Time: 00:00.17 (Saving: 00:00.08)

Saved: '/Users/chikumatsuboi/Code/animal-racers-western/assets/source/western/qa/wolf-celebrate/0059.png'
Time: 00:00.22 (Saving: 00:00.12)

Saved: '/Users/chikumatsuboi/Code/animal-racers-western/assets/source/western/qa/wolf-celebrate/0061.png'
Time: 00:00.12 (Saving: 00:00.05)

RENDERED wolf

Blender quit
