Blender 4.5.9 LTS (hash 8bf95cbd38d1 built 2026-04-21 01:30:46)
Read blend: "/Users/chikumatsuboi/Code/animal-racers-western/assets/source/western/revision2/tail-repair/inputs/lion.blend"
Saved: '/Users/chikumatsuboi/Code/animal-racers-western/assets/source/western/revision2/tail-repair/qa/lion/race/inputs-side.png'
Time: 00:00.14 (Saving: 00:00.02)

Read blend: "/Users/chikumatsuboi/Code/animal-racers-western/assets/source/western/revision2/tail-repair/candidate/lion.blend"
Saved: '/Users/chikumatsuboi/Code/animal-racers-western/assets/source/western/revision2/tail-repair/qa/lion/race/candidate-side.png'
Time: 00:00.04 (Saving: 00:00.01)

Read blend: "/Users/chikumatsuboi/Code/animal-racers-western/assets/source/western/revision2/tail-repair/inputs/lion-upright.blend"
Saved: '/Users/chikumatsuboi/Code/animal-racers-western/assets/source/western/revision2/tail-repair/qa/lion/upright/inputs-side.png'
Time: 00:00.04 (Saving: 00:00.01)

Read blend: "/Users/chikumatsuboi/Code/animal-racers-western/assets/source/western/revision2/tail-repair/inputs/lion-upright.blend"
Saved: '/Users/chikumatsuboi/Code/animal-racers-western/assets/source/western/revision2/tail-repair/qa/lion/upright/inputs-root.png'
Time: 00:00.05 (Saving: 00:00.01)

Read blend: "/Users/chikumatsuboi/Code/animal-racers-western/assets/source/western/revision2/tail-repair/candidate/lion-upright.blend"
Saved: '/Users/chikumatsuboi/Code/animal-racers-western/assets/source/western/revision2/tail-repair/qa/lion/upright/candidate-side.png'
Time: 00:00.04 (Saving: 00:00.01)

Read blend: "/Users/chikumatsuboi/Code/animal-racers-western/assets/source/western/revision2/tail-repair/candidate/lion-upright.blend"
Saved: '/Users/chikumatsuboi/Code/animal-racers-western/assets/source/western/revision2/tail-repair/qa/lion/upright/candidate-root.png'
Time: 00:00.05 (Saving: 00:00.01)

Read blend: "/Users/chikumatsuboi/Code/animal-racers-western/assets/source/western/revision2/tail-repair/inputs/wolf.blend"
Saved: '/Users/chikumatsuboi/Code/animal-racers-western/assets/source/western/revision2/tail-repair/qa/wolf/race/inputs-side.png'
Time: 00:00.04 (Saving: 00:00.01)

Read blend: "/Users/chikumatsuboi/Code/animal-racers-western/assets/source/western/revision2/tail-repair/candidate/wolf.blend"
Saved: '/Users/chikumatsuboi/Code/animal-racers-western/assets/source/western/revision2/tail-repair/qa/wolf/race/candidate-side.png'
Time: 00:00.07 (Saving: 00:00.05)

Read blend: "/Users/chikumatsuboi/Code/animal-racers-western/assets/source/western/revision2/tail-repair/inputs/wolf-upright.blend"
Saved: '/Users/chikumatsuboi/Code/animal-racers-western/assets/source/western/revision2/tail-repair/qa/wolf/upright/inputs-side.png'
Time: 00:00.09 (Saving: 00:00.05)

Read blend: "/Users/chikumatsuboi/Code/animal-racers-western/assets/source/western/revision2/tail-repair/inputs/wolf-upright.blend"
Saved: '/Users/chikumatsuboi/Code/animal-racers-western/assets/source/western/revision2/tail-repair/qa/wolf/upright/inputs-root.png'
Time: 00:00.03 (Saving: 00:00.01)

Read blend: "/Users/chikumatsuboi/Code/animal-racers-western/assets/source/western/revision2/tail-repair/candidate/wolf-upright.blend"
Saved: '/Users/chikumatsuboi/Code/animal-racers-western/assets/source/western/revision2/tail-repair/qa/wolf/upright/candidate-side.png'
Time: 00:00.04 (Saving: 00:00.01)

Read blend: "/Users/chikumatsuboi/Code/animal-racers-western/assets/source/western/revision2/tail-repair/candidate/wolf-upright.blend"
Saved: '/Users/chikumatsuboi/Code/animal-racers-western/assets/source/western/revision2/tail-repair/qa/wolf/upright/candidate-root.png'
Time: 00:00.04 (Saving: 00:00.01)

Read blend: "/Users/chikumatsuboi/Code/animal-racers-western/assets/source/western/revision2/tail-repair/inputs/unicorn.blend"
Saved: '/Users/chikumatsuboi/Code/animal-racers-western/assets/source/western/revision2/tail-repair/qa/unicorn/race/inputs-side.png'
Time: 00:00.04 (Saving: 00:00.01)

Read blend: "/Users/chikumatsuboi/Code/animal-racers-western/assets/source/western/revision2/tail-repair/candidate/unicorn.blend"
Saved: '/Users/chikumatsuboi/Code/animal-racers-western/assets/source/western/revision2/tail-repair/qa/unicorn/race/candidate-side.png'
Time: 00:00.04 (Saving: 00:00.01)

Read blend: "/Users/chikumatsuboi/Code/animal-racers-western/assets/source/western/revision2/tail-repair/inputs/unicorn-upright.blend"
Saved: '/Users/chikumatsuboi/Code/animal-racers-western/assets/source/western/revision2/tail-repair/qa/unicorn/upright/inputs-side.png'
Time: 00:00.03 (Saving: 00:00.01)

Read blend: "/Users/chikumatsuboi/Code/animal-racers-western/assets/source/western/revision2/tail-repair/inputs/unicorn-upright.blend"
Saved: '/Users/chikumatsuboi/Code/animal-racers-western/assets/source/western/revision2/tail-repair/qa/unicorn/upright/inputs-root.png'
Time: 00:00.03 (Saving: 00:00.01)

Read blend: "/Users/chikumatsuboi/Code/animal-racers-western/assets/source/western/revision2/tail-repair/candidate/unicorn-upright.blend"
Saved: '/Users/chikumatsuboi/Code/animal-racers-western/assets/source/western/revision2/tail-repair/qa/unicorn/upright/candidate-side.png'
Time: 00:00.04 (Saving: 00:00.01)

Read blend: "/Users/chikumatsuboi/Code/animal-racers-western/assets/source/western/revision2/tail-repair/candidate/unicorn-upright.blend"
Saved: '/Users/chikumatsuboi/Code/animal-racers-western/assets/source/western/revision2/tail-repair/qa/unicorn/upright/candidate-root.png'
Time: 00:00.04 (Saving: 00:00.01)

TAIL_SIDE_PREVIEW_DONE

Blender quit
