Blender 4.5.9 LTS (hash 8bf95cbd38d1 built 2026-04-21 01:30:46)
Read blend: "/Users/chikumatsuboi/Code/animal-racers-western/assets/source/western/revision2/tail-repair/inputs/lion.blend"
Saved: '/Users/chikumatsuboi/Code/animal-racers-western/assets/source/western/revision2/tail-repair/qa/lion/race/inputs-side.png'
Time: 00:00.15 (Saving: 00:00.02)

Read blend: "/Users/chikumatsuboi/Code/animal-racers-western/assets/source/western/revision2/tail-repair/candidate/lion.blend"
Saved: '/Users/chikumatsuboi/Code/animal-racers-western/assets/source/western/revision2/tail-repair/qa/lion/race/candidate-side.png'
Time: 00:00.04 (Saving: 00:00.01)

Read blend: "/Users/chikumatsuboi/Code/animal-racers-western/assets/source/western/revision2/tail-repair/inputs/lion.blend"
Saved: '/Users/chikumatsuboi/Code/animal-racers-western/assets/source/western/revision2/tail-repair/qa/lion/race/frames/run/inputs/0000.png'
Time: 00:00.03 (Saving: 00:00.00)

Saved: '/Users/chikumatsuboi/Code/animal-racers-western/assets/source/western/revision2/tail-repair/qa/lion/race/frames/run/inputs/0001.png'
Time: 00:00.03 (Saving: 00:00.00)

Saved: '/Users/chikumatsuboi/Code/animal-racers-western/assets/source/western/revision2/tail-repair/qa/lion/race/frames/run/inputs/0002.png'
Time: 00:00.04 (Saving: 00:00.00)

Saved: '/Users/chikumatsuboi/Code/animal-racers-western/assets/source/western/revision2/tail-repair/qa/lion/race/frames/run/inputs/0003.png'
Time: 00:00.02 (Saving: 00:00.00)

Saved: '/Users/chikumatsuboi/Code/animal-racers-western/assets/source/western/revision2/tail-repair/qa/lion/race/frames/run/inputs/0004.png'
Time: 00:00.02 (Saving: 00:00.00)

Saved: '/Users/chikumatsuboi/Code/animal-racers-western/assets/source/western/revision2/tail-repair/qa/lion/race/frames/run/inputs/0005.png'
Time: 00:00.02 (Saving: 00:00.00)

Saved: '/Users/chikumatsuboi/Code/animal-racers-western/assets/source/western/revision2/tail-repair/qa/lion/race/frames/run/inputs/0006.png'
Time: 00:00.02 (Saving: 00:00.00)

Saved: '/Users/chikumatsuboi/Code/animal-racers-western/assets/source/western/revision2/tail-repair/qa/lion/race/frames/run/inputs/0007.png'
Time: 00:00.02 (Saving: 00:00.00)

Saved: '/Users/chikumatsuboi/Code/animal-racers-western/assets/source/western/revision2/tail-repair/qa/lion/race/frames/run/inputs/0008.png'
Time: 00:00.03 (Saving: 00:00.00)

Read blend: "/Users/chikumatsuboi/Code/animal-racers-western/assets/source/western/revision2/tail-repair/candidate/lion.blend"
Saved: '/Users/chikumatsuboi/Code/animal-racers-western/assets/source/western/revision2/tail-repair/qa/lion/race/frames/run/candidate/0000.png'
Time: 00:00.03 (Saving: 00:00.00)

Saved: '/Users/chikumatsuboi/Code/animal-racers-western/assets/source/western/revision2/tail-repair/qa/lion/race/frames/run/candidate/0001.png'
Time: 00:00.03 (Saving: 00:00.00)

Saved: '/Users/chikumatsuboi/Code/animal-racers-western/assets/source/western/revision2/tail-repair/qa/lion/race/frames/run/candidate/0002.png'
Time: 00:00.03 (Saving: 00:00.00)

Saved: '/Users/chikumatsuboi/Code/animal-racers-western/assets/source/western/revision2/tail-repair/qa/lion/race/frames/run/candidate/0003.png'
Time: 00:00.03 (Saving: 00:00.00)

Saved: '/Users/chikumatsuboi/Code/animal-racers-western/assets/source/western/revision2/tail-repair/qa/lion/race/frames/run/candidate/0004.png'
Time: 00:00.04 (Saving: 00:00.00)

Saved: '/Users/chikumatsuboi/Code/animal-racers-western/assets/source/western/revision2/tail-repair/qa/lion/race/frames/run/candidate/0005.png'
Time: 00:00.03 (Saving: 00:00.00)

Saved: '/Users/chikumatsuboi/Code/animal-racers-western/assets/source/western/revision2/tail-repair/qa/lion/race/frames/run/candidate/0006.png'
Time: 00:00.03 (Saving: 00:00.00)

Saved: '/Users/chikumatsuboi/Code/animal-racers-western/assets/source/western/revision2/tail-repair/qa/lion/race/frames/run/candidate/0007.png'
Time: 00:00.04 (Saving: 00:00.00)

Saved: '/Users/chikumatsuboi/Code/animal-racers-western/assets/source/western/revision2/tail-repair/qa/lion/race/frames/run/candidate/0008.png'
Time: 00:00.03 (Saving: 00:00.00)

Read blend: "/Users/chikumatsuboi/Code/animal-racers-western/assets/source/western/revision2/tail-repair/inputs/lion.blend"
Saved: '/Users/chikumatsuboi/Code/animal-racers-western/assets/source/western/revision2/tail-repair/qa/lion/race/frames/jump/inputs/0000.png'
Time: 00:00.03 (Saving: 00:00.00)

Saved: '/Users/chikumatsuboi/Code/animal-racers-western/assets/source/western/revision2/tail-repair/qa/lion/race/frames/jump/inputs/0001.png'
Time: 00:00.04 (Saving: 00:00.00)

Saved: '/Users/chikumatsuboi/Code/animal-racers-western/assets/source/western/revision2/tail-repair/qa/lion/race/frames/jump/inputs/0002.png'
Time: 00:00.03 (Saving: 00:00.00)

Saved: '/Users/chikumatsuboi/Code/animal-racers-western/assets/source/western/revision2/tail-repair/qa/lion/race/frames/jump/inputs/0003.png'
Time: 00:00.03 (Saving: 00:00.00)

Saved: '/Users/chikumatsuboi/Code/animal-racers-western/assets/source/western/revision2/tail-repair/qa/lion/race/frames/jump/inputs/0004.png'
Time: 00:00.03 (Saving: 00:00.00)

Saved: '/Users/chikumatsuboi/Code/animal-racers-western/assets/source/western/revision2/tail-repair/qa/lion/race/frames/jump/inputs/0005.png'
Time: 00:00.03 (Saving: 00:00.00)

Saved: '/Users/chikumatsuboi/Code/animal-racers-western/assets/source/western/revision2/tail-repair/qa/lion/race/frames/jump/inputs/0006.png'
Time: 00:00.03 (Saving: 00:00.00)

Saved: '/Users/chikumatsuboi/Code/animal-racers-western/assets/source/western/revision2/tail-repair/qa/lion/race/frames/jump/inputs/0007.png'
Time: 00:00.03 (Saving: 00:00.00)

Saved: '/Users/chikumatsuboi/Code/animal-racers-western/assets/source/western/revision2/tail-repair/qa/lion/race/frames/jump/inputs/0008.png'
Time: 00:00.03 (Saving: 00:00.00)

Saved: '/Users/chikumatsuboi/Code/animal-racers-western/assets/source/western/revision2/tail-repair/qa/lion/race/frames/jump/inputs/0009.png'
Time: 00:00.03 (Saving: 00:00.00)

Saved: '/Users/chikumatsuboi/Code/animal-racers-western/assets/source/western/revision2/tail-repair/qa/lion/race/frames/jump/inputs/0010.png'
Time: 00:00.03 (Saving: 00:00.00)

Saved: '/Users/chikumatsuboi/Code/animal-racers-western/assets/source/western/revision2/tail-repair/qa/lion/race/frames/jump/inputs/0011.png'
Time: 00:00.03 (Saving: 00:00.00)

Saved: '/Users/chikumatsuboi/Code/animal-racers-western/assets/source/western/revision2/tail-repair/qa/lion/race/frames/jump/inputs/0012.png'
Time: 00:00.03 (Saving: 00:00.00)

Read blend: "/Users/chikumatsuboi/Code/animal-racers-western/assets/source/western/revision2/tail-repair/candidate/lion.blend"
Saved: '/Users/chikumatsuboi/Code/animal-racers-western/assets/source/western/revision2/tail-repair/qa/lion/race/frames/jump/candidate/0000.png'
Time: 00:00.03 (Saving: 00:00.00)

Saved: '/Users/chikumatsuboi/Code/animal-racers-western/assets/source/western/revision2/tail-repair/qa/lion/race/frames/jump/candidate/0001.png'
Time: 00:00.03 (Saving: 00:00.00)

Saved: '/Users/chikumatsuboi/Code/animal-racers-western/assets/source/western/revision2/tail-repair/qa/lion/race/frames/jump/candidate/0002.png'
Time: 00:00.03 (Saving: 00:00.00)

Saved: '/Users/chikumatsuboi/Code/animal-racers-western/assets/source/western/revision2/tail-repair/qa/lion/race/frames/jump/candidate/0003.png'
Time: 00:00.03 (Saving: 00:00.00)

Saved: '/Users/chikumatsuboi/Code/animal-racers-western/assets/source/western/revision2/tail-repair/qa/lion/race/frames/jump/candidate/0004.png'
Time: 00:00.03 (Saving: 00:00.00)

Saved: '/Users/chikumatsuboi/Code/animal-racers-western/assets/source/western/revision2/tail-repair/qa/lion/race/frames/jump/candidate/0005.png'
Time: 00:00.04 (Saving: 00:00.00)

Saved: '/Users/chikumatsuboi/Code/animal-racers-western/assets/source/western/revision2/tail-repair/qa/lion/race/frames/jump/candidate/0006.png'
Time: 00:00.04 (Saving: 00:00.00)

Saved: '/Users/chikumatsuboi/Code/animal-racers-western/assets/source/western/revision2/tail-repair/qa/lion/race/frames/jump/candidate/0007.png'
Time: 00:00.03 (Saving: 00:00.00)

Saved: '/Users/chikumatsuboi/Code/animal-racers-western/assets/source/western/revision2/tail-repair/qa/lion/race/frames/jump/candidate/0008.png'
Time: 00:00.02 (Saving: 00:00.00)

Saved: '/Users/chikumatsuboi/Code/animal-racers-western/assets/source/western/revision2/tail-repair/qa/lion/race/frames/jump/candidate/0009.png'
Time: 00:00.02 (Saving: 00:00.00)

Saved: '/Users/chikumatsuboi/Code/animal-racers-western/assets/source/western/revision2/tail-repair/qa/lion/race/frames/jump/candidate/0010.png'
Time: 00:00.02 (Saving: 00:00.00)

Saved: '/Users/chikumatsuboi/Code/animal-racers-western/assets/source/western/revision2/tail-repair/qa/lion/race/frames/jump/candidate/0011.png'
Time: 00:00.03 (Saving: 00:00.00)

Saved: '/Users/chikumatsuboi/Code/animal-racers-western/assets/source/western/revision2/tail-repair/qa/lion/race/frames/jump/candidate/0012.png'
Time: 00:00.03 (Saving: 00:00.00)

Read blend: "/Users/chikumatsuboi/Code/animal-racers-western/assets/source/western/revision2/tail-repair/inputs/lion.blend"
Saved: '/Users/chikumatsuboi/Code/animal-racers-western/assets/source/western/revision2/tail-repair/qa/lion/race/frames/stumble/inputs/0000.png'
Time: 00:00.03 (Saving: 00:00.00)

Saved: '/Users/chikumatsuboi/Code/animal-racers-western/assets/source/western/revision2/tail-repair/qa/lion/race/frames/stumble/inputs/0001.png'
Time: 00:00.03 (Saving: 00:00.00)

Saved: '/Users/chikumatsuboi/Code/animal-racers-western/assets/source/western/revision2/tail-repair/qa/lion/race/frames/stumble/inputs/0002.png'
Time: 00:00.03 (Saving: 00:00.00)

Saved: '/Users/chikumatsuboi/Code/animal-racers-western/assets/source/western/revision2/tail-repair/qa/lion/race/frames/stumble/inputs/0003.png'
Time: 00:00.03 (Saving: 00:00.00)

Saved: '/Users/chikumatsuboi/Code/animal-racers-western/assets/source/western/revision2/tail-repair/qa/lion/race/frames/stumble/inputs/0004.png'
Time: 00:00.03 (Saving: 00:00.00)

Saved: '/Users/chikumatsuboi/Code/animal-racers-western/assets/source/western/revision2/tail-repair/qa/lion/race/frames/stumble/inputs/0005.png'
Time: 00:00.03 (Saving: 00:00.00)

Saved: '/Users/chikumatsuboi/Code/animal-racers-western/assets/source/western/revision2/tail-repair/qa/lion/race/frames/stumble/inputs/0006.png'
Time: 00:00.03 (Saving: 00:00.00)

Saved: '/Users/chikumatsuboi/Code/animal-racers-western/assets/source/western/revision2/tail-repair/qa/lion/race/frames/stumble/inputs/0007.png'
Time: 00:00.03 (Saving: 00:00.00)

Saved: '/Users/chikumatsuboi/Code/animal-racers-western/assets/source/western/revision2/tail-repair/qa/lion/race/frames/stumble/inputs/0008.png'
Time: 00:00.03 (Saving: 00:00.00)

Saved: '/Users/chikumatsuboi/Code/animal-racers-western/assets/source/western/revision2/tail-repair/qa/lion/race/frames/stumble/inputs/0009.png'
Time: 00:00.03 (Saving: 00:00.00)

Saved: '/Users/chikumatsuboi/Code/animal-racers-western/assets/source/western/revision2/tail-repair/qa/lion/race/frames/stumble/inputs/0010.png'
Time: 00:00.03 (Saving: 00:00.00)

Read blend: "/Users/chikumatsuboi/Code/animal-racers-western/assets/source/western/revision2/tail-repair/candidate/lion.blend"
Saved: '/Users/chikumatsuboi/Code/animal-racers-western/assets/source/western/revision2/tail-repair/qa/lion/race/frames/stumble/candidate/0000.png'
Time: 00:00.03 (Saving: 00:00.00)

Saved: '/Users/chikumatsuboi/Code/animal-racers-western/assets/source/western/revision2/tail-repair/qa/lion/race/frames/stumble/candidate/0001.png'
Time: 00:00.03 (Saving: 00:00.00)

Saved: '/Users/chikumatsuboi/Code/animal-racers-western/assets/source/western/revision2/tail-repair/qa/lion/race/frames/stumble/candidate/0002.png'
Time: 00:00.04 (Saving: 00:00.00)

Saved: '/Users/chikumatsuboi/Code/animal-racers-western/assets/source/western/revision2/tail-repair/qa/lion/race/frames/stumble/candidate/0003.png'
Time: 00:00.03 (Saving: 00:00.00)

Saved: '/Users/chikumatsuboi/Code/animal-racers-western/assets/source/western/revision2/tail-repair/qa/lion/race/frames/stumble/candidate/0004.png'
Time: 00:00.03 (Saving: 00:00.00)

Saved: '/Users/chikumatsuboi/Code/animal-racers-western/assets/source/western/revision2/tail-repair/qa/lion/race/frames/stumble/candidate/0005.png'
Time: 00:00.04 (Saving: 00:00.00)

Saved: '/Users/chikumatsuboi/Code/animal-racers-western/assets/source/western/revision2/tail-repair/qa/lion/race/frames/stumble/candidate/0006.png'
Time: 00:00.03 (Saving: 00:00.00)

Saved: '/Users/chikumatsuboi/Code/animal-racers-western/assets/source/western/revision2/tail-repair/qa/lion/race/frames/stumble/candidate/0007.png'
Time: 00:00.03 (Saving: 00:00.00)

Saved: '/Users/chikumatsuboi/Code/animal-racers-western/assets/source/western/revision2/tail-repair/qa/lion/race/frames/stumble/candidate/0008.png'
Time: 00:00.03 (Saving: 00:00.00)

Saved: '/Users/chikumatsuboi/Code/animal-racers-western/assets/source/western/revision2/tail-repair/qa/lion/race/frames/stumble/candidate/0009.png'
Time: 00:00.03 (Saving: 00:00.00)

Saved: '/Users/chikumatsuboi/Code/animal-racers-western/assets/source/western/revision2/tail-repair/qa/lion/race/frames/stumble/candidate/0010.png'
Time: 00:00.03 (Saving: 00:00.00)

Read blend: "/Users/chikumatsuboi/Code/animal-racers-western/assets/source/western/revision2/tail-repair/inputs/lion-upright.blend"
Saved: '/Users/chikumatsuboi/Code/animal-racers-western/assets/source/western/revision2/tail-repair/qa/lion/upright/frames/evade/inputs/0000.png'
Time: 00:00.04 (Saving: 00:00.00)

Saved: '/Users/chikumatsuboi/Code/animal-racers-western/assets/source/western/revision2/tail-repair/qa/lion/upright/frames/evade/inputs/0001.png'
Time: 00:00.02 (Saving: 00:00.00)

Saved: '/Users/chikumatsuboi/Code/animal-racers-western/assets/source/western/revision2/tail-repair/qa/lion/upright/frames/evade/inputs/0002.png'
Time: 00:00.02 (Saving: 00:00.00)

Saved: '/Users/chikumatsuboi/Code/animal-racers-western/assets/source/western/revision2/tail-repair/qa/lion/upright/frames/evade/inputs/0003.png'
Time: 00:00.02 (Saving: 00:00.00)

Saved: '/Users/chikumatsuboi/Code/animal-racers-western/assets/source/western/revision2/tail-repair/qa/lion/upright/frames/evade/inputs/0004.png'
Time: 00:00.02 (Saving: 00:00.00)

Saved: '/Users/chikumatsuboi/Code/animal-racers-western/assets/source/western/revision2/tail-repair/qa/lion/upright/frames/evade/inputs/0005.png'
Time: 00:00.02 (Saving: 00:00.00)

Saved: '/Users/chikumatsuboi/Code/animal-racers-western/assets/source/western/revision2/tail-repair/qa/lion/upright/frames/evade/inputs/0006.png'
Time: 00:00.03 (Saving: 00:00.00)

Read blend: "/Users/chikumatsuboi/Code/animal-racers-western/assets/source/western/revision2/tail-repair/candidate/lion-upright.blend"
Saved: '/Users/chikumatsuboi/Code/animal-racers-western/assets/source/western/revision2/tail-repair/qa/lion/upright/frames/evade/candidate/0000.png'
Time: 00:00.04 (Saving: 00:00.00)

Saved: '/Users/chikumatsuboi/Code/animal-racers-western/assets/source/western/revision2/tail-repair/qa/lion/upright/frames/evade/candidate/0001.png'
Time: 00:00.02 (Saving: 00:00.00)

Saved: '/Users/chikumatsuboi/Code/animal-racers-western/assets/source/western/revision2/tail-repair/qa/lion/upright/frames/evade/candidate/0002.png'
Time: 00:00.02 (Saving: 00:00.00)

Saved: '/Users/chikumatsuboi/Code/animal-racers-western/assets/source/western/revision2/tail-repair/qa/lion/upright/frames/evade/candidate/0003.png'
Time: 00:00.02 (Saving: 00:00.00)

Saved: '/Users/chikumatsuboi/Code/animal-racers-western/assets/source/western/revision2/tail-repair/qa/lion/upright/frames/evade/candidate/0004.png'
Time: 00:00.03 (Saving: 00:00.00)

Saved: '/Users/chikumatsuboi/Code/animal-racers-western/assets/source/western/revision2/tail-repair/qa/lion/upright/frames/evade/candidate/0005.png'
Time: 00:00.03 (Saving: 00:00.00)

Saved: '/Users/chikumatsuboi/Code/animal-racers-western/assets/source/western/revision2/tail-repair/qa/lion/upright/frames/evade/candidate/0006.png'
Time: 00:00.03 (Saving: 00:00.00)

Read blend: "/Users/chikumatsuboi/Code/animal-racers-western/assets/source/western/revision2/tail-repair/inputs/wolf-upright.blend"
Saved: '/Users/chikumatsuboi/Code/animal-racers-western/assets/source/western/revision2/tail-repair/qa/wolf/upright/frames/evade/inputs/0000.png'
Time: 00:00.03 (Saving: 00:00.00)

Saved: '/Users/chikumatsuboi/Code/animal-racers-western/assets/source/western/revision2/tail-repair/qa/wolf/upright/frames/evade/inputs/0001.png'
Time: 00:00.02 (Saving: 00:00.00)

Saved: '/Users/chikumatsuboi/Code/animal-racers-western/assets/source/western/revision2/tail-repair/qa/wolf/upright/frames/evade/inputs/0002.png'
Time: 00:00.02 (Saving: 00:00.00)

Saved: '/Users/chikumatsuboi/Code/animal-racers-western/assets/source/western/revision2/tail-repair/qa/wolf/upright/frames/evade/inputs/0003.png'
Time: 00:00.02 (Saving: 00:00.00)

Saved: '/Users/chikumatsuboi/Code/animal-racers-western/assets/source/western/revision2/tail-repair/qa/wolf/upright/frames/evade/inputs/0004.png'
Time: 00:00.02 (Saving: 00:00.00)

Saved: '/Users/chikumatsuboi/Code/animal-racers-western/assets/source/western/revision2/tail-repair/qa/wolf/upright/frames/evade/inputs/0005.png'
Time: 00:00.02 (Saving: 00:00.00)

Saved: '/Users/chikumatsuboi/Code/animal-racers-western/assets/source/western/revision2/tail-repair/qa/wolf/upright/frames/evade/inputs/0006.png'
Time: 00:00.02 (Saving: 00:00.00)

Read blend: "/Users/chikumatsuboi/Code/animal-racers-western/assets/source/western/revision2/tail-repair/candidate/wolf-upright.blend"
Saved: '/Users/chikumatsuboi/Code/animal-racers-western/assets/source/western/revision2/tail-repair/qa/wolf/upright/frames/evade/candidate/0000.png'
Time: 00:00.04 (Saving: 00:00.00)

Saved: '/Users/chikumatsuboi/Code/animal-racers-western/assets/source/western/revision2/tail-repair/qa/wolf/upright/frames/evade/candidate/0001.png'
Time: 00:00.03 (Saving: 00:00.00)

Saved: '/Users/chikumatsuboi/Code/animal-racers-western/assets/source/western/revision2/tail-repair/qa/wolf/upright/frames/evade/candidate/0002.png'
Time: 00:00.02 (Saving: 00:00.00)

Saved: '/Users/chikumatsuboi/Code/animal-racers-western/assets/source/western/revision2/tail-repair/qa/wolf/upright/frames/evade/candidate/0003.png'
Time: 00:00.02 (Saving: 00:00.00)

Saved: '/Users/chikumatsuboi/Code/animal-racers-western/assets/source/western/revision2/tail-repair/qa/wolf/upright/frames/evade/candidate/0004.png'
Time: 00:00.02 (Saving: 00:00.00)

Saved: '/Users/chikumatsuboi/Code/animal-racers-western/assets/source/western/revision2/tail-repair/qa/wolf/upright/frames/evade/candidate/0005.png'
Time: 00:00.02 (Saving: 00:00.00)

Saved: '/Users/chikumatsuboi/Code/animal-racers-western/assets/source/western/revision2/tail-repair/qa/wolf/upright/frames/evade/candidate/0006.png'
Time: 00:00.02 (Saving: 00:00.00)

Read blend: "/Users/chikumatsuboi/Code/animal-racers-western/assets/source/western/revision2/tail-repair/inputs/unicorn-upright.blend"
Saved: '/Users/chikumatsuboi/Code/animal-racers-western/assets/source/western/revision2/tail-repair/qa/unicorn/upright/frames/evade/inputs/0000.png'
Time: 00:00.03 (Saving: 00:00.00)

Saved: '/Users/chikumatsuboi/Code/animal-racers-western/assets/source/western/revision2/tail-repair/qa/unicorn/upright/frames/evade/inputs/0001.png'
Time: 00:00.02 (Saving: 00:00.00)

Saved: '/Users/chikumatsuboi/Code/animal-racers-western/assets/source/western/revision2/tail-repair/qa/unicorn/upright/frames/evade/inputs/0002.png'
Time: 00:00.03 (Saving: 00:00.00)

Saved: '/Users/chikumatsuboi/Code/animal-racers-western/assets/source/western/revision2/tail-repair/qa/unicorn/upright/frames/evade/inputs/0003.png'
Time: 00:00.03 (Saving: 00:00.00)

Saved: '/Users/chikumatsuboi/Code/animal-racers-western/assets/source/western/revision2/tail-repair/qa/unicorn/upright/frames/evade/inputs/0004.png'
Time: 00:00.03 (Saving: 00:00.00)

Saved: '/Users/chikumatsuboi/Code/animal-racers-western/assets/source/western/revision2/tail-repair/qa/unicorn/upright/frames/evade/inputs/0005.png'
Time: 00:00.02 (Saving: 00:00.00)

Saved: '/Users/chikumatsuboi/Code/animal-racers-western/assets/source/western/revision2/tail-repair/qa/unicorn/upright/frames/evade/inputs/0006.png'
Time: 00:00.02 (Saving: 00:00.00)

Saved: '/Users/chikumatsuboi/Code/animal-racers-western/assets/source/western/revision2/tail-repair/qa/unicorn/upright/frames/evade/inputs/0007.png'
Time: 00:00.02 (Saving: 00:00.00)

Read blend: "/Users/chikumatsuboi/Code/animal-racers-western/assets/source/western/revision2/tail-repair/candidate/unicorn-upright.blend"
Saved: '/Users/chikumatsuboi/Code/animal-racers-western/assets/source/western/revision2/tail-repair/qa/unicorn/upright/frames/evade/candidate/0000.png'
Time: 00:00.02 (Saving: 00:00.00)

Saved: '/Users/chikumatsuboi/Code/animal-racers-western/assets/source/western/revision2/tail-repair/qa/unicorn/upright/frames/evade/candidate/0001.png'
Time: 00:00.03 (Saving: 00:00.00)

Saved: '/Users/chikumatsuboi/Code/animal-racers-western/assets/source/western/revision2/tail-repair/qa/unicorn/upright/frames/evade/candidate/0002.png'
Time: 00:00.02 (Saving: 00:00.00)

Saved: '/Users/chikumatsuboi/Code/animal-racers-western/assets/source/western/revision2/tail-repair/qa/unicorn/upright/frames/evade/candidate/0003.png'
Time: 00:00.03 (Saving: 00:00.00)

Saved: '/Users/chikumatsuboi/Code/animal-racers-western/assets/source/western/revision2/tail-repair/qa/unicorn/upright/frames/evade/candidate/0004.png'
Time: 00:00.03 (Saving: 00:00.00)

Saved: '/Users/chikumatsuboi/Code/animal-racers-western/assets/source/western/revision2/tail-repair/qa/unicorn/upright/frames/evade/candidate/0005.png'
Time: 00:00.02 (Saving: 00:00.00)

Saved: '/Users/chikumatsuboi/Code/animal-racers-western/assets/source/western/revision2/tail-repair/qa/unicorn/upright/frames/evade/candidate/0006.png'
Time: 00:00.02 (Saving: 00:00.00)

Saved: '/Users/chikumatsuboi/Code/animal-racers-western/assets/source/western/revision2/tail-repair/qa/unicorn/upright/frames/evade/candidate/0007.png'
Time: 00:00.02 (Saving: 00:00.00)

TAIL_MOTION_PACKAGED
TAIL_QA_FRAMING_CORRECTED

Blender quit
