Blender 4.5.9 LTS (hash 8bf95cbd38d1 built 2026-04-21 01:30:46)
Read blend: "/Users/chikumatsuboi/Code/animal-racers-western/assets/source/western/revision2/inputs/lion.blend"
Saved: '/Users/chikumatsuboi/Code/animal-racers-western/assets/source/western/revision2/qa/lion/race/control-front.png'
Time: 00:00.15 (Saving: 00:00.02)

Saved: '/Users/chikumatsuboi/Code/animal-racers-western/assets/source/western/revision2/qa/lion/race/control-side.png'
Time: 00:00.04 (Saving: 00:00.01)

Saved: '/Users/chikumatsuboi/Code/animal-racers-western/assets/source/western/revision2/qa/lion/race/control-three-quarter.png'
Time: 00:00.04 (Saving: 00:00.01)

Saved: '/Users/chikumatsuboi/Code/animal-racers-western/assets/source/western/revision2/qa/lion/race/control-face.png'
Time: 00:00.04 (Saving: 00:00.01)

REVISION2_PREVIEW lion race control
Read blend: "/Users/chikumatsuboi/Code/animal-racers-western/assets/source/western/revision2/candidate/lion.blend"
Saved: '/Users/chikumatsuboi/Code/animal-racers-western/assets/source/western/revision2/qa/lion/race/candidate-front.png'
Time: 00:00.05 (Saving: 00:00.01)

Saved: '/Users/chikumatsuboi/Code/animal-racers-western/assets/source/western/revision2/qa/lion/race/candidate-side.png'
Time: 00:00.05 (Saving: 00:00.01)

Saved: '/Users/chikumatsuboi/Code/animal-racers-western/assets/source/western/revision2/qa/lion/race/candidate-three-quarter.png'
Time: 00:00.04 (Saving: 00:00.01)

Saved: '/Users/chikumatsuboi/Code/animal-racers-western/assets/source/western/revision2/qa/lion/race/candidate-face.png'
Time: 00:00.04 (Saving: 00:00.01)

REVISION2_PREVIEW lion race candidate
Read blend: "/Users/chikumatsuboi/Code/animal-racers-western/assets/source/western/revision2/inputs/lion-upright.blend"
Saved: '/Users/chikumatsuboi/Code/animal-racers-western/assets/source/western/revision2/qa/lion/upright/control-front.png'
Time: 00:00.06 (Saving: 00:00.01)

Saved: '/Users/chikumatsuboi/Code/animal-racers-western/assets/source/western/revision2/qa/lion/upright/control-side.png'
Time: 00:00.04 (Saving: 00:00.01)

Saved: '/Users/chikumatsuboi/Code/animal-racers-western/assets/source/western/revision2/qa/lion/upright/control-three-quarter.png'
Time: 00:00.04 (Saving: 00:00.01)

Saved: '/Users/chikumatsuboi/Code/animal-racers-western/assets/source/western/revision2/qa/lion/upright/control-face.png'
Time: 00:00.04 (Saving: 00:00.01)

REVISION2_PREVIEW lion upright control
Read blend: "/Users/chikumatsuboi/Code/animal-racers-western/assets/source/western/revision2/candidate/lion-upright.blend"
Saved: '/Users/chikumatsuboi/Code/animal-racers-western/assets/source/western/revision2/qa/lion/upright/candidate-front.png'
Time: 00:00.03 (Saving: 00:00.01)

Saved: '/Users/chikumatsuboi/Code/animal-racers-western/assets/source/western/revision2/qa/lion/upright/candidate-side.png'
Time: 00:00.04 (Saving: 00:00.01)

Saved: '/Users/chikumatsuboi/Code/animal-racers-western/assets/source/western/revision2/qa/lion/upright/candidate-three-quarter.png'
Time: 00:00.03 (Saving: 00:00.01)

Saved: '/Users/chikumatsuboi/Code/animal-racers-western/assets/source/western/revision2/qa/lion/upright/candidate-face.png'
Time: 00:00.03 (Saving: 00:00.01)

REVISION2_PREVIEW lion upright candidate
Read blend: "/Users/chikumatsuboi/Code/animal-racers-western/assets/source/western/revision2/inputs/wolf.blend"
Saved: '/Users/chikumatsuboi/Code/animal-racers-western/assets/source/western/revision2/qa/wolf/race/control-front.png'
Time: 00:00.03 (Saving: 00:00.01)

Saved: '/Users/chikumatsuboi/Code/animal-racers-western/assets/source/western/revision2/qa/wolf/race/control-side.png'
Time: 00:00.03 (Saving: 00:00.01)

Saved: '/Users/chikumatsuboi/Code/animal-racers-western/assets/source/western/revision2/qa/wolf/race/control-three-quarter.png'
Time: 00:00.03 (Saving: 00:00.01)

Saved: '/Users/chikumatsuboi/Code/animal-racers-western/assets/source/western/revision2/qa/wolf/race/control-face.png'
Time: 00:00.03 (Saving: 00:00.01)

REVISION2_PREVIEW wolf race control
Read blend: "/Users/chikumatsuboi/Code/animal-racers-western/assets/source/western/revision2/candidate/wolf.blend"
Saved: '/Users/chikumatsuboi/Code/animal-racers-western/assets/source/western/revision2/qa/wolf/race/candidate-front.png'
Time: 00:00.03 (Saving: 00:00.01)

Saved: '/Users/chikumatsuboi/Code/animal-racers-western/assets/source/western/revision2/qa/wolf/race/candidate-side.png'
Time: 00:00.03 (Saving: 00:00.01)

Saved: '/Users/chikumatsuboi/Code/animal-racers-western/assets/source/western/revision2/qa/wolf/race/candidate-three-quarter.png'
Time: 00:00.03 (Saving: 00:00.01)

Saved: '/Users/chikumatsuboi/Code/animal-racers-western/assets/source/western/revision2/qa/wolf/race/candidate-face.png'
Time: 00:00.03 (Saving: 00:00.01)

REVISION2_PREVIEW wolf race candidate
Read blend: "/Users/chikumatsuboi/Code/animal-racers-western/assets/source/western/revision2/inputs/wolf-upright.blend"
Saved: '/Users/chikumatsuboi/Code/animal-racers-western/assets/source/western/revision2/qa/wolf/upright/control-front.png'
Time: 00:00.05 (Saving: 00:00.01)

Saved: '/Users/chikumatsuboi/Code/animal-racers-western/assets/source/western/revision2/qa/wolf/upright/control-side.png'
Time: 00:00.05 (Saving: 00:00.01)

Saved: '/Users/chikumatsuboi/Code/animal-racers-western/assets/source/western/revision2/qa/wolf/upright/control-three-quarter.png'
Time: 00:00.04 (Saving: 00:00.01)

Saved: '/Users/chikumatsuboi/Code/animal-racers-western/assets/source/western/revision2/qa/wolf/upright/control-face.png'
Time: 00:00.04 (Saving: 00:00.01)

REVISION2_PREVIEW wolf upright control
Read blend: "/Users/chikumatsuboi/Code/animal-racers-western/assets/source/western/revision2/candidate/wolf-upright.blend"
Saved: '/Users/chikumatsuboi/Code/animal-racers-western/assets/source/western/revision2/qa/wolf/upright/candidate-front.png'
Time: 00:00.04 (Saving: 00:00.01)

Saved: '/Users/chikumatsuboi/Code/animal-racers-western/assets/source/western/revision2/qa/wolf/upright/candidate-side.png'
Time: 00:00.03 (Saving: 00:00.01)

Saved: '/Users/chikumatsuboi/Code/animal-racers-western/assets/source/western/revision2/qa/wolf/upright/candidate-three-quarter.png'
Time: 00:00.03 (Saving: 00:00.01)

Saved: '/Users/chikumatsuboi/Code/animal-racers-western/assets/source/western/revision2/qa/wolf/upright/candidate-face.png'
Time: 00:00.03 (Saving: 00:00.01)

REVISION2_PREVIEW wolf upright candidate
Read blend: "/Users/chikumatsuboi/Code/animal-racers-western/assets/source/western/revision2/inputs/unicorn.blend"
Saved: '/Users/chikumatsuboi/Code/animal-racers-western/assets/source/western/revision2/qa/unicorn/race/control-front.png'
Time: 00:00.03 (Saving: 00:00.01)

Saved: '/Users/chikumatsuboi/Code/animal-racers-western/assets/source/western/revision2/qa/unicorn/race/control-side.png'
Time: 00:00.03 (Saving: 00:00.01)

Saved: '/Users/chikumatsuboi/Code/animal-racers-western/assets/source/western/revision2/qa/unicorn/race/control-three-quarter.png'
Time: 00:00.04 (Saving: 00:00.01)

Saved: '/Users/chikumatsuboi/Code/animal-racers-western/assets/source/western/revision2/qa/unicorn/race/control-face.png'
Time: 00:00.04 (Saving: 00:00.01)

REVISION2_PREVIEW unicorn race control
Read blend: "/Users/chikumatsuboi/Code/animal-racers-western/assets/source/western/revision2/candidate/unicorn.blend"
Saved: '/Users/chikumatsuboi/Code/animal-racers-western/assets/source/western/revision2/qa/unicorn/race/candidate-front.png'
Time: 00:00.04 (Saving: 00:00.01)

Saved: '/Users/chikumatsuboi/Code/animal-racers-western/assets/source/western/revision2/qa/unicorn/race/candidate-side.png'
Time: 00:00.03 (Saving: 00:00.01)

Saved: '/Users/chikumatsuboi/Code/animal-racers-western/assets/source/western/revision2/qa/unicorn/race/candidate-three-quarter.png'
Time: 00:00.03 (Saving: 00:00.01)

Saved: '/Users/chikumatsuboi/Code/animal-racers-western/assets/source/western/revision2/qa/unicorn/race/candidate-face.png'
Time: 00:00.03 (Saving: 00:00.01)

REVISION2_PREVIEW unicorn race candidate
Read blend: "/Users/chikumatsuboi/Code/animal-racers-western/assets/source/western/revision2/inputs/unicorn-upright.blend"
Saved: '/Users/chikumatsuboi/Code/animal-racers-western/assets/source/western/revision2/qa/unicorn/upright/control-front.png'
Time: 00:00.03 (Saving: 00:00.01)

Saved: '/Users/chikumatsuboi/Code/animal-racers-western/assets/source/western/revision2/qa/unicorn/upright/control-side.png'
Time: 00:00.04 (Saving: 00:00.01)

Saved: '/Users/chikumatsuboi/Code/animal-racers-western/assets/source/western/revision2/qa/unicorn/upright/control-three-quarter.png'
Time: 00:00.04 (Saving: 00:00.01)

Saved: '/Users/chikumatsuboi/Code/animal-racers-western/assets/source/western/revision2/qa/unicorn/upright/control-face.png'
Time: 00:00.04 (Saving: 00:00.01)

REVISION2_PREVIEW unicorn upright control
Read blend: "/Users/chikumatsuboi/Code/animal-racers-western/assets/source/western/revision2/candidate/unicorn-upright.blend"
Saved: '/Users/chikumatsuboi/Code/animal-racers-western/assets/source/western/revision2/qa/unicorn/upright/candidate-front.png'
Time: 00:00.04 (Saving: 00:00.01)

Saved: '/Users/chikumatsuboi/Code/animal-racers-western/assets/source/western/revision2/qa/unicorn/upright/candidate-side.png'
Time: 00:00.04 (Saving: 00:00.01)

Saved: '/Users/chikumatsuboi/Code/animal-racers-western/assets/source/western/revision2/qa/unicorn/upright/candidate-three-quarter.png'
Time: 00:00.04 (Saving: 00:00.01)

Saved: '/Users/chikumatsuboi/Code/animal-racers-western/assets/source/western/revision2/qa/unicorn/upright/candidate-face.png'
Time: 00:00.03 (Saving: 00:00.01)

REVISION2_PREVIEW unicorn upright candidate

Blender quit
