Info: Saved as "lion-upright.blend"
INFO Draco mesh compression is available, use library at /Users/chikumatsuboi/Applications/Blender-4.5.9.app/Contents/Resources/4.5/scripts/addons_core/io_scene_gltf2/libextern_draco.dylib
19:23:58 | INFO: Starting glTF 2.0 export
19:23:58 | INFO: Extracting primitive: Designed upright joint-loop topology
19:23:58 | WARNING: The active Vertex Color will not be exported, as it is not used in the node tree of the material
19:23:58 | INFO: Primitives created: 12
19:24:00 | INFO: Finished glTF 2.0 export in 1.3889663219451904 s

UPRIGHT_EXPORTED lion 1860108
Info: Saved as "wolf-upright.blend"
19:24:05 | INFO: Starting glTF 2.0 export
19:24:05 | INFO: Extracting primitive: Designed upright joint-loop topology
19:24:05 | WARNING: The active Vertex Color will not be exported, as it is not used in the node tree of the material
19:24:05 | INFO: Primitives created: 12
19:24:09 | INFO: Finished glTF 2.0 export in 3.56658673286438 s

UPRIGHT_EXPORTED wolf 1453500
Info: Saved as "unicorn-upright.blend"
19:24:15 | INFO: Starting glTF 2.0 export
19:24:15 | INFO: Extracting primitive: Designed upright joint-loop topology
19:24:15 | WARNING: The active Vertex Color will not be exported, as it is not used in the node tree of the material
19:24:15 | INFO: Primitives created: 19
19:24:19 | INFO: Finished glTF 2.0 export in 3.8106801509857178 s

UPRIGHT_EXPORTED unicorn 1372556
Blender 4.5.9 LTS (hash 8bf95cbd38d1 built 2026-04-21 01:30:46)
Read blend: "/Users/chikumatsuboi/Code/animal-racers-western/assets/source/western/upright-v1/inputs/lion.blend"
Read blend: "/Users/chikumatsuboi/Code/animal-racers-western/assets/source/western/upright-v1/inputs/wolf.blend"
Read blend: "/Users/chikumatsuboi/Code/animal-racers-western/assets/source/western/upright-v1/inputs/unicorn.blend"

Blender quit
