Blender 4.5.9 LTS (hash 8bf95cbd38d1 built 2026-04-21 01:30:46)
Read blend: "/Users/chikumatsuboi/Code/animal-racers-western/assets/source/western/mast-body-study/native-body-study.blend"
Fra:1 Mem:29.41M (Peak 35.03M) | Time:00:00.21 | Compositing
Saved: '/Users/chikumatsuboi/Code/animal-racers-western/assets/source/western/mast-body-study/qa/probe-frames/0000.png'
Time: 00:00.29 (Saving: 00:00.06)

Fra:1 Mem:28.49M (Peak 28.49M) | Time:00:00.05 | Compositing
Saved: '/Users/chikumatsuboi/Code/animal-racers-western/assets/source/western/mast-body-study/qa/probe-frames/0001.png'
Time: 00:00.11 (Saving: 00:00.04)

Fra:1 Mem:28.50M (Peak 28.50M) | Time:00:00.04 | Compositing
Saved: '/Users/chikumatsuboi/Code/animal-racers-western/assets/source/western/mast-body-study/qa/probe-frames/0002.png'
Time: 00:00.09 (Saving: 00:00.04)

Fra:1 Mem:28.50M (Peak 34.37M) | Time:00:00.05 | Compositing
Saved: '/Users/chikumatsuboi/Code/animal-racers-western/assets/source/western/mast-body-study/qa/probe-frames/0003.png'
Time: 00:00.10 (Saving: 00:00.04)

Fra:1 Mem:28.50M (Peak 28.50M) | Time:00:00.04 | Compositing
Saved: '/Users/chikumatsuboi/Code/animal-racers-western/assets/source/western/mast-body-study/qa/probe-frames/0004.png'
Time: 00:00.08 (Saving: 00:00.03)

Fra:1 Mem:28.50M (Peak 28.50M) | Time:00:00.04 | Compositing
Saved: '/Users/chikumatsuboi/Code/animal-racers-western/assets/source/western/mast-body-study/qa/probe-frames/0005.png'
Time: 00:00.09 (Saving: 00:00.03)

Fra:1 Mem:28.50M (Peak 28.50M) | Time:00:00.05 | Compositing
Saved: '/Users/chikumatsuboi/Code/animal-racers-western/assets/source/western/mast-body-study/qa/probe-frames/0006.png'
Time: 00:00.12 (Saving: 00:00.04)

Fra:1 Mem:28.50M (Peak 34.37M) | Time:00:00.07 | Compositing
Saved: '/Users/chikumatsuboi/Code/animal-racers-western/assets/source/western/mast-body-study/qa/probe-frames/0007.png'
Time: 00:00.15 (Saving: 00:00.05)

Fra:1 Mem:28.50M (Peak 28.50M) | Time:00:00.07 | Compositing
Saved: '/Users/chikumatsuboi/Code/animal-racers-western/assets/source/western/mast-body-study/qa/probe-frames/0008.png'
Time: 00:00.15 (Saving: 00:00.06)

Fra:1 Mem:28.50M (Peak 28.50M) | Time:00:00.05 | Compositing
Saved: '/Users/chikumatsuboi/Code/animal-racers-western/assets/source/western/mast-body-study/qa/probe-frames/0009.png'
Time: 00:00.11 (Saving: 00:00.04)

Fra:1 Mem:28.50M (Peak 28.50M) | Time:00:00.05 | Compositing
Saved: '/Users/chikumatsuboi/Code/animal-racers-western/assets/source/western/mast-body-study/qa/probe-frames/0010.png'
Time: 00:00.12 (Saving: 00:00.05)

Fra:1 Mem:28.50M (Peak 28.50M) | Time:00:00.06 | Compositing
Saved: '/Users/chikumatsuboi/Code/animal-racers-western/assets/source/western/mast-body-study/qa/probe-frames/0011.png'
Time: 00:00.13 (Saving: 00:00.04)

Fra:1 Mem:28.50M (Peak 34.37M) | Time:00:00.05 | Compositing
Saved: '/Users/chikumatsuboi/Code/animal-racers-western/assets/source/western/mast-body-study/qa/probe-frames/0012.png'
Time: 00:00.11 (Saving: 00:00.04)

Fra:1 Mem:28.50M (Peak 28.50M) | Time:00:00.06 | Compositing
Saved: '/Users/chikumatsuboi/Code/animal-racers-western/assets/source/western/mast-body-study/qa/probe-frames/0013.png'
Time: 00:00.13 (Saving: 00:00.05)

Fra:1 Mem:28.50M (Peak 34.37M) | Time:00:00.05 | Compositing
Saved: '/Users/chikumatsuboi/Code/animal-racers-western/assets/source/western/mast-body-study/qa/probe-frames/0014.png'
Time: 00:00.13 (Saving: 00:00.05)

Fra:1 Mem:28.50M (Peak 28.50M) | Time:00:00.05 | Compositing
Saved: '/Users/chikumatsuboi/Code/animal-racers-western/assets/source/western/mast-body-study/qa/probe-frames/0015.png'
Time: 00:00.14 (Saving: 00:00.05)

Fra:1 Mem:28.50M (Peak 34.37M) | Time:00:00.05 | Compositing
Saved: '/Users/chikumatsuboi/Code/animal-racers-western/assets/source/western/mast-body-study/qa/probe-frames/0016.png'
Time: 00:00.14 (Saving: 00:00.05)

Fra:1 Mem:28.50M (Peak 28.50M) | Time:00:00.05 | Compositing
Saved: '/Users/chikumatsuboi/Code/animal-racers-western/assets/source/western/mast-body-study/qa/probe-frames/0017.png'
Time: 00:00.10 (Saving: 00:00.03)

Fra:1 Mem:28.50M (Peak 28.50M) | Time:00:00.04 | Compositing
Saved: '/Users/chikumatsuboi/Code/animal-racers-western/assets/source/western/mast-body-study/qa/probe-frames/0018.png'
Time: 00:00.09 (Saving: 00:00.03)

Fra:1 Mem:28.50M (Peak 28.50M) | Time:00:00.06 | Compositing
Saved: '/Users/chikumatsuboi/Code/animal-racers-western/assets/source/western/mast-body-study/qa/probe-frames/0019.png'
Time: 00:00.14 (Saving: 00:00.04)

Fra:1 Mem:28.50M (Peak 28.50M) | Time:00:00.06 | Compositing
Saved: '/Users/chikumatsuboi/Code/animal-racers-western/assets/source/western/mast-body-study/qa/probe-frames/0020.png'
Time: 00:00.11 (Saving: 00:00.04)

Fra:1 Mem:28.50M (Peak 28.50M) | Time:00:00.05 | Compositing
Saved: '/Users/chikumatsuboi/Code/animal-racers-western/assets/source/western/mast-body-study/qa/probe-frames/0021.png'
Time: 00:00.11 (Saving: 00:00.04)

Fra:1 Mem:28.50M (Peak 28.50M) | Time:00:00.03 | Compositing
Saved: '/Users/chikumatsuboi/Code/animal-racers-western/assets/source/western/mast-body-study/qa/probe-frames/0022.png'
Time: 00:00.08 (Saving: 00:00.04)

Fra:1 Mem:28.50M (Peak 28.50M) | Time:00:00.05 | Compositing
Saved: '/Users/chikumatsuboi/Code/animal-racers-western/assets/source/western/mast-body-study/qa/probe-frames/0023.png'
Time: 00:00.10 (Saving: 00:00.04)

Fra:1 Mem:28.50M (Peak 28.50M) | Time:00:00.04 | Compositing
Saved: '/Users/chikumatsuboi/Code/animal-racers-western/assets/source/western/mast-body-study/qa/probe-frames/0024.png'
Time: 00:00.09 (Saving: 00:00.04)

Fra:1 Mem:28.50M (Peak 28.50M) | Time:00:00.04 | Compositing
Saved: '/Users/chikumatsuboi/Code/animal-racers-western/assets/source/western/mast-body-study/qa/probe-frames/0025.png'
Time: 00:00.09 (Saving: 00:00.04)

Fra:1 Mem:28.50M (Peak 28.50M) | Time:00:00.03 | Compositing
Saved: '/Users/chikumatsuboi/Code/animal-racers-western/assets/source/western/mast-body-study/qa/probe-frames/0026.png'
Time: 00:00.08 (Saving: 00:00.03)

Fra:1 Mem:28.50M (Peak 34.37M) | Time:00:00.04 | Compositing
Saved: '/Users/chikumatsuboi/Code/animal-racers-western/assets/source/western/mast-body-study/qa/probe-frames/0027.png'
Time: 00:00.08 (Saving: 00:00.03)

Fra:1 Mem:28.50M (Peak 28.50M) | Time:00:00.04 | Compositing
Saved: '/Users/chikumatsuboi/Code/animal-racers-western/assets/source/western/mast-body-study/qa/probe-frames/0028.png'
Time: 00:00.12 (Saving: 00:00.05)

Fra:1 Mem:28.50M (Peak 28.50M) | Time:00:00.05 | Compositing
Saved: '/Users/chikumatsuboi/Code/animal-racers-western/assets/source/western/mast-body-study/qa/probe-frames/0029.png'
Time: 00:00.10 (Saving: 00:00.03)

Fra:1 Mem:28.50M (Peak 28.50M) | Time:00:00.05 | Compositing
Saved: '/Users/chikumatsuboi/Code/animal-racers-western/assets/source/western/mast-body-study/qa/probe-frames/0030.png'
Time: 00:00.09 (Saving: 00:00.03)

Fra:1 Mem:28.50M (Peak 28.50M) | Time:00:00.05 | Compositing
Saved: '/Users/chikumatsuboi/Code/animal-racers-western/assets/source/western/mast-body-study/qa/probe-frames/0031.png'
Time: 00:00.10 (Saving: 00:00.03)

Fra:1 Mem:28.50M (Peak 28.50M) | Time:00:00.04 | Compositing
Saved: '/Users/chikumatsuboi/Code/animal-racers-western/assets/source/western/mast-body-study/qa/probe-frames/0032.png'
Time: 00:00.09 (Saving: 00:00.03)

Fra:1 Mem:28.50M (Peak 28.50M) | Time:00:00.03 | Compositing
Saved: '/Users/chikumatsuboi/Code/animal-racers-western/assets/source/western/mast-body-study/qa/probe-frames/0033.png'
Time: 00:00.08 (Saving: 00:00.03)

Fra:1 Mem:28.50M (Peak 28.50M) | Time:00:00.04 | Compositing
Saved: '/Users/chikumatsuboi/Code/animal-racers-western/assets/source/western/mast-body-study/qa/probe-frames/0034.png'
Time: 00:00.09 (Saving: 00:00.03)

Fra:1 Mem:28.50M (Peak 28.50M) | Time:00:00.05 | Compositing
Saved: '/Users/chikumatsuboi/Code/animal-racers-western/assets/source/western/mast-body-study/qa/probe-frames/0035.png'
Time: 00:00.09 (Saving: 00:00.03)

Fra:1 Mem:28.50M (Peak 28.50M) | Time:00:00.04 | Compositing
Saved: '/Users/chikumatsuboi/Code/animal-racers-western/assets/source/western/mast-body-study/qa/probe-frames/0036.png'
Time: 00:00.10 (Saving: 00:00.04)

Info: Saved as "native-body-study.blend"
MAST_NATIVE_FULL_PROBE_DONE

Blender quit
