Blender 4.5.9 LTS (hash 8bf95cbd38d1 built 2026-04-21 01:30:46)
Read blend: "/Users/chikumatsuboi/Code/animal-racers-western/assets/source/western/mast-head-study/candidate/lion-race.blend"
Saved: '/Users/chikumatsuboi/Code/animal-racers-western/assets/source/western/mast-head-study/qa/race-probe-frames/0000.png'
Time: 00:00.69 (Saving: 00:00.21)

Saved: '/Users/chikumatsuboi/Code/animal-racers-western/assets/source/western/mast-head-study/qa/race-probe-frames/0001.png'
Time: 00:00.18 (Saving: 00:00.04)

Saved: '/Users/chikumatsuboi/Code/animal-racers-western/assets/source/western/mast-head-study/qa/race-probe-frames/0002.png'
Time: 00:00.15 (Saving: 00:00.06)

Saved: '/Users/chikumatsuboi/Code/animal-racers-western/assets/source/western/mast-head-study/qa/race-probe-frames/0003.png'
Time: 00:00.14 (Saving: 00:00.04)

Saved: '/Users/chikumatsuboi/Code/animal-racers-western/assets/source/western/mast-head-study/qa/race-probe-frames/0004.png'
Time: 00:00.24 (Saving: 00:00.16)

Saved: '/Users/chikumatsuboi/Code/animal-racers-western/assets/source/western/mast-head-study/qa/race-probe-frames/0005.png'
Time: 00:00.31 (Saving: 00:00.20)

Saved: '/Users/chikumatsuboi/Code/animal-racers-western/assets/source/western/mast-head-study/qa/race-probe-frames/0006.png'
Time: 00:00.21 (Saving: 00:00.07)

Saved: '/Users/chikumatsuboi/Code/animal-racers-western/assets/source/western/mast-head-study/qa/race-probe-frames/0007.png'
Time: 00:00.17 (Saving: 00:00.06)

Saved: '/Users/chikumatsuboi/Code/animal-racers-western/assets/source/western/mast-head-study/qa/race-probe-frames/0008.png'
Time: 00:00.15 (Saving: 00:00.06)

Saved: '/Users/chikumatsuboi/Code/animal-racers-western/assets/source/western/mast-head-study/qa/race-probe-frames/0009.png'
Time: 00:00.19 (Saving: 00:00.08)

Saved: '/Users/chikumatsuboi/Code/animal-racers-western/assets/source/western/mast-head-study/qa/race-probe-frames/0010.png'
Time: 00:00.13 (Saving: 00:00.04)

Saved: '/Users/chikumatsuboi/Code/animal-racers-western/assets/source/western/mast-head-study/qa/race-probe-frames/0011.png'
Time: 00:00.14 (Saving: 00:00.05)

Saved: '/Users/chikumatsuboi/Code/animal-racers-western/assets/source/western/mast-head-study/qa/race-probe-frames/0012.png'
Time: 00:00.14 (Saving: 00:00.06)

Saved: '/Users/chikumatsuboi/Code/animal-racers-western/assets/source/western/mast-head-study/qa/race-probe-frames/0013.png'
Time: 00:00.12 (Saving: 00:00.04)

Saved: '/Users/chikumatsuboi/Code/animal-racers-western/assets/source/western/mast-head-study/qa/race-probe-frames/0014.png'
Time: 00:00.14 (Saving: 00:00.05)

Saved: '/Users/chikumatsuboi/Code/animal-racers-western/assets/source/western/mast-head-study/qa/race-probe-frames/0015.png'
Time: 00:00.16 (Saving: 00:00.08)

Saved: '/Users/chikumatsuboi/Code/animal-racers-western/assets/source/western/mast-head-study/qa/race-probe-frames/0016.png'
Time: 00:00.16 (Saving: 00:00.08)

Saved: '/Users/chikumatsuboi/Code/animal-racers-western/assets/source/western/mast-head-study/qa/race-probe-frames/0017.png'
Time: 00:00.25 (Saving: 00:00.17)

Saved: '/Users/chikumatsuboi/Code/animal-racers-western/assets/source/western/mast-head-study/qa/race-probe-frames/0018.png'
Time: 00:00.16 (Saving: 00:00.08)

Saved: '/Users/chikumatsuboi/Code/animal-racers-western/assets/source/western/mast-head-study/qa/race-probe-frames/0019.png'
Time: 00:00.16 (Saving: 00:00.06)

Saved: '/Users/chikumatsuboi/Code/animal-racers-western/assets/source/western/mast-head-study/qa/race-probe-frames/0020.png'
Time: 00:00.15 (Saving: 00:00.07)

Saved: '/Users/chikumatsuboi/Code/animal-racers-western/assets/source/western/mast-head-study/qa/race-probe-frames/0021.png'
Time: 00:00.14 (Saving: 00:00.06)

Saved: '/Users/chikumatsuboi/Code/animal-racers-western/assets/source/western/mast-head-study/qa/race-probe-frames/0022.png'
Time: 00:00.15 (Saving: 00:00.06)

Saved: '/Users/chikumatsuboi/Code/animal-racers-western/assets/source/western/mast-head-study/qa/race-probe-frames/0023.png'
Time: 00:00.14 (Saving: 00:00.05)

Saved: '/Users/chikumatsuboi/Code/animal-racers-western/assets/source/western/mast-head-study/qa/race-probe-frames/0024.png'
Time: 00:00.29 (Saving: 00:00.22)

Saved: '/Users/chikumatsuboi/Code/animal-racers-western/assets/source/western/mast-head-study/qa/race-probe-frames/0025.png'
Time: 00:00.23 (Saving: 00:00.13)

Saved: '/Users/chikumatsuboi/Code/animal-racers-western/assets/source/western/mast-head-study/qa/race-probe-frames/0026.png'
Time: 00:00.12 (Saving: 00:00.04)

Saved: '/Users/chikumatsuboi/Code/animal-racers-western/assets/source/western/mast-head-study/qa/race-probe-frames/0027.png'
Time: 00:00.17 (Saving: 00:00.08)

Saved: '/Users/chikumatsuboi/Code/animal-racers-western/assets/source/western/mast-head-study/qa/race-probe-frames/0028.png'
Time: 00:00.14 (Saving: 00:00.05)

Saved: '/Users/chikumatsuboi/Code/animal-racers-western/assets/source/western/mast-head-study/qa/race-probe-frames/0029.png'
Time: 00:00.15 (Saving: 00:00.06)

Saved: '/Users/chikumatsuboi/Code/animal-racers-western/assets/source/western/mast-head-study/qa/race-probe-frames/0030.png'
Time: 00:00.14 (Saving: 00:00.04)

Read blend: "/Users/chikumatsuboi/Code/animal-racers-western/assets/source/western/mast-head-study/candidate/lion-upright.blend"
Saved: '/Users/chikumatsuboi/Code/animal-racers-western/assets/source/western/mast-head-study/qa/upright-probe-frames/0000.png'
Time: 00:00.14 (Saving: 00:00.04)

Saved: '/Users/chikumatsuboi/Code/animal-racers-western/assets/source/western/mast-head-study/qa/upright-probe-frames/0001.png'
Time: 00:00.16 (Saving: 00:00.06)

Saved: '/Users/chikumatsuboi/Code/animal-racers-western/assets/source/western/mast-head-study/qa/upright-probe-frames/0002.png'
Time: 00:00.21 (Saving: 00:00.13)

Saved: '/Users/chikumatsuboi/Code/animal-racers-western/assets/source/western/mast-head-study/qa/upright-probe-frames/0003.png'
Time: 00:00.16 (Saving: 00:00.08)

Saved: '/Users/chikumatsuboi/Code/animal-racers-western/assets/source/western/mast-head-study/qa/upright-probe-frames/0004.png'
Time: 00:00.31 (Saving: 00:00.19)

Saved: '/Users/chikumatsuboi/Code/animal-racers-western/assets/source/western/mast-head-study/qa/upright-probe-frames/0005.png'
Time: 00:00.14 (Saving: 00:00.04)

Saved: '/Users/chikumatsuboi/Code/animal-racers-western/assets/source/western/mast-head-study/qa/upright-probe-frames/0006.png'
Time: 00:00.22 (Saving: 00:00.14)

Saved: '/Users/chikumatsuboi/Code/animal-racers-western/assets/source/western/mast-head-study/qa/upright-probe-frames/0007.png'
Time: 00:00.17 (Saving: 00:00.07)

Saved: '/Users/chikumatsuboi/Code/animal-racers-western/assets/source/western/mast-head-study/qa/upright-probe-frames/0008.png'
Time: 00:00.19 (Saving: 00:00.10)

Saved: '/Users/chikumatsuboi/Code/animal-racers-western/assets/source/western/mast-head-study/qa/upright-probe-frames/0009.png'
Time: 00:00.16 (Saving: 00:00.07)

Saved: '/Users/chikumatsuboi/Code/animal-racers-western/assets/source/western/mast-head-study/qa/upright-probe-frames/0010.png'
Time: 00:00.17 (Saving: 00:00.08)

Saved: '/Users/chikumatsuboi/Code/animal-racers-western/assets/source/western/mast-head-study/qa/upright-probe-frames/0011.png'
Time: 00:00.13 (Saving: 00:00.05)

Saved: '/Users/chikumatsuboi/Code/animal-racers-western/assets/source/western/mast-head-study/qa/upright-probe-frames/0012.png'
Time: 00:00.15 (Saving: 00:00.06)

Saved: '/Users/chikumatsuboi/Code/animal-racers-western/assets/source/western/mast-head-study/qa/upright-probe-frames/0013.png'
Time: 00:00.20 (Saving: 00:00.13)

Saved: '/Users/chikumatsuboi/Code/animal-racers-western/assets/source/western/mast-head-study/qa/upright-probe-frames/0014.png'
Time: 00:00.19 (Saving: 00:00.10)

Saved: '/Users/chikumatsuboi/Code/animal-racers-western/assets/source/western/mast-head-study/qa/upright-probe-frames/0015.png'
Time: 00:00.12 (Saving: 00:00.04)

Saved: '/Users/chikumatsuboi/Code/animal-racers-western/assets/source/western/mast-head-study/qa/upright-probe-frames/0016.png'
Time: 00:00.25 (Saving: 00:00.16)

Saved: '/Users/chikumatsuboi/Code/animal-racers-western/assets/source/western/mast-head-study/qa/upright-probe-frames/0017.png'
Time: 00:00.19 (Saving: 00:00.10)

Saved: '/Users/chikumatsuboi/Code/animal-racers-western/assets/source/western/mast-head-study/qa/upright-probe-frames/0018.png'
Time: 00:00.34 (Saving: 00:00.22)

Saved: '/Users/chikumatsuboi/Code/animal-racers-western/assets/source/western/mast-head-study/qa/upright-probe-frames/0019.png'
Time: 00:00.14 (Saving: 00:00.04)

Saved: '/Users/chikumatsuboi/Code/animal-racers-western/assets/source/western/mast-head-study/qa/upright-probe-frames/0020.png'
Time: 00:00.25 (Saving: 00:00.04)

Saved: '/Users/chikumatsuboi/Code/animal-racers-western/assets/source/western/mast-head-study/qa/upright-probe-frames/0021.png'
Time: 00:00.18 (Saving: 00:00.05)

Saved: '/Users/chikumatsuboi/Code/animal-racers-western/assets/source/western/mast-head-study/qa/upright-probe-frames/0022.png'
Time: 00:00.12 (Saving: 00:00.05)

Saved: '/Users/chikumatsuboi/Code/animal-racers-western/assets/source/western/mast-head-study/qa/upright-probe-frames/0023.png'
Time: 00:00.33 (Saving: 00:00.04)

Saved: '/Users/chikumatsuboi/Code/animal-racers-western/assets/source/western/mast-head-study/qa/upright-probe-frames/0024.png'
Time: 00:00.12 (Saving: 00:00.06)

Saved: '/Users/chikumatsuboi/Code/animal-racers-western/assets/source/western/mast-head-study/qa/upright-probe-frames/0025.png'
Time: 00:00.16 (Saving: 00:00.06)

Saved: '/Users/chikumatsuboi/Code/animal-racers-western/assets/source/western/mast-head-study/qa/upright-probe-frames/0026.png'
Time: 00:00.19 (Saving: 00:00.10)

Saved: '/Users/chikumatsuboi/Code/animal-racers-western/assets/source/western/mast-head-study/qa/upright-probe-frames/0027.png'
Time: 00:00.15 (Saving: 00:00.06)

Saved: '/Users/chikumatsuboi/Code/animal-racers-western/assets/source/western/mast-head-study/qa/upright-probe-frames/0028.png'
Time: 00:00.15 (Saving: 00:00.06)

Saved: '/Users/chikumatsuboi/Code/animal-racers-western/assets/source/western/mast-head-study/qa/upright-probe-frames/0029.png'
Time: 00:00.16 (Saving: 00:00.07)

Saved: '/Users/chikumatsuboi/Code/animal-racers-western/assets/source/western/mast-head-study/qa/upright-probe-frames/0030.png'
Time: 00:00.21 (Saving: 00:00.06)

Info: Saved as "lion-race.blend"
Info: Saved as "lion-upright.blend"
MAST_COMPLETE_FACIAL_PROBES_DONE

Blender quit
