Blender 4.5.9 LTS (hash 8bf95cbd38d1 built 2026-04-21 01:30:46)
Read blend: "/Users/chikumatsuboi/Code/animal-racers-western/assets/source/western/mast-head-study/inputs/lion-race.blend"
Saved: '/Users/chikumatsuboi/Code/animal-racers-western/assets/source/western/mast-head-study/qa/race-control-front.png'
Time: 00:00.95 (Saving: 00:00.27)

Saved: '/Users/chikumatsuboi/Code/animal-racers-western/assets/source/western/mast-head-study/qa/race-control-side.png'
Time: 00:00.20 (Saving: 00:00.11)

Saved: '/Users/chikumatsuboi/Code/animal-racers-western/assets/source/western/mast-head-study/qa/race-control-three-quarter.png'
Time: 00:00.17 (Saving: 00:00.09)

Saved: '/Users/chikumatsuboi/Code/animal-racers-western/assets/source/western/mast-head-study/qa/race-control-body.png'
Time: 00:00.14 (Saving: 00:00.07)

Read blend: "/Users/chikumatsuboi/Code/animal-racers-western/assets/source/western/mast-head-study/candidate/lion-race.blend"
Saved: '/Users/chikumatsuboi/Code/animal-racers-western/assets/source/western/mast-head-study/qa/race-candidate-front.png'
Time: 00:07.20 (Saving: 00:00.37)

Saved: '/Users/chikumatsuboi/Code/animal-racers-western/assets/source/western/mast-head-study/qa/race-candidate-side.png'
Time: 00:00.31 (Saving: 00:00.22)

Saved: '/Users/chikumatsuboi/Code/animal-racers-western/assets/source/western/mast-head-study/qa/race-candidate-three-quarter.png'
Time: 00:00.23 (Saving: 00:00.14)

Saved: '/Users/chikumatsuboi/Code/animal-racers-western/assets/source/western/mast-head-study/qa/race-candidate-body.png'
Time: 00:00.15 (Saving: 00:00.08)

Read blend: "/Users/chikumatsuboi/Code/animal-racers-western/assets/source/western/mast-head-study/inputs/lion-upright.blend"
Saved: '/Users/chikumatsuboi/Code/animal-racers-western/assets/source/western/mast-head-study/qa/upright-control-front.png'
Time: 00:00.28 (Saving: 00:00.19)

Saved: '/Users/chikumatsuboi/Code/animal-racers-western/assets/source/western/mast-head-study/qa/upright-control-side.png'
Time: 00:00.20 (Saving: 00:00.10)

Saved: '/Users/chikumatsuboi/Code/animal-racers-western/assets/source/western/mast-head-study/qa/upright-control-three-quarter.png'
Time: 00:00.44 (Saving: 00:00.10)

Saved: '/Users/chikumatsuboi/Code/animal-racers-western/assets/source/western/mast-head-study/qa/upright-control-body.png'
Time: 00:01.05 (Saving: 00:00.95)

Read blend: "/Users/chikumatsuboi/Code/animal-racers-western/assets/source/western/mast-head-study/candidate/lion-upright.blend"
Saved: '/Users/chikumatsuboi/Code/animal-racers-western/assets/source/western/mast-head-study/qa/upright-candidate-front.png'
Time: 00:00.16 (Saving: 00:00.06)

Saved: '/Users/chikumatsuboi/Code/animal-racers-western/assets/source/western/mast-head-study/qa/upright-candidate-side.png'
Time: 00:00.29 (Saving: 00:00.23)

Saved: '/Users/chikumatsuboi/Code/animal-racers-western/assets/source/western/mast-head-study/qa/upright-candidate-three-quarter.png'
Time: 00:00.25 (Saving: 00:00.16)

Saved: '/Users/chikumatsuboi/Code/animal-racers-western/assets/source/western/mast-head-study/qa/upright-candidate-body.png'
Time: 00:00.22 (Saving: 00:00.14)

MAST_MATCHED_VIEWS_DONE

Blender quit
