find_node_operation: Failed for (BONE_DONE, '')
Blender 4.5.9 LTS (hash 8bf95cbd38d1 built 2026-04-21 01:30:46)
Read blend: "/Users/chikumatsuboi/Code/animal-racers-western/assets/source/western/mast-head-study/inputs/Mast.blend"
--------------------------------------------------------------------
Failed to add relation "Track To"
Could not find op_from: OperationKey(type: BONE, component name: 'Eye.Follow', operation code: BONE_DONE)

Trace:

Depth    Type                     Name
-----    ----                     ----
1        Object                   ArmatureMast
2        Pose Channel             Olho.R
3        Constraint               Track To

find_node_operation: Failed for (BONE_DONE, '')
--------------------------------------------------------------------
Failed to add relation "Track To"
Could not find op_from: OperationKey(type: BONE, component name: 'Eye.Follow', operation code: BONE_DONE)

Trace:

Depth    Type                     Name
-----    ----                     ----
1        Object                   ArmatureMast
2        Pose Channel             Olho.L
3        Constraint               Track To

Info: Saved as "extracted-head.blend"
MAST_HEAD_EXTRACTED
Info: Saved as "lion-race.blend"
Info: Saved as "lion-upright.blend"
MAST_BOTH_FORMS_FITTED
Read blend: "/Users/chikumatsuboi/Code/animal-racers-western/assets/source/western/mast-head-study/inputs/lion-race.blend"
Read blend: "/Users/chikumatsuboi/Code/animal-racers-western/assets/source/western/mast-head-study/inputs/lion-race.blend"
Read blend: "/Users/chikumatsuboi/Code/animal-racers-western/assets/source/western/mast-head-study/inputs/lion-upright.blend"

Blender quit
